Archive member included because of file (symbol)

c:/program files/atmel/studio/7.0/toolchain/arm/arm-gnu-toolchain/bin/../lib/gcc/arm-none-eabi/4.9.3/armv6-m\libgcc.a(_udivsi3.o)
                              src/ASF/sam0/drivers/system/clock/clock_samd21_r21_da/clock.o (__aeabi_uidiv)
c:/program files/atmel/studio/7.0/toolchain/arm/arm-gnu-toolchain/bin/../lib/gcc/arm-none-eabi/4.9.3/armv6-m\libgcc.a(_dvmd_tls.o)
                              c:/program files/atmel/studio/7.0/toolchain/arm/arm-gnu-toolchain/bin/../lib/gcc/arm-none-eabi/4.9.3/armv6-m\libgcc.a(_udivsi3.o) (__aeabi_idiv0)
c:/program files/atmel/studio/7.0/toolchain/arm/arm-gnu-toolchain/bin/../lib/gcc/arm-none-eabi/4.9.3/../../../../arm-none-eabi/lib/armv6-m\libc_nano.a(lib_a-exit.o)
                              c:/program files/atmel/studio/7.0/toolchain/arm/arm-gnu-toolchain/bin/../lib/gcc/arm-none-eabi/4.9.3/../../../../arm-none-eabi/lib/armv6-m/crt0.o (exit)
c:/program files/atmel/studio/7.0/toolchain/arm/arm-gnu-toolchain/bin/../lib/gcc/arm-none-eabi/4.9.3/../../../../arm-none-eabi/lib/armv6-m\libc_nano.a(lib_a-impure.o)
                              c:/program files/atmel/studio/7.0/toolchain/arm/arm-gnu-toolchain/bin/../lib/gcc/arm-none-eabi/4.9.3/../../../../arm-none-eabi/lib/armv6-m\libc_nano.a(lib_a-exit.o) (_global_impure_ptr)
c:/program files/atmel/studio/7.0/toolchain/arm/arm-gnu-toolchain/bin/../lib/gcc/arm-none-eabi/4.9.3/../../../../arm-none-eabi/lib/armv6-m\libc_nano.a(lib_a-init.o)
                              c:/program files/atmel/studio/7.0/toolchain/arm/arm-gnu-toolchain/bin/../lib/gcc/arm-none-eabi/4.9.3/../../../../arm-none-eabi/lib/armv6-m/crt0.o (__libc_init_array)
c:/program files/atmel/studio/7.0/toolchain/arm/arm-gnu-toolchain/bin/../lib/gcc/arm-none-eabi/4.9.3/../../../../arm-none-eabi/lib/armv6-m\libc_nano.a(lib_a-memset.o)
                              c:/program files/atmel/studio/7.0/toolchain/arm/arm-gnu-toolchain/bin/../lib/gcc/arm-none-eabi/4.9.3/../../../../arm-none-eabi/lib/armv6-m/crt0.o (memset)
c:/program files/atmel/studio/7.0/toolchain/arm/arm-gnu-toolchain/bin/../lib/gcc/arm-none-eabi/4.9.3/../../../../arm-none-eabi/lib/armv6-m\libc_nano.a(lib_a-printf.o)
                              src/ASF/sam0/utils/syscalls/gcc/syscalls.o (printf)
c:/program files/atmel/studio/7.0/toolchain/arm/arm-gnu-toolchain/bin/../lib/gcc/arm-none-eabi/4.9.3/../../../../arm-none-eabi/lib/armv6-m\libc_nano.a(lib_a-findfp.o)
                              c:/program files/atmel/studio/7.0/toolchain/arm/arm-gnu-toolchain/bin/../lib/gcc/arm-none-eabi/4.9.3/../../../../arm-none-eabi/lib/armv6-m\libc_nano.a(lib_a-printf.o) (__sinit)
c:/program files/atmel/studio/7.0/toolchain/arm/arm-gnu-toolchain/bin/../lib/gcc/arm-none-eabi/4.9.3/../../../../arm-none-eabi/lib/armv6-m\libc_nano.a(lib_a-fwalk.o)
                              c:/program files/atmel/studio/7.0/toolchain/arm/arm-gnu-toolchain/bin/../lib/gcc/arm-none-eabi/4.9.3/../../../../arm-none-eabi/lib/armv6-m\libc_nano.a(lib_a-findfp.o) (_fwalk)
c:/program files/atmel/studio/7.0/toolchain/arm/arm-gnu-toolchain/bin/../lib/gcc/arm-none-eabi/4.9.3/../../../../arm-none-eabi/lib/armv6-m\libc_nano.a(lib_a-nano-mallocr.o)
                              c:/program files/atmel/studio/7.0/toolchain/arm/arm-gnu-toolchain/bin/../lib/gcc/arm-none-eabi/4.9.3/../../../../arm-none-eabi/lib/armv6-m\libc_nano.a(lib_a-findfp.o) (_malloc_r)
c:/program files/atmel/studio/7.0/toolchain/arm/arm-gnu-toolchain/bin/../lib/gcc/arm-none-eabi/4.9.3/../../../../arm-none-eabi/lib/armv6-m\libc_nano.a(lib_a-nano-vfprintf.o)
                              c:/program files/atmel/studio/7.0/toolchain/arm/arm-gnu-toolchain/bin/../lib/gcc/arm-none-eabi/4.9.3/../../../../arm-none-eabi/lib/armv6-m\libc_nano.a(lib_a-printf.o) (_vfprintf_r)
c:/program files/atmel/studio/7.0/toolchain/arm/arm-gnu-toolchain/bin/../lib/gcc/arm-none-eabi/4.9.3/../../../../arm-none-eabi/lib/armv6-m\libc_nano.a(lib_a-nano-vfprintf_i.o)
                              c:/program files/atmel/studio/7.0/toolchain/arm/arm-gnu-toolchain/bin/../lib/gcc/arm-none-eabi/4.9.3/../../../../arm-none-eabi/lib/armv6-m\libc_nano.a(lib_a-nano-vfprintf.o) (_printf_i)
c:/program files/atmel/studio/7.0/toolchain/arm/arm-gnu-toolchain/bin/../lib/gcc/arm-none-eabi/4.9.3/../../../../arm-none-eabi/lib/armv6-m\libc_nano.a(lib_a-sbrkr.o)
                              c:/program files/atmel/studio/7.0/toolchain/arm/arm-gnu-toolchain/bin/../lib/gcc/arm-none-eabi/4.9.3/../../../../arm-none-eabi/lib/armv6-m\libc_nano.a(lib_a-nano-mallocr.o) (_sbrk_r)
c:/program files/atmel/studio/7.0/toolchain/arm/arm-gnu-toolchain/bin/../lib/gcc/arm-none-eabi/4.9.3/../../../../arm-none-eabi/lib/armv6-m\libc_nano.a(lib_a-stdio.o)
                              c:/program files/atmel/studio/7.0/toolchain/arm/arm-gnu-toolchain/bin/../lib/gcc/arm-none-eabi/4.9.3/../../../../arm-none-eabi/lib/armv6-m\libc_nano.a(lib_a-findfp.o) (__sread)
[...]
Memory Configuration

Name             Origin             Length             Attributes
rom              0x00000000         0x00040000         xr
ram              0x20000000         0x00008000         xrw
*default*        0x00000000         0xffffffff

Linker script and memory map

LOAD c:/program files/atmel/studio/7.0/toolchain/arm/arm-gnu-toolchain/bin/../lib/gcc/arm-none-eabi/4.9.3/armv6-m/crti.o
LOAD c:/program files/atmel/studio/7.0/toolchain/arm/arm-gnu-toolchain/bin/../lib/gcc/arm-none-eabi/4.9.3/armv6-m/crtbegin.o
LOAD c:/program files/atmel/studio/7.0/toolchain/arm/arm-gnu-toolchain/bin/../lib/gcc/arm-none-eabi/4.9.3/../../../../arm-none-eabi/lib/armv6-m/crt0.o
LOAD src/ASF/common/utils/interrupt/interrupt_sam_nvic.o
LOAD src/ASF/sam0/boards/samr21_xplained_pro/board_init.o
LOAD src/ASF/sam0/drivers/port/port.o
LOAD src/ASF/sam0/drivers/system/clock/clock_samd21_r21_da/clock.o
LOAD src/ASF/sam0/drivers/system/clock/clock_samd21_r21_da/gclk.o
LOAD src/ASF/sam0/drivers/system/interrupt/system_interrupt.o
LOAD src/ASF/sam0/drivers/system/pinmux/pinmux.o
LOAD src/ASF/sam0/drivers/system/system.o
LOAD src/ASF/sam0/utils/cmsis/samr21/source/gcc/startup_samr21.o
LOAD src/ASF/sam0/utils/cmsis/samr21/source/system_samr21.o
LOAD src/ASF/sam0/utils/syscalls/gcc/syscalls.o
LOAD src/config/led-driver.o
LOAD src/led_toggle.o
START GROUP
LOAD ../src/ASF/thirdparty/CMSIS/Lib/GCC\libarm_cortexM0l_math.a
LOAD c:/program files/atmel/studio/7.0/toolchain/arm/arm-gnu-toolchain/bin/../lib/gcc/arm-none-eabi/4.9.3/../../../../arm-none-eabi/lib/armv6-m\libm.a
END GROUP
START GROUP
LOAD c:/program files/atmel/studio/7.0/toolchain/arm/arm-gnu-toolchain/bin/../lib/gcc/arm-none-eabi/4.9.3/armv6-m\libgcc.a
LOAD c:/program files/atmel/studio/7.0/toolchain/arm/arm-gnu-toolchain/bin/../lib/gcc/arm-none-eabi/4.9.3/../../../../arm-none-eabi/lib/armv6-m\libc_nano.a
END GROUP
START GROUP
LOAD c:/program files/atmel/studio/7.0/toolchain/arm/arm-gnu-toolchain/bin/../lib/gcc/arm-none-eabi/4.9.3/armv6-m\libgcc.a
LOAD c:/program files/atmel/studio/7.0/toolchain/arm/arm-gnu-toolchain/bin/../lib/gcc/arm-none-eabi/4.9.3/../../../../arm-none-eabi/lib/armv6-m\libc_nano.a
END GROUP
LOAD c:/program files/atmel/studio/7.0/toolchain/arm/arm-gnu-toolchain/bin/../lib/gcc/arm-none-eabi/4.9.3/armv6-m/crtend.o
LOAD c:/program files/atmel/studio/7.0/toolchain/arm/arm-gnu-toolchain/bin/../lib/gcc/arm-none-eabi/4.9.3/armv6-m/crtn.o
                0x00002000                STACK_SIZE = DEFINED (STACK_SIZE)?STACK_SIZE:DEFINED (__stack_size__)?__stack_size__:0x2000

.text           0x00000000      0x814
                0x00000000                . = ALIGN (0x4)
                0x00000000                _sfixed = .
 *(.vectors .vectors.*)
 .vectors       0x00000000       0xb4 src/ASF/sam0/utils/cmsis/samr21/source/gcc/startup_samr21.o
                0x00000000                exception_table
 *(.text .text.* .gnu.linkonce.t.*)
 .text          0x000000b4       0x60 c:/program files/atmel/studio/7.0/toolchain/arm/arm-gnu-toolchain/bin/../lib/gcc/arm-none-eabi/4.9.3/armv6-m/crtbegin.o
 .text.cpu_irq_enter_critical
                0x00000114       0x40 src/ASF/common/utils/interrupt/interrupt_sam_nvic.o
                0x00000114                cpu_irq_enter_critical
 .text.cpu_irq_leave_critical
                0x00000154       0x30 src/ASF/common/utils/interrupt/interrupt_sam_nvic.o
                0x00000154                cpu_irq_leave_critical
 .text.system_board_init
                0x00000184       0x38 src/ASF/sam0/boards/samr21_xplained_pro/board_init.o
                0x00000184                board_init
                0x00000184                system_board_init
 .text.port_pin_set_config
                0x000001bc       0x24 src/ASF/sam0/drivers/port/port.o
                0x000001bc                port_pin_set_config
 .text.system_clock_source_osc8m_set_config
                0x000001e0       0x3c src/ASF/sam0/drivers/system/clock/clock_samd21_r21_da/clock.o
                0x000001e0                system_clock_source_osc8m_set_config
 .text.system_clock_source_enable
                0x0000021c       0xa8 src/ASF/sam0/drivers/system/clock/clock_samd21_r21_da/clock.o
                0x0000021c                system_clock_source_enable
 .text.system_clock_init
                0x000002c4       0x98 src/ASF/sam0/drivers/system/clock/clock_samd21_r21_da/clock.o
                0x000002c4                system_clock_init
 .text.system_gclk_init
                0x0000035c       0x24 src/ASF/sam0/drivers/system/clock/clock_samd21_r21_da/gclk.o
                0x0000035c                system_gclk_init
 .text.system_gclk_gen_set_config
                0x00000380       0xb8 src/ASF/sam0/drivers/system/clock/clock_samd21_r21_da/gclk.o
                0x00000380                system_gclk_gen_set_config
 .text.system_gclk_gen_enable
                0x00000438       0x44 src/ASF/sam0/drivers/system/clock/clock_samd21_r21_da/gclk.o
                0x00000438                system_gclk_gen_enable
 .text.system_gclk_chan_disable
                0x0000047c       0x5c src/ASF/sam0/drivers/system/clock/clock_samd21_r21_da/gclk.o
                0x0000047c                system_gclk_chan_disable
 .text.system_gclk_chan_set_config
                0x000004d8       0x1c src/ASF/sam0/drivers/system/clock/clock_samd21_r21_da/gclk.o
                0x000004d8                system_gclk_chan_set_config
 .text._system_pinmux_config
                0x000004f4       0xa8 src/ASF/sam0/drivers/system/pinmux/pinmux.o
 .text.system_pinmux_pin_set_config
                0x0000059c       0x30 src/ASF/sam0/drivers/system/pinmux/pinmux.o
                0x0000059c                system_pinmux_pin_set_config
 .text._system_dummy_init
                0x000005cc        0x4 src/ASF/sam0/drivers/system/system.o
                0x000005cc                _system_extint_init
                0x000005cc                _system_events_init
                0x000005cc                _system_dummy_init
                0x000005cc                _system_divas_init
 .text.system_init
                0x000005d0       0x2c src/ASF/sam0/drivers/system/system.o
                0x000005d0                system_init
 .text.Dummy_Handler
                0x000005fc        0x4 src/ASF/sam0/utils/cmsis/samr21/source/gcc/startup_samr21.o
                0x000005fc                DMAC_Handler
                0x000005fc                HardFault_Handler
                0x000005fc                AC_Handler
                0x000005fc                PendSV_Handler
                0x000005fc                NMI_Handler
                0x000005fc                SERCOM1_Handler
                0x000005fc                ADC_Handler
                0x000005fc                TCC1_Handler
                0x000005fc                SERCOM2_Handler
                0x000005fc                TCC0_Handler
                0x000005fc                RTC_Handler
                0x000005fc                EIC_Handler
                0x000005fc                WDT_Handler
                0x000005fc                TC4_Handler
                0x000005fc                USB_Handler
                0x000005fc                TC3_Handler
                0x000005fc                Dummy_Handler
                0x000005fc                PM_Handler
                0x000005fc                SERCOM5_Handler
                0x000005fc                SVC_Handler
                0x000005fc                TCC2_Handler
                0x000005fc                EVSYS_Handler
                0x000005fc                SERCOM3_Handler
                0x000005fc                SERCOM4_Handler
                0x000005fc                NVMCTRL_Handler
                0x000005fc                SERCOM0_Handler
                0x000005fc                PTC_Handler
                0x000005fc                TC5_Handler
                0x000005fc                SYSCTRL_Handler
 .text.Reset_Handler
                0x00000600       0xf8 src/ASF/sam0/utils/cmsis/samr21/source/gcc/startup_samr21.o
                0x00000600                Reset_Handler
 .text.led_config
                0x000006f8       0x2c src/config/led-driver.o
                0x000006f8                led_config
 .text.led_on   0x00000724       0x2c src/config/led-driver.o
                0x00000724                led_on
 .text.SysTick_Handler
                0x00000750       0x10 src/led_toggle.o
                0x00000750                SysTick_Handler
 .text.main     0x00000760       0x24 src/led_toggle.o
                0x00000760                main
 .text.__libc_init_array
                0x00000784       0x4c c:/program files/atmel/studio/7.0/toolchain/arm/arm-gnu-toolchain/bin/../lib/gcc/arm-none-eabi/4.9.3/../../../../arm-none-eabi/lib/armv6-m\libc_nano.a(lib_a-init.o)
                0x00000784                __libc_init_array
 *(.glue_7t)
 .glue_7t       0x00000000        0x0 linker stubs
 *(.glue_7)
 .glue_7        0x00000000        0x0 linker stubs
 *(.rodata .rodata* .gnu.linkonce.r.*)
 .rodata.system_clock_source_enable
                0x000007d0       0x24 src/ASF/sam0/drivers/system/clock/clock_samd21_r21_da/clock.o
 *(.ARM.extab* .gnu.linkonce.armextab.*)
                0x000007f4                . = ALIGN (0x4)
 *(.init)
 .init          0x000007f4        0x4 c:/program files/atmel/studio/7.0/toolchain/arm/arm-gnu-toolchain/bin/../lib/gcc/arm-none-eabi/4.9.3/armv6-m/crti.o
                0x000007f4                _init
 .init          0x000007f8        0x8 c:/program files/atmel/studio/7.0/toolchain/arm/arm-gnu-toolchain/bin/../lib/gcc/arm-none-eabi/4.9.3/armv6-m/crtn.o
                0x00000800                . = ALIGN (0x4)
                0x00000800                __preinit_array_start = .
 *(.preinit_array)
                0x00000800                __preinit_array_end = .
                0x00000800                . = ALIGN (0x4)
                0x00000800                __init_array_start = .
 *(SORT(.init_array.*))
 *(.init_array)
 .init_array    0x00000800        0x4 c:/program files/atmel/studio/7.0/toolchain/arm/arm-gnu-toolchain/bin/../lib/gcc/arm-none-eabi/4.9.3/armv6-m/crtbegin.o
                0x00000804                __init_array_end = .
                0x00000804                . = ALIGN (0x4)
 *crtbegin.o(.ctors)
 *(EXCLUDE_FILE(*crtend.o) .ctors)
 *(SORT(.ctors.*))
 *crtend.o(.ctors)
                0x00000804                . = ALIGN (0x4)
 *(.fini)
 .fini          0x00000804        0x4 c:/program files/atmel/studio/7.0/toolchain/arm/arm-gnu-toolchain/bin/../lib/gcc/arm-none-eabi/4.9.3/armv6-m/crti.o
                0x00000804                _fini
 .fini          0x00000808        0x8 c:/program files/atmel/studio/7.0/toolchain/arm/arm-gnu-toolchain/bin/../lib/gcc/arm-none-eabi/4.9.3/armv6-m/crtn.o
                0x00000810                . = ALIGN (0x4)
                0x00000810                __fini_array_start = .
 *(.fini_array)
 .fini_array    0x00000810        0x4 c:/program files/atmel/studio/7.0/toolchain/arm/arm-gnu-toolchain/bin/../lib/gcc/arm-none-eabi/4.9.3/armv6-m/crtbegin.o
 *(SORT(.fini_array.*))
                0x00000814                __fini_array_end = .
 *crtbegin.o(.dtors)
 *(EXCLUDE_FILE(*crtend.o) .dtors)
 *(SORT(.dtors.*))
 *crtend.o(.dtors)
                0x00000814                . = ALIGN (0x4)
                0x00000814                _efixed = .
                0x00000814                PROVIDE (__exidx_start, .)

.vfp11_veneer   0x00000814        0x0
 .vfp11_veneer  0x00000000        0x0 linker stubs

.v4_bx          0x00000814        0x0
 .v4_bx         0x00000000        0x0 linker stubs

.iplt           0x00000814        0x0
 .iplt          0x00000000        0x0 c:/program files/atmel/studio/7.0/toolchain/arm/arm-gnu-toolchain/bin/../lib/gcc/arm-none-eabi/4.9.3/armv6-m/crtbegin.o

.eh_frame       0x00000814        0x0
 .eh_frame      0x00000814        0x0 c:/program files/atmel/studio/7.0/toolchain/arm/arm-gnu-toolchain/bin/../lib/gcc/arm-none-eabi/4.9.3/armv6-m/crtbegin.o

.rel.dyn        0x00000814        0x0
 .rel.iplt      0x00000000        0x0 c:/program files/atmel/studio/7.0/toolchain/arm/arm-gnu-toolchain/bin/../lib/gcc/arm-none-eabi/4.9.3/armv6-m/crtbegin.o

.jcr            0x00000814        0x0
 .jcr           0x00000814        0x0 c:/program files/atmel/studio/7.0/toolchain/arm/arm-gnu-toolchain/bin/../lib/gcc/arm-none-eabi/4.9.3/armv6-m/crtbegin.o

.igot.plt       0x00000814        0x0
 .igot.plt      0x00000000        0x0 c:/program files/atmel/studio/7.0/toolchain/arm/arm-gnu-toolchain/bin/../lib/gcc/arm-none-eabi/4.9.3/armv6-m/crtbegin.o

.ARM.exidx
 *(.ARM.exidx* .gnu.linkonce.armexidx.*)
                0x00000814                PROVIDE (__exidx_end, .)
                0x00000814                . = ALIGN (0x4)
                0x00000814                _etext = .

.relocate       0x20000000        0x4 load address 0x00000814
                0x20000000                . = ALIGN (0x4)
                0x20000000                _srelocate = .
 *(.ramfunc .ramfunc.*)
 *(.data .data.*)
 .data.g_interrupt_enabled
                0x20000000        0x1 src/ASF/common/utils/interrupt/interrupt_sam_nvic.o
                0x20000000                g_interrupt_enabled
                0x20000004                . = ALIGN (0x4)
 *fill*         0x20000001        0x3 
                0x20000004                _erelocate = .

.bss            0x20000004       0xb4 load address 0x00000818
                0x20000004                . = ALIGN (0x4)
                0x20000004                _sbss = .
                0x20000004                _szero = .
 *(.bss .bss.*)
 .bss           0x20000004       0x1c c:/program files/atmel/studio/7.0/toolchain/arm/arm-gnu-toolchain/bin/../lib/gcc/arm-none-eabi/4.9.3/armv6-m/crtbegin.o
 .bss.cpu_irq_critical_section_counter
                0x20000020        0x4 src/ASF/common/utils/interrupt/interrupt_sam_nvic.o
 .bss.cpu_irq_prev_interrupt_state
                0x20000024        0x1 src/ASF/common/utils/interrupt/interrupt_sam_nvic.o
 *fill*         0x20000025        0x3 
 .bss._system_clock_inst
                0x20000028       0x18 src/ASF/sam0/drivers/system/clock/clock_samd21_r21_da/clock.o
 *(COMMON)
 COMMON         0x20000040       0x78 src/config/led-driver.o
                0x20000040                pin_vec
                0x200000b8                . = ALIGN (0x4)
                0x200000b8                _ebss = .
                0x200000b8                _ezero = .

.stack          0x200000b8     0x2000 load address 0x000008cc
                0x200000b8                . = ALIGN (0x8)
                0x200000b8                _sstack = .
                0x200020b8                . = (. + STACK_SIZE)
 *fill*         0x200000b8     0x2000 
                0x200020b8                . = ALIGN (0x8)
                0x200020b8                _estack = .
                0x200020b8                . = ALIGN (0x4)
                0x200020b8                _end = .
OUTPUT(LED_TOGGLE3.elf elf32-littlearm)

.ARM.attributes
                0x00000000       0x28
 .ARM.attributes
                0x00000000       0x1e c:/program files/atmel/studio/7.0/toolchain/arm/arm-gnu-toolchain/bin/../lib/gcc/arm-none-eabi/4.9.3/armv6-m/crti.o
 .ARM.attributes
                0x0000001e       0x2c c:/program files/atmel/studio/7.0/toolchain/arm/arm-gnu-toolchain/bin/../lib/gcc/arm-none-eabi/4.9.3/armv6-m/crtbegin.o
 .ARM.attributes
                0x0000004a       0x32 src/ASF/common/utils/interrupt/interrupt_sam_nvic.o
 .ARM.attributes
                0x0000007c       0x32 src/ASF/sam0/boards/samr21_xplained_pro/board_init.o
 .ARM.attributes
                0x000000ae       0x32 src/ASF/sam0/drivers/port/port.o
 .ARM.attributes
                0x000000e0       0x32 src/ASF/sam0/drivers/system/clock/clock_samd21_r21_da/clock.o
 .ARM.attributes
                0x00000112       0x32 src/ASF/sam0/drivers/system/clock/clock_samd21_r21_da/gclk.o
 .ARM.attributes
                0x00000144       0x32 src/ASF/sam0/drivers/system/pinmux/pinmux.o
 .ARM.attributes
                0x00000176       0x32 src/ASF/sam0/drivers/system/system.o
 .ARM.attributes
                0x000001a8       0x32 src/ASF/sam0/utils/cmsis/samr21/source/gcc/startup_samr21.o
 .ARM.attributes
                0x000001da       0x32 src/config/led-driver.o
 .ARM.attributes
                0x0000020c       0x32 src/led_toggle.o
 .ARM.attributes
                0x0000023e       0x2c c:/program files/atmel/studio/7.0/toolchain/arm/arm-gnu-toolchain/bin/../lib/gcc/arm-none-eabi/4.9.3/../../../../arm-none-eabi/lib/armv6-m\libc_nano.a(lib_a-init.o)
 .ARM.attributes
                0x0000026a       0x1e c:/program files/atmel/studio/7.0/toolchain/arm/arm-gnu-toolchain/bin/../lib/gcc/arm-none-eabi/4.9.3/armv6-m/crtn.o

.comment        0x00000000       0x5b
 .comment       0x00000000       0x5b src/ASF/common/utils/interrupt/interrupt_sam_nvic.o
                                 0x5c (size before relaxing)
 .comment       0x00000000       0x5c src/ASF/sam0/boards/samr21_xplained_pro/board_init.o
 .comment       0x00000000       0x5c src/ASF/sam0/drivers/port/port.o
 .comment       0x00000000       0x5c src/ASF/sam0/drivers/system/clock/clock_samd21_r21_da/clock.o
 .comment       0x00000000       0x5c src/ASF/sam0/drivers/system/clock/clock_samd21_r21_da/gclk.o
 .comment       0x00000000       0x5c src/ASF/sam0/drivers/system/pinmux/pinmux.o
 .comment       0x00000000       0x5c src/ASF/sam0/drivers/system/system.o
 .comment       0x00000000       0x5c src/ASF/sam0/utils/cmsis/samr21/source/gcc/startup_samr21.o
 .comment       0x00000000       0x5c src/config/led-driver.o
 .comment       0x00000000       0x5c src/led_toggle.o

.debug_info     0x00000000     0xb18e
 .debug_info    0x00000000      0x1ec src/ASF/common/utils/interrupt/interrupt_sam_nvic.o
 .debug_info    0x000001ec      0x96d src/ASF/sam0/boards/samr21_xplained_pro/board_init.o
 .debug_info    0x00000b59      0x966 src/ASF/sam0/drivers/port/port.o
 .debug_info    0x000014bf     0x2cd1 src/ASF/sam0/drivers/system/clock/clock_samd21_r21_da/clock.o
 .debug_info    0x00004190     0x1498 src/ASF/sam0/drivers/system/clock/clock_samd21_r21_da/gclk.o
 .debug_info    0x00005628      0xa45 src/ASF/sam0/drivers/system/pinmux/pinmux.o
 .debug_info    0x0000606d      0x17a src/ASF/sam0/drivers/system/system.o
 .debug_info    0x000061e7     0x3a6f src/ASF/sam0/utils/cmsis/samr21/source/gcc/startup_samr21.o
 .debug_info    0x00009c56      0xc9a src/config/led-driver.o
 .debug_info    0x0000a8f0      0x89e src/led_toggle.o

.debug_abbrev   0x00000000     0x15e7
 .debug_abbrev  0x00000000       0xf6 src/ASF/common/utils/interrupt/interrupt_sam_nvic.o
 .debug_abbrev  0x000000f6      0x22b src/ASF/sam0/boards/samr21_xplained_pro/board_init.o
 .debug_abbrev  0x00000321      0x1da src/ASF/sam0/drivers/port/port.o
 .debug_abbrev  0x000004fb      0x3ba src/ASF/sam0/drivers/system/clock/clock_samd21_r21_da/clock.o
 .debug_abbrev  0x000008b5      0x327 src/ASF/sam0/drivers/system/clock/clock_samd21_r21_da/gclk.o
 .debug_abbrev  0x00000bdc      0x287 src/ASF/sam0/drivers/system/pinmux/pinmux.o
 .debug_abbrev  0x00000e63       0xb9 src/ASF/sam0/drivers/system/system.o
 .debug_abbrev  0x00000f1c      0x211 src/ASF/sam0/utils/cmsis/samr21/source/gcc/startup_samr21.o
 .debug_abbrev  0x0000112d      0x28a src/config/led-driver.o
 .debug_abbrev  0x000013b7      0x230 src/led_toggle.o

.debug_loc      0x00000000     0x1c8c
 .debug_loc     0x00000000       0x1e src/ASF/common/utils/interrupt/interrupt_sam_nvic.o
 .debug_loc     0x0000001e       0x59 src/ASF/sam0/boards/samr21_xplained_pro/board_init.o
 .debug_loc     0x00000077      0x16d src/ASF/sam0/drivers/port/port.o
 .debug_loc     0x000001e4      0xf45 src/ASF/sam0/drivers/system/clock/clock_samd21_r21_da/clock.o
 .debug_loc     0x00001129      0x51e src/ASF/sam0/drivers/system/clock/clock_samd21_r21_da/gclk.o
 .debug_loc     0x00001647      0x32f src/ASF/sam0/drivers/system/pinmux/pinmux.o
 .debug_loc     0x00001976       0x20 src/ASF/sam0/drivers/system/system.o
 .debug_loc     0x00001996       0x20 src/ASF/sam0/utils/cmsis/samr21/source/gcc/startup_samr21.o
 .debug_loc     0x000019b6      0x2b6 src/config/led-driver.o
 .debug_loc     0x00001c6c       0x20 src/led_toggle.o

.debug_aranges  0x00000000      0x250
 .debug_aranges
                0x00000000       0x28 src/ASF/common/utils/interrupt/interrupt_sam_nvic.o
 .debug_aranges
                0x00000028       0x20 src/ASF/sam0/boards/samr21_xplained_pro/board_init.o
 .debug_aranges
                0x00000048       0x28 src/ASF/sam0/drivers/port/port.o
 .debug_aranges
                0x00000070       0x78 src/ASF/sam0/drivers/system/clock/clock_samd21_r21_da/clock.o
 .debug_aranges
                0x000000e8       0x80 src/ASF/sam0/drivers/system/clock/clock_samd21_r21_da/gclk.o
 .debug_aranges
                0x00000168       0x38 src/ASF/sam0/drivers/system/pinmux/pinmux.o
 .debug_aranges
                0x000001a0       0x28 src/ASF/sam0/drivers/system/system.o
 .debug_aranges
                0x000001c8       0x28 src/ASF/sam0/utils/cmsis/samr21/source/gcc/startup_samr21.o
 .debug_aranges
                0x000001f0       0x38 src/config/led-driver.o
 .debug_aranges
                0x00000228       0x28 src/led_toggle.o

.debug_ranges   0x00000000      0x1b0
 .debug_ranges  0x00000000       0x18 src/ASF/common/utils/interrupt/interrupt_sam_nvic.o
 .debug_ranges  0x00000018       0x10 src/ASF/sam0/boards/samr21_xplained_pro/board_init.o
 .debug_ranges  0x00000028       0x18 src/ASF/sam0/drivers/port/port.o
 .debug_ranges  0x00000040       0x68 src/ASF/sam0/drivers/system/clock/clock_samd21_r21_da/clock.o
 .debug_ranges  0x000000a8       0x70 src/ASF/sam0/drivers/system/clock/clock_samd21_r21_da/gclk.o
 .debug_ranges  0x00000118       0x28 src/ASF/sam0/drivers/system/pinmux/pinmux.o
 .debug_ranges  0x00000140       0x18 src/ASF/sam0/drivers/system/system.o
 .debug_ranges  0x00000158       0x18 src/ASF/sam0/utils/cmsis/samr21/source/gcc/startup_samr21.o
 .debug_ranges  0x00000170       0x28 src/config/led-driver.o
 .debug_ranges  0x00000198       0x18 src/led_toggle.o

.debug_macro    0x00000000    0x15c91
 .debug_macro   0x00000000      0x46e src/ASF/common/utils/interrupt/interrupt_sam_nvic.o
 .debug_macro   0x0000046e      0x844 src/ASF/common/utils/interrupt/interrupt_sam_nvic.o
 .debug_macro   0x00000cb2      0x166 src/ASF/common/utils/interrupt/interrupt_sam_nvic.o
 .debug_macro   0x00000e18      0x644 src/ASF/common/utils/interrupt/interrupt_sam_nvic.o
 .debug_macro   0x0000145c       0x22 src/ASF/common/utils/interrupt/interrupt_sam_nvic.o
 .debug_macro   0x0000147e       0x44 src/ASF/common/utils/interrupt/interrupt_sam_nvic.o
 .debug_macro   0x000014c2       0x58 src/ASF/common/utils/interrupt/interrupt_sam_nvic.o
 .debug_macro   0x0000151a       0x22 src/ASF/common/utils/interrupt/interrupt_sam_nvic.o
 .debug_macro   0x0000153c      0x1df src/ASF/common/utils/interrupt/interrupt_sam_nvic.o
 .debug_macro   0x0000171b       0x10 src/ASF/common/utils/interrupt/interrupt_sam_nvic.o
 .debug_macro   0x0000172b       0x76 src/ASF/common/utils/interrupt/interrupt_sam_nvic.o
 .debug_macro   0x000017a1       0x16 src/ASF/common/utils/interrupt/interrupt_sam_nvic.o
 .debug_macro   0x000017b7      0x6e5 src/ASF/common/utils/interrupt/interrupt_sam_nvic.o
 .debug_macro   0x00001e9c      0xde2 src/ASF/common/utils/interrupt/interrupt_sam_nvic.o
 .debug_macro   0x00002c7e       0x22 src/ASF/common/utils/interrupt/interrupt_sam_nvic.o
 .debug_macro   0x00002ca0       0x40 src/ASF/common/utils/interrupt/interrupt_sam_nvic.o
 .debug_macro   0x00002ce0       0x3a src/ASF/common/utils/interrupt/interrupt_sam_nvic.o
 .debug_macro   0x00002d1a       0x1f src/ASF/common/utils/interrupt/interrupt_sam_nvic.o
 .debug_macro   0x00002d39      0x250 src/ASF/common/utils/interrupt/interrupt_sam_nvic.o
 .debug_macro   0x00002f89      0x682 src/ASF/common/utils/interrupt/interrupt_sam_nvic.o
 .debug_macro   0x0000360b      0x8bf src/ASF/common/utils/interrupt/interrupt_sam_nvic.o
 .debug_macro   0x00003eca      0xd6a src/ASF/common/utils/interrupt/interrupt_sam_nvic.o
 .debug_macro   0x00004c34      0x4ce src/ASF/common/utils/interrupt/interrupt_sam_nvic.o
 .debug_macro   0x00005102      0x9f8 src/ASF/common/utils/interrupt/interrupt_sam_nvic.o
 .debug_macro   0x00005afa      0x82b src/ASF/common/utils/interrupt/interrupt_sam_nvic.o
 .debug_macro   0x00006325      0x45f src/ASF/common/utils/interrupt/interrupt_sam_nvic.o
 .debug_macro   0x00006784       0x5e src/ASF/common/utils/interrupt/interrupt_sam_nvic.o
 .debug_macro   0x000067e2      0x225 src/ASF/common/utils/interrupt/interrupt_sam_nvic.o
 .debug_macro   0x00006a07      0x797 src/ASF/common/utils/interrupt/interrupt_sam_nvic.o
 .debug_macro   0x0000719e       0x5e src/ASF/common/utils/interrupt/interrupt_sam_nvic.o
 .debug_macro   0x000071fc      0x60a src/ASF/common/utils/interrupt/interrupt_sam_nvic.o
 .debug_macro   0x00007806      0x3b6 src/ASF/common/utils/interrupt/interrupt_sam_nvic.o
 .debug_macro   0x00007bbc       0x94 src/ASF/common/utils/interrupt/interrupt_sam_nvic.o
 .debug_macro   0x00007c50      0xc55 src/ASF/common/utils/interrupt/interrupt_sam_nvic.o
 .debug_macro   0x000088a5     0x1092 src/ASF/common/utils/interrupt/interrupt_sam_nvic.o
 .debug_macro   0x00009937      0xc4a src/ASF/common/utils/interrupt/interrupt_sam_nvic.o
 .debug_macro   0x0000a581      0x6bf src/ASF/common/utils/interrupt/interrupt_sam_nvic.o
 .debug_macro   0x0000ac40     0x1b4b src/ASF/common/utils/interrupt/interrupt_sam_nvic.o
 .debug_macro   0x0000c78b     0x144a src/ASF/common/utils/interrupt/interrupt_sam_nvic.o
 .debug_macro   0x0000dbd5      0x34e src/ASF/common/utils/interrupt/interrupt_sam_nvic.o
 .debug_macro   0x0000df23       0x7c src/ASF/common/utils/interrupt/interrupt_sam_nvic.o
 .debug_macro   0x0000df9f       0xa0 src/ASF/common/utils/interrupt/interrupt_sam_nvic.o
 .debug_macro   0x0000e03f       0xca src/ASF/common/utils/interrupt/interrupt_sam_nvic.o
 .debug_macro   0x0000e109       0x94 src/ASF/common/utils/interrupt/interrupt_sam_nvic.o
 .debug_macro   0x0000e19d       0x58 src/ASF/common/utils/interrupt/interrupt_sam_nvic.o
 .debug_macro   0x0000e1f5      0x364 src/ASF/common/utils/interrupt/interrupt_sam_nvic.o
 .debug_macro   0x0000e559       0x82 src/ASF/common/utils/interrupt/interrupt_sam_nvic.o
 .debug_macro   0x0000e5db      0x197 src/ASF/common/utils/interrupt/interrupt_sam_nvic.o
 .debug_macro   0x0000e772       0xa0 src/ASF/common/utils/interrupt/interrupt_sam_nvic.o
 .debug_macro   0x0000e812       0xb2 src/ASF/common/utils/interrupt/interrupt_sam_nvic.o
 .debug_macro   0x0000e8c4       0x1c src/ASF/common/utils/interrupt/interrupt_sam_nvic.o
 .debug_macro   0x0000e8e0       0x1c src/ASF/common/utils/interrupt/interrupt_sam_nvic.o
 .debug_macro   0x0000e8fc       0x1c src/ASF/common/utils/interrupt/interrupt_sam_nvic.o
 .debug_macro   0x0000e918       0x7c src/ASF/common/utils/interrupt/interrupt_sam_nvic.o
 .debug_macro   0x0000e994      0x1c6 src/ASF/common/utils/interrupt/interrupt_sam_nvic.o
 .debug_macro   0x0000eb5a       0x16 src/ASF/common/utils/interrupt/interrupt_sam_nvic.o
 .debug_macro   0x0000eb70       0xdc src/ASF/common/utils/interrupt/interrupt_sam_nvic.o
 .debug_macro   0x0000ec4c      0x12f src/ASF/common/utils/interrupt/interrupt_sam_nvic.o
 .debug_macro   0x0000ed7b      0x12f src/ASF/common/utils/interrupt/interrupt_sam_nvic.o
 .debug_macro   0x0000eeaa      0x12f src/ASF/common/utils/interrupt/interrupt_sam_nvic.o
 .debug_macro   0x0000efd9      0x12f src/ASF/common/utils/interrupt/interrupt_sam_nvic.o
 .debug_macro   0x0000f108      0x12f src/ASF/common/utils/interrupt/interrupt_sam_nvic.o
 .debug_macro   0x0000f237      0x12f src/ASF/common/utils/interrupt/interrupt_sam_nvic.o
 .debug_macro   0x0000f366      0x11e src/ASF/common/utils/interrupt/interrupt_sam_nvic.o
 .debug_macro   0x0000f484       0xe2 src/ASF/common/utils/interrupt/interrupt_sam_nvic.o
 .debug_macro   0x0000f566       0xe2 src/ASF/common/utils/interrupt/interrupt_sam_nvic.o
 .debug_macro   0x0000f648       0xe2 src/ASF/common/utils/interrupt/interrupt_sam_nvic.o
 .debug_macro   0x0000f72a      0x12c src/ASF/common/utils/interrupt/interrupt_sam_nvic.o
 .debug_macro   0x0000f856      0x100 src/ASF/common/utils/interrupt/interrupt_sam_nvic.o
 .debug_macro   0x0000f956       0xf4 src/ASF/common/utils/interrupt/interrupt_sam_nvic.o
 .debug_macro   0x0000fa4a      0x40f src/ASF/common/utils/interrupt/interrupt_sam_nvic.o
 .debug_macro   0x0000fe59       0x40 src/ASF/common/utils/interrupt/interrupt_sam_nvic.o
 .debug_macro   0x0000fe99      0x345 src/ASF/common/utils/interrupt/interrupt_sam_nvic.o
 .debug_macro   0x000101de     0x174b src/ASF/common/utils/interrupt/interrupt_sam_nvic.o
 .debug_macro   0x00011929       0x74 src/ASF/common/utils/interrupt/interrupt_sam_nvic.o
 .debug_macro   0x0001199d       0x58 src/ASF/common/utils/interrupt/interrupt_sam_nvic.o
 .debug_macro   0x000119f5       0x35 src/ASF/common/utils/interrupt/interrupt_sam_nvic.o
 .debug_macro   0x00011a2a       0x9c src/ASF/common/utils/interrupt/interrupt_sam_nvic.o
 .debug_macro   0x00011ac6       0x16 src/ASF/common/utils/interrupt/interrupt_sam_nvic.o
 .debug_macro   0x00011adc       0x35 src/ASF/common/utils/interrupt/interrupt_sam_nvic.o
 .debug_macro   0x00011b11      0x29d src/ASF/common/utils/interrupt/interrupt_sam_nvic.o
 .debug_macro   0x00011dae       0x10 src/ASF/common/utils/interrupt/interrupt_sam_nvic.o
 .debug_macro   0x00011dbe       0x52 src/ASF/common/utils/interrupt/interrupt_sam_nvic.o
 .debug_macro   0x00011e10       0x16 src/ASF/common/utils/interrupt/interrupt_sam_nvic.o
 .debug_macro   0x00011e26       0x43 src/ASF/common/utils/interrupt/interrupt_sam_nvic.o
 .debug_macro   0x00011e69      0x180 src/ASF/common/utils/interrupt/interrupt_sam_nvic.o
 .debug_macro   0x00011fe9       0x10 src/ASF/common/utils/interrupt/interrupt_sam_nvic.o
 .debug_macro   0x00011ff9       0x22 src/ASF/common/utils/interrupt/interrupt_sam_nvic.o
 .debug_macro   0x0001201b       0xbe src/ASF/common/utils/interrupt/interrupt_sam_nvic.o
 .debug_macro   0x000120d9       0x16 src/ASF/common/utils/interrupt/interrupt_sam_nvic.o
 .debug_macro   0x000120ef      0x197 src/ASF/common/utils/interrupt/interrupt_sam_nvic.o
 .debug_macro   0x00012286       0x16 src/ASF/common/utils/interrupt/interrupt_sam_nvic.o
 .debug_macro   0x0001229c       0x16 src/ASF/common/utils/interrupt/interrupt_sam_nvic.o
 .debug_macro   0x000122b2       0x29 src/ASF/common/utils/interrupt/interrupt_sam_nvic.o
 .debug_macro   0x000122db       0x51 src/ASF/common/utils/interrupt/interrupt_sam_nvic.o
 .debug_macro   0x0001232c      0x3df src/ASF/common/utils/interrupt/interrupt_sam_nvic.o
 .debug_macro   0x0001270b       0x3f src/ASF/common/utils/interrupt/interrupt_sam_nvic.o
 .debug_macro   0x0001274a      0x4aa src/ASF/sam0/boards/samr21_xplained_pro/board_init.o
 .debug_macro   0x00012bf4      0x2aa src/ASF/sam0/boards/samr21_xplained_pro/board_init.o
 .debug_macro   0x00012e9e      0x69f src/ASF/sam0/boards/samr21_xplained_pro/board_init.o
 .debug_macro   0x0001353d       0x11 src/ASF/sam0/boards/samr21_xplained_pro/board_init.o
 .debug_macro   0x0001354e       0x19 src/ASF/sam0/boards/samr21_xplained_pro/board_init.o
 .debug_macro   0x00013567      0x488 src/ASF/sam0/drivers/port/port.o
 .debug_macro   0x000139ef      0x4e0 src/ASF/sam0/drivers/system/clock/clock_samd21_r21_da/clock.o
 .debug_macro   0x00013ecf       0x11 src/ASF/sam0/drivers/system/clock/clock_samd21_r21_da/clock.o
 .debug_macro   0x00013ee0      0x29d src/ASF/sam0/drivers/system/clock/clock_samd21_r21_da/clock.o
 .debug_macro   0x0001417d      0x4a4 src/ASF/sam0/drivers/system/clock/clock_samd21_r21_da/gclk.o
 .debug_macro   0x00014621       0x2e src/ASF/sam0/drivers/system/clock/clock_samd21_r21_da/gclk.o
 .debug_macro   0x0001464f      0x480 src/ASF/sam0/drivers/system/pinmux/pinmux.o
 .debug_macro   0x00014acf      0x4b2 src/ASF/sam0/drivers/system/system.o
 .debug_macro   0x00014f81      0x2c2 src/ASF/sam0/utils/cmsis/samr21/source/gcc/startup_samr21.o
 .debug_macro   0x00015243       0x3a src/ASF/sam0/utils/cmsis/samr21/source/gcc/startup_samr21.o
 .debug_macro   0x0001527d      0x508 src/config/led-driver.o
 .debug_macro   0x00015785      0x50c src/led_toggle.o

.debug_line     0x00000000     0x5ddb
 .debug_line    0x00000000      0x81d src/ASF/common/utils/interrupt/interrupt_sam_nvic.o
 .debug_line    0x0000081d      0x8c4 src/ASF/sam0/boards/samr21_xplained_pro/board_init.o
 .debug_line    0x000010e1      0x849 src/ASF/sam0/drivers/port/port.o
 .debug_line    0x0000192a      0xb85 src/ASF/sam0/drivers/system/clock/clock_samd21_r21_da/clock.o
 .debug_line    0x000024af      0xbba src/ASF/sam0/drivers/system/clock/clock_samd21_r21_da/gclk.o
 .debug_line    0x00003069      0x86f src/ASF/sam0/drivers/system/pinmux/pinmux.o
 .debug_line    0x000038d8      0x938 src/ASF/sam0/drivers/system/system.o
 .debug_line    0x00004210      0x618 src/ASF/sam0/utils/cmsis/samr21/source/gcc/startup_samr21.o
 .debug_line    0x00004828      0xb01 src/config/led-driver.o
 .debug_line    0x00005329      0xab2 src/led_toggle.o

.debug_str      0x00000000    0x7f5bd
 .debug_str     0x00000000    0x78250 src/ASF/common/utils/interrupt/interrupt_sam_nvic.o
                              0x785f0 (size before relaxing)
 .debug_str     0x00078250     0x2cc9 src/ASF/sam0/boards/samr21_xplained_pro/board_init.o
                              0x7b25c (size before relaxing)
 .debug_str     0x0007af19      0x165 src/ASF/sam0/drivers/port/port.o
                              0x789cf (size before relaxing)
 .debug_str     0x0007b07e     0x2e20 src/ASF/sam0/drivers/system/clock/clock_samd21_r21_da/clock.o
                              0x7b66c (size before relaxing)
 .debug_str     0x0007de9e      0x483 src/ASF/sam0/drivers/system/clock/clock_samd21_r21_da/gclk.o
                              0x79236 (size before relaxing)
 .debug_str     0x0007e321      0x130 src/ASF/sam0/drivers/system/pinmux/pinmux.o
                              0x789e7 (size before relaxing)
 .debug_str     0x0007e451       0x47 src/ASF/sam0/drivers/system/system.o
                              0x78675 (size before relaxing)
 .debug_str     0x0007e498      0xf1c src/ASF/sam0/utils/cmsis/samr21/source/gcc/startup_samr21.o
                              0x651b3 (size before relaxing)
 .debug_str     0x0007f3b4      0x1f0 src/config/led-driver.o
                              0x7b6c3 (size before relaxing)
 .debug_str     0x0007f5a4       0x19 src/led_toggle.o
                              0x7b350 (size before relaxing)

.debug_frame    0x00000000      0x4e8
 .debug_frame   0x00000000       0x30 src/ASF/common/utils/interrupt/interrupt_sam_nvic.o
 .debug_frame   0x00000030       0x30 src/ASF/sam0/boards/samr21_xplained_pro/board_init.o
 .debug_frame   0x00000060       0x44 src/ASF/sam0/drivers/port/port.o
 .debug_frame   0x000000a4      0x158 src/ASF/sam0/drivers/system/clock/clock_samd21_r21_da/clock.o
 .debug_frame   0x000001fc      0x148 src/ASF/sam0/drivers/system/clock/clock_samd21_r21_da/gclk.o
 .debug_frame   0x00000344       0x74 src/ASF/sam0/drivers/system/pinmux/pinmux.o
 .debug_frame   0x000003b8       0x38 src/ASF/sam0/drivers/system/system.o
 .debug_frame   0x000003f0       0x3c src/ASF/sam0/utils/cmsis/samr21/source/gcc/startup_samr21.o
 .debug_frame   0x0000042c       0x58 src/config/led-driver.o
 .debug_frame   0x00000484       0x38 src/led_toggle.o
 .debug_frame   0x000004bc       0x2c c:/program files/atmel/studio/7.0/toolchain/arm/arm-gnu-toolchain/bin/../lib/gcc/arm-none-eabi/4.9.3/../../../../arm-none-eabi/lib/armv6-m\libc_nano.a(lib_a-init.o)

Cross Reference Table

Symbol                                            File
AC_Handler                                        src/ASF/sam0/utils/cmsis/samr21/source/gcc/startup_samr21.o
ADC_Handler                                       src/ASF/sam0/utils/cmsis/samr21/source/gcc/startup_samr21.o
DMAC_Handler                                      src/ASF/sam0/utils/cmsis/samr21/source/gcc/startup_samr21.o
Dummy_Handler                                     src/ASF/sam0/utils/cmsis/samr21/source/gcc/startup_samr21.o
EIC_Handler                                       src/ASF/sam0/utils/cmsis/samr21/source/gcc/startup_samr21.o
EVSYS_Handler                                     src/ASF/sam0/utils/cmsis/samr21/source/gcc/startup_samr21.o
HardFault_Handler                                 src/ASF/sam0/utils/cmsis/samr21/source/gcc/startup_samr21.o
NMI_Handler                                       src/ASF/sam0/utils/cmsis/samr21/source/gcc/startup_samr21.o
NVMCTRL_Handler                                   src/ASF/sam0/utils/cmsis/samr21/source/gcc/startup_samr21.o
PM_Handler                                        src/ASF/sam0/utils/cmsis/samr21/source/gcc/startup_samr21.o
PTC_Handler                                       src/ASF/sam0/utils/cmsis/samr21/source/gcc/startup_samr21.o
PendSV_Handler                                    src/ASF/sam0/utils/cmsis/samr21/source/gcc/startup_samr21.o
RTC_Handler                                       src/ASF/sam0/utils/cmsis/samr21/source/gcc/startup_samr21.o
Reset_Handler                                     src/ASF/sam0/utils/cmsis/samr21/source/gcc/startup_samr21.o
SERCOM0_Handler                                   src/ASF/sam0/utils/cmsis/samr21/source/gcc/startup_samr21.o
SERCOM1_Handler                                   src/ASF/sam0/utils/cmsis/samr21/source/gcc/startup_samr21.o
SERCOM2_Handler                                   src/ASF/sam0/utils/cmsis/samr21/source/gcc/startup_samr21.o
SERCOM3_Handler                                   src/ASF/sam0/utils/cmsis/samr21/source/gcc/startup_samr21.o
SERCOM4_Handler                                   src/ASF/sam0/utils/cmsis/samr21/source/gcc/startup_samr21.o
SERCOM5_Handler                                   src/ASF/sam0/utils/cmsis/samr21/source/gcc/startup_samr21.o
SVC_Handler                                       src/ASF/sam0/utils/cmsis/samr21/source/gcc/startup_samr21.o
SYSCTRL_Handler                                   src/ASF/sam0/utils/cmsis/samr21/source/gcc/startup_samr21.o
SysTick_Handler                                   src/led_toggle.o
                                                  src/ASF/sam0/utils/cmsis/samr21/source/gcc/startup_samr21.o
SystemCoreClock                                   src/ASF/sam0/utils/cmsis/samr21/source/system_samr21.o
SystemCoreClockUpdate                             src/ASF/sam0/utils/cmsis/samr21/source/system_samr21.o
SystemInit                                        src/ASF/sam0/utils/cmsis/samr21/source/system_samr21.o
TC3_Handler                                       src/ASF/sam0/utils/cmsis/samr21/source/gcc/startup_samr21.o
TC4_Handler                                       src/ASF/sam0/utils/cmsis/samr21/source/gcc/startup_samr21.o
TC5_Handler                                       src/ASF/sam0/utils/cmsis/samr21/source/gcc/startup_samr21.o
TCC0_Handler                                      src/ASF/sam0/utils/cmsis/samr21/source/gcc/startup_samr21.o
TCC1_Handler                                      src/ASF/sam0/utils/cmsis/samr21/source/gcc/startup_samr21.o
TCC2_Handler                                      src/ASF/sam0/utils/cmsis/samr21/source/gcc/startup_samr21.o
USB_Handler                                       src/ASF/sam0/utils/cmsis/samr21/source/gcc/startup_samr21.o
WDT_Handler                                       src/ASF/sam0/utils/cmsis/samr21/source/gcc/startup_samr21.o
_Jv_RegisterClasses                               c:/program files/atmel/studio/7.0/toolchain/arm/arm-gnu-toolchain/bin/../lib/gcc/arm-none-eabi/4.9.3/armv6-m/crtbegin.o
__aeabi_idiv                                      c:/program files/atmel/studio/7.0/toolchain/arm/arm-gnu-toolchain/bin/../lib/gcc/arm-none-eabi/4.9.3/armv6-m\libgcc.a(_divsi3.o)
                                                  c:/program files/atmel/studio/7.0/toolchain/arm/arm-gnu-toolchain/bin/../lib/gcc/arm-none-eabi/4.9.3/../../../../arm-none-eabi/lib/armv6-m\libc_nano.a(lib_a-fvwrite.o)
__aeabi_idiv0                                     c:/program files/atmel/studio/7.0/toolchain/arm/arm-gnu-toolchain/bin/../lib/gcc/arm-none-eabi/4.9.3/armv6-m\libgcc.a(_dvmd_tls.o)
                                                  c:/program files/atmel/studio/7.0/toolchain/arm/arm-gnu-toolchain/bin/../lib/gcc/arm-none-eabi/4.9.3/armv6-m\libgcc.a(_divsi3.o)
                                                  c:/program files/atmel/studio/7.0/toolchain/arm/arm-gnu-toolchain/bin/../lib/gcc/arm-none-eabi/4.9.3/armv6-m\libgcc.a(_udivsi3.o)
__aeabi_idivmod                                   c:/program files/atmel/studio/7.0/toolchain/arm/arm-gnu-toolchain/bin/../lib/gcc/arm-none-eabi/4.9.3/armv6-m\libgcc.a(_divsi3.o)
__aeabi_ldiv0                                     c:/program files/atmel/studio/7.0/toolchain/arm/arm-gnu-toolchain/bin/../lib/gcc/arm-none-eabi/4.9.3/armv6-m\libgcc.a(_dvmd_tls.o)
__aeabi_uidiv                                     c:/program files/atmel/studio/7.0/toolchain/arm/arm-gnu-toolchain/bin/../lib/gcc/arm-none-eabi/4.9.3/armv6-m\libgcc.a(_udivsi3.o)
                                                  c:/program files/atmel/studio/7.0/toolchain/arm/arm-gnu-toolchain/bin/../lib/gcc/arm-none-eabi/4.9.3/../../../../arm-none-eabi/lib/armv6-m\libc_nano.a(lib_a-nano-vfprintf_i.o)
                                                  src/ASF/sam0/drivers/system/clock/clock_samd21_r21_da/gclk.o
                                                  src/ASF/sam0/drivers/system/clock/clock_samd21_r21_da/clock.o
__aeabi_uidivmod                                  c:/program files/atmel/studio/7.0/toolchain/arm/arm-gnu-toolchain/bin/../lib/gcc/arm-none-eabi/4.9.3/armv6-m\libgcc.a(_udivsi3.o)
                                                  c:/program files/atmel/studio/7.0/toolchain/arm/arm-gnu-toolchain/bin/../lib/gcc/arm-none-eabi/4.9.3/../../../../arm-none-eabi/lib/armv6-m\libc_nano.a(lib_a-nano-vfprintf_i.o)
__bss_end__                                       c:/program files/atmel/studio/7.0/toolchain/arm/arm-gnu-toolchain/bin/../lib/gcc/arm-none-eabi/4.9.3/../../../../arm-none-eabi/lib/armv6-m/crt0.o
__bss_start__                                     c:/program files/atmel/studio/7.0/toolchain/arm/arm-gnu-toolchain/bin/../lib/gcc/arm-none-eabi/4.9.3/../../../../arm-none-eabi/lib/armv6-m/crt0.o
__call_exitprocs                                  c:/program files/atmel/studio/7.0/toolchain/arm/arm-gnu-toolchain/bin/../lib/gcc/arm-none-eabi/4.9.3/../../../../arm-none-eabi/lib/armv6-m\libc_nano.a(lib_a-exit.o)
__deregister_frame_info                           c:/program files/atmel/studio/7.0/toolchain/arm/arm-gnu-toolchain/bin/../lib/gcc/arm-none-eabi/4.9.3/armv6-m/crtbegin.o
__divsi3                                          c:/program files/atmel/studio/7.0/toolchain/arm/arm-gnu-toolchain/bin/../lib/gcc/arm-none-eabi/4.9.3/armv6-m\libgcc.a(_divsi3.o)
__dso_handle                                      c:/program files/atmel/studio/7.0/toolchain/arm/arm-gnu-toolchain/bin/../lib/gcc/arm-none-eabi/4.9.3/armv6-m/crtbegin.o
__fp_lock_all                                     c:/program files/atmel/studio/7.0/toolchain/arm/arm-gnu-toolchain/bin/../lib/gcc/arm-none-eabi/4.9.3/../../../../arm-none-eabi/lib/armv6-m\libc_nano.a(lib_a-findfp.o)
__fp_unlock_all                                   c:/program files/atmel/studio/7.0/toolchain/arm/arm-gnu-toolchain/bin/../lib/gcc/arm-none-eabi/4.9.3/../../../../arm-none-eabi/lib/armv6-m\libc_nano.a(lib_a-findfp.o)
__init_array_end                                  c:/program files/atmel/studio/7.0/toolchain/arm/arm-gnu-toolchain/bin/../lib/gcc/arm-none-eabi/4.9.3/../../../../arm-none-eabi/lib/armv6-m\libc_nano.a(lib_a-init.o)
__init_array_start                                c:/program files/atmel/studio/7.0/toolchain/arm/arm-gnu-toolchain/bin/../lib/gcc/arm-none-eabi/4.9.3/../../../../arm-none-eabi/lib/armv6-m\libc_nano.a(lib_a-init.o)
__libc_fini_array                                 c:/program files/atmel/studio/7.0/toolchain/arm/arm-gnu-toolchain/bin/../lib/gcc/arm-none-eabi/4.9.3/../../../../arm-none-eabi/lib/armv6-m/crt0.o
__libc_init_array                                 c:/program files/atmel/studio/7.0/toolchain/arm/arm-gnu-toolchain/bin/../lib/gcc/arm-none-eabi/4.9.3/../../../../arm-none-eabi/lib/armv6-m\libc_nano.a(lib_a-init.o)
                                                  src/ASF/sam0/utils/cmsis/samr21/source/gcc/startup_samr21.o
                                                  c:/program files/atmel/studio/7.0/toolchain/arm/arm-gnu-toolchain/bin/../lib/gcc/arm-none-eabi/4.9.3/../../../../arm-none-eabi/lib/armv6-m/crt0.o
__malloc_free_list                                c:/program files/atmel/studio/7.0/toolchain/arm/arm-gnu-toolchain/bin/../lib/gcc/arm-none-eabi/4.9.3/../../../../arm-none-eabi/lib/armv6-m\libc_nano.a(lib_a-nano-mallocr.o)
                                                  c:/program files/atmel/studio/7.0/toolchain/arm/arm-gnu-toolchain/bin/../lib/gcc/arm-none-eabi/4.9.3/../../../../arm-none-eabi/lib/armv6-m\libc_nano.a(lib_a-nano-freer.o)
__malloc_sbrk_start                               c:/program files/atmel/studio/7.0/toolchain/arm/arm-gnu-toolchain/bin/../lib/gcc/arm-none-eabi/4.9.3/../../../../arm-none-eabi/lib/armv6-m\libc_nano.a(lib_a-nano-mallocr.o)
__preinit_array_end                               c:/program files/atmel/studio/7.0/toolchain/arm/arm-gnu-toolchain/bin/../lib/gcc/arm-none-eabi/4.9.3/../../../../arm-none-eabi/lib/armv6-m\libc_nano.a(lib_a-init.o)
__preinit_array_start                             c:/program files/atmel/studio/7.0/toolchain/arm/arm-gnu-toolchain/bin/../lib/gcc/arm-none-eabi/4.9.3/../../../../arm-none-eabi/lib/armv6-m\libc_nano.a(lib_a-init.o)
__register_frame_info                             c:/program files/atmel/studio/7.0/toolchain/arm/arm-gnu-toolchain/bin/../lib/gcc/arm-none-eabi/4.9.3/armv6-m/crtbegin.o
__sclose                                          c:/program files/atmel/studio/7.0/toolchain/arm/arm-gnu-toolchain/bin/../lib/gcc/arm-none-eabi/4.9.3/../../../../arm-none-eabi/lib/armv6-m\libc_nano.a(lib_a-stdio.o)
                                                  c:/program files/atmel/studio/7.0/toolchain/arm/arm-gnu-toolchain/bin/../lib/gcc/arm-none-eabi/4.9.3/../../../../arm-none-eabi/lib/armv6-m\libc_nano.a(lib_a-findfp.o)
__seofread                                        c:/program files/atmel/studio/7.0/toolchain/arm/arm-gnu-toolchain/bin/../lib/gcc/arm-none-eabi/4.9.3/../../../../arm-none-eabi/lib/armv6-m\libc_nano.a(lib_a-stdio.o)
__sf_fake_stderr                                  c:/program files/atmel/studio/7.0/toolchain/arm/arm-gnu-toolchain/bin/../lib/gcc/arm-none-eabi/4.9.3/../../../../arm-none-eabi/lib/armv6-m\libc_nano.a(lib_a-findfp.o)
                                                  c:/program files/atmel/studio/7.0/toolchain/arm/arm-gnu-toolchain/bin/../lib/gcc/arm-none-eabi/4.9.3/../../../../arm-none-eabi/lib/armv6-m\libc_nano.a(lib_a-fflush.o)
                                                  c:/program files/atmel/studio/7.0/toolchain/arm/arm-gnu-toolchain/bin/../lib/gcc/arm-none-eabi/4.9.3/../../../../arm-none-eabi/lib/armv6-m\libc_nano.a(lib_a-wsetup.o)
                                                  c:/program files/atmel/studio/7.0/toolchain/arm/arm-gnu-toolchain/bin/../lib/gcc/arm-none-eabi/4.9.3/../../../../arm-none-eabi/lib/armv6-m\libc_nano.a(lib_a-wbuf.o)
                                                  c:/program files/atmel/studio/7.0/toolchain/arm/arm-gnu-toolchain/bin/../lib/gcc/arm-none-eabi/4.9.3/../../../../arm-none-eabi/lib/armv6-m\libc_nano.a(lib_a-nano-vfprintf.o)
                                                  c:/program files/atmel/studio/7.0/toolchain/arm/arm-gnu-toolchain/bin/../lib/gcc/arm-none-eabi/4.9.3/../../../../arm-none-eabi/lib/armv6-m\libc_nano.a(lib_a-impure.o)
__sf_fake_stdin                                   c:/program files/atmel/studio/7.0/toolchain/arm/arm-gnu-toolchain/bin/../lib/gcc/arm-none-eabi/4.9.3/../../../../arm-none-eabi/lib/armv6-m\libc_nano.a(lib_a-findfp.o)
                                                  c:/program files/atmel/studio/7.0/toolchain/arm/arm-gnu-toolchain/bin/../lib/gcc/arm-none-eabi/4.9.3/../../../../arm-none-eabi/lib/armv6-m\libc_nano.a(lib_a-fflush.o)
                                                  c:/program files/atmel/studio/7.0/toolchain/arm/arm-gnu-toolchain/bin/../lib/gcc/arm-none-eabi/4.9.3/../../../../arm-none-eabi/lib/armv6-m\libc_nano.a(lib_a-wsetup.o)
                                                  c:/program files/atmel/studio/7.0/toolchain/arm/arm-gnu-toolchain/bin/../lib/gcc/arm-none-eabi/4.9.3/../../../../arm-none-eabi/lib/armv6-m\libc_nano.a(lib_a-wbuf.o)
                                                  c:/program files/atmel/studio/7.0/toolchain/arm/arm-gnu-toolchain/bin/../lib/gcc/arm-none-eabi/4.9.3/../../../../arm-none-eabi/lib/armv6-m\libc_nano.a(lib_a-nano-vfprintf.o)
                                                  c:/program files/atmel/studio/7.0/toolchain/arm/arm-gnu-toolchain/bin/../lib/gcc/arm-none-eabi/4.9.3/../../../../arm-none-eabi/lib/armv6-m\libc_nano.a(lib_a-impure.o)
__sf_fake_stdout                                  c:/program files/atmel/studio/7.0/toolchain/arm/arm-gnu-toolchain/bin/../lib/gcc/arm-none-eabi/4.9.3/../../../../arm-none-eabi/lib/armv6-m\libc_nano.a(lib_a-findfp.o)
                                                  c:/program files/atmel/studio/7.0/toolchain/arm/arm-gnu-toolchain/bin/../lib/gcc/arm-none-eabi/4.9.3/../../../../arm-none-eabi/lib/armv6-m\libc_nano.a(lib_a-fflush.o)
                                                  c:/program files/atmel/studio/7.0/toolchain/arm/arm-gnu-toolchain/bin/../lib/gcc/arm-none-eabi/4.9.3/../../../../arm-none-eabi/lib/armv6-m\libc_nano.a(lib_a-wsetup.o)
                                                  c:/program files/atmel/studio/7.0/toolchain/arm/arm-gnu-toolchain/bin/../lib/gcc/arm-none-eabi/4.9.3/../../../../arm-none-eabi/lib/armv6-m\libc_nano.a(lib_a-wbuf.o)
                                                  c:/program files/atmel/studio/7.0/toolchain/arm/arm-gnu-toolchain/bin/../lib/gcc/arm-none-eabi/4.9.3/../../../../arm-none-eabi/lib/armv6-m\libc_nano.a(lib_a-nano-vfprintf.o)
                                                  c:/program files/atmel/studio/7.0/toolchain/arm/arm-gnu-toolchain/bin/../lib/gcc/arm-none-eabi/4.9.3/../../../../arm-none-eabi/lib/armv6-m\libc_nano.a(lib_a-impure.o)
__sflush_r                                        c:/program files/atmel/studio/7.0/toolchain/arm/arm-gnu-toolchain/bin/../lib/gcc/arm-none-eabi/4.9.3/../../../../arm-none-eabi/lib/armv6-m\libc_nano.a(lib_a-fflush.o)
__sfmoreglue                                      c:/program files/atmel/studio/7.0/toolchain/arm/arm-gnu-toolchain/bin/../lib/gcc/arm-none-eabi/4.9.3/../../../../arm-none-eabi/lib/armv6-m\libc_nano.a(lib_a-findfp.o)
__sfp                                             c:/program files/atmel/studio/7.0/toolchain/arm/arm-gnu-toolchain/bin/../lib/gcc/arm-none-eabi/4.9.3/../../../../arm-none-eabi/lib/armv6-m\libc_nano.a(lib_a-findfp.o)
__sfp_lock_acquire                                c:/program files/atmel/studio/7.0/toolchain/arm/arm-gnu-toolchain/bin/../lib/gcc/arm-none-eabi/4.9.3/../../../../arm-none-eabi/lib/armv6-m\libc_nano.a(lib_a-findfp.o)
__sfp_lock_release                                c:/program files/atmel/studio/7.0/toolchain/arm/arm-gnu-toolchain/bin/../lib/gcc/arm-none-eabi/4.9.3/../../../../arm-none-eabi/lib/armv6-m\libc_nano.a(lib_a-findfp.o)
__sfputs_r                                        c:/program files/atmel/studio/7.0/toolchain/arm/arm-gnu-toolchain/bin/../lib/gcc/arm-none-eabi/4.9.3/../../../../arm-none-eabi/lib/armv6-m\libc_nano.a(lib_a-nano-vfprintf.o)
__sfvwrite_r                                      c:/program files/atmel/studio/7.0/toolchain/arm/arm-gnu-toolchain/bin/../lib/gcc/arm-none-eabi/4.9.3/../../../../arm-none-eabi/lib/armv6-m\libc_nano.a(lib_a-fvwrite.o)
                                                  c:/program files/atmel/studio/7.0/toolchain/arm/arm-gnu-toolchain/bin/../lib/gcc/arm-none-eabi/4.9.3/../../../../arm-none-eabi/lib/armv6-m\libc_nano.a(lib_a-nano-vfprintf.o)
__sinit                                           c:/program files/atmel/studio/7.0/toolchain/arm/arm-gnu-toolchain/bin/../lib/gcc/arm-none-eabi/4.9.3/../../../../arm-none-eabi/lib/armv6-m\libc_nano.a(lib_a-findfp.o)
                                                  c:/program files/atmel/studio/7.0/toolchain/arm/arm-gnu-toolchain/bin/../lib/gcc/arm-none-eabi/4.9.3/../../../../arm-none-eabi/lib/armv6-m\libc_nano.a(lib_a-fflush.o)
                                                  c:/program files/atmel/studio/7.0/toolchain/arm/arm-gnu-toolchain/bin/../lib/gcc/arm-none-eabi/4.9.3/../../../../arm-none-eabi/lib/armv6-m\libc_nano.a(lib_a-wsetup.o)
                                                  c:/program files/atmel/studio/7.0/toolchain/arm/arm-gnu-toolchain/bin/../lib/gcc/arm-none-eabi/4.9.3/../../../../arm-none-eabi/lib/armv6-m\libc_nano.a(lib_a-wbuf.o)
                                                  c:/program files/atmel/studio/7.0/toolchain/arm/arm-gnu-toolchain/bin/../lib/gcc/arm-none-eabi/4.9.3/../../../../arm-none-eabi/lib/armv6-m\libc_nano.a(lib_a-nano-vfprintf.o)
                                                  c:/program files/atmel/studio/7.0/toolchain/arm/arm-gnu-toolchain/bin/../lib/gcc/arm-none-eabi/4.9.3/../../../../arm-none-eabi/lib/armv6-m\libc_nano.a(lib_a-printf.o)
__sinit_lock_acquire                              c:/program files/atmel/studio/7.0/toolchain/arm/arm-gnu-toolchain/bin/../lib/gcc/arm-none-eabi/4.9.3/../../../../arm-none-eabi/lib/armv6-m\libc_nano.a(lib_a-findfp.o)
__sinit_lock_release                              c:/program files/atmel/studio/7.0/toolchain/arm/arm-gnu-toolchain/bin/../lib/gcc/arm-none-eabi/4.9.3/../../../../arm-none-eabi/lib/armv6-m\libc_nano.a(lib_a-findfp.o)
__smakebuf_r                                      c:/program files/atmel/studio/7.0/toolchain/arm/arm-gnu-toolchain/bin/../lib/gcc/arm-none-eabi/4.9.3/../../../../arm-none-eabi/lib/armv6-m\libc_nano.a(lib_a-makebuf.o)
                                                  c:/program files/atmel/studio/7.0/toolchain/arm/arm-gnu-toolchain/bin/../lib/gcc/arm-none-eabi/4.9.3/../../../../arm-none-eabi/lib/armv6-m\libc_nano.a(lib_a-wsetup.o)
__sprint_r                                        c:/program files/atmel/studio/7.0/toolchain/arm/arm-gnu-toolchain/bin/../lib/gcc/arm-none-eabi/4.9.3/../../../../arm-none-eabi/lib/armv6-m\libc_nano.a(lib_a-nano-vfprintf.o)
__sread                                           c:/program files/atmel/studio/7.0/toolchain/arm/arm-gnu-toolchain/bin/../lib/gcc/arm-none-eabi/4.9.3/../../../../arm-none-eabi/lib/armv6-m\libc_nano.a(lib_a-stdio.o)
                                                  c:/program files/atmel/studio/7.0/toolchain/arm/arm-gnu-toolchain/bin/../lib/gcc/arm-none-eabi/4.9.3/../../../../arm-none-eabi/lib/armv6-m\libc_nano.a(lib_a-findfp.o)
__sseek                                           c:/program files/atmel/studio/7.0/toolchain/arm/arm-gnu-toolchain/bin/../lib/gcc/arm-none-eabi/4.9.3/../../../../arm-none-eabi/lib/armv6-m\libc_nano.a(lib_a-stdio.o)
                                                  c:/program files/atmel/studio/7.0/toolchain/arm/arm-gnu-toolchain/bin/../lib/gcc/arm-none-eabi/4.9.3/../../../../arm-none-eabi/lib/armv6-m\libc_nano.a(lib_a-findfp.o)
__stack                                           c:/program files/atmel/studio/7.0/toolchain/arm/arm-gnu-toolchain/bin/../lib/gcc/arm-none-eabi/4.9.3/../../../../arm-none-eabi/lib/armv6-m/crt0.o
__swbuf                                           c:/program files/atmel/studio/7.0/toolchain/arm/arm-gnu-toolchain/bin/../lib/gcc/arm-none-eabi/4.9.3/../../../../arm-none-eabi/lib/armv6-m\libc_nano.a(lib_a-wbuf.o)
__swbuf_r                                         c:/program files/atmel/studio/7.0/toolchain/arm/arm-gnu-toolchain/bin/../lib/gcc/arm-none-eabi/4.9.3/../../../../arm-none-eabi/lib/armv6-m\libc_nano.a(lib_a-wbuf.o)
                                                  c:/program files/atmel/studio/7.0/toolchain/arm/arm-gnu-toolchain/bin/../lib/gcc/arm-none-eabi/4.9.3/../../../../arm-none-eabi/lib/armv6-m\libc_nano.a(lib_a-nano-vfprintf.o)
__swrite                                          c:/program files/atmel/studio/7.0/toolchain/arm/arm-gnu-toolchain/bin/../lib/gcc/arm-none-eabi/4.9.3/../../../../arm-none-eabi/lib/armv6-m\libc_nano.a(lib_a-stdio.o)
                                                  c:/program files/atmel/studio/7.0/toolchain/arm/arm-gnu-toolchain/bin/../lib/gcc/arm-none-eabi/4.9.3/../../../../arm-none-eabi/lib/armv6-m\libc_nano.a(lib_a-findfp.o)
__swsetup_r                                       c:/program files/atmel/studio/7.0/toolchain/arm/arm-gnu-toolchain/bin/../lib/gcc/arm-none-eabi/4.9.3/../../../../arm-none-eabi/lib/armv6-m\libc_nano.a(lib_a-wsetup.o)
                                                  c:/program files/atmel/studio/7.0/toolchain/arm/arm-gnu-toolchain/bin/../lib/gcc/arm-none-eabi/4.9.3/../../../../arm-none-eabi/lib/armv6-m\libc_nano.a(lib_a-fvwrite.o)
                                                  c:/program files/atmel/studio/7.0/toolchain/arm/arm-gnu-toolchain/bin/../lib/gcc/arm-none-eabi/4.9.3/../../../../arm-none-eabi/lib/armv6-m\libc_nano.a(lib_a-wbuf.o)
                                                  c:/program files/atmel/studio/7.0/toolchain/arm/arm-gnu-toolchain/bin/../lib/gcc/arm-none-eabi/4.9.3/../../../../arm-none-eabi/lib/armv6-m\libc_nano.a(lib_a-nano-vfprintf.o)
__udivsi3                                         c:/program files/atmel/studio/7.0/toolchain/arm/arm-gnu-toolchain/bin/../lib/gcc/arm-none-eabi/4.9.3/armv6-m\libgcc.a(_udivsi3.o)
_cleanup                                          c:/program files/atmel/studio/7.0/toolchain/arm/arm-gnu-toolchain/bin/../lib/gcc/arm-none-eabi/4.9.3/../../../../arm-none-eabi/lib/armv6-m\libc_nano.a(lib_a-findfp.o)
_cleanup_r                                        c:/program files/atmel/studio/7.0/toolchain/arm/arm-gnu-toolchain/bin/../lib/gcc/arm-none-eabi/4.9.3/../../../../arm-none-eabi/lib/armv6-m\libc_nano.a(lib_a-findfp.o)
                                                  c:/program files/atmel/studio/7.0/toolchain/arm/arm-gnu-toolchain/bin/../lib/gcc/arm-none-eabi/4.9.3/../../../../arm-none-eabi/lib/armv6-m\libc_nano.a(lib_a-makebuf.o)
_close                                            src/ASF/sam0/utils/syscalls/gcc/syscalls.o
                                                  c:/program files/atmel/studio/7.0/toolchain/arm/arm-gnu-toolchain/bin/../lib/gcc/arm-none-eabi/4.9.3/../../../../arm-none-eabi/lib/armv6-m\libc_nano.a(lib_a-closer.o)
_close_r                                          c:/program files/atmel/studio/7.0/toolchain/arm/arm-gnu-toolchain/bin/../lib/gcc/arm-none-eabi/4.9.3/../../../../arm-none-eabi/lib/armv6-m\libc_nano.a(lib_a-closer.o)
                                                  c:/program files/atmel/studio/7.0/toolchain/arm/arm-gnu-toolchain/bin/../lib/gcc/arm-none-eabi/4.9.3/../../../../arm-none-eabi/lib/armv6-m\libc_nano.a(lib_a-stdio.o)
_end                                              src/ASF/sam0/utils/syscalls/gcc/syscalls.o
_erelocate                                        src/ASF/sam0/utils/cmsis/samr21/source/gcc/startup_samr21.o
_estack                                           src/ASF/sam0/utils/cmsis/samr21/source/gcc/startup_samr21.o
_etext                                            src/ASF/sam0/utils/cmsis/samr21/source/gcc/startup_samr21.o
_exit                                             src/ASF/sam0/utils/syscalls/gcc/syscalls.o
                                                  c:/program files/atmel/studio/7.0/toolchain/arm/arm-gnu-toolchain/bin/../lib/gcc/arm-none-eabi/4.9.3/../../../../arm-none-eabi/lib/armv6-m\libc_nano.a(lib_a-exit.o)
_ezero                                            src/ASF/sam0/utils/cmsis/samr21/source/gcc/startup_samr21.o
_fflush_r                                         c:/program files/atmel/studio/7.0/toolchain/arm/arm-gnu-toolchain/bin/../lib/gcc/arm-none-eabi/4.9.3/../../../../arm-none-eabi/lib/armv6-m\libc_nano.a(lib_a-fflush.o)
                                                  c:/program files/atmel/studio/7.0/toolchain/arm/arm-gnu-toolchain/bin/../lib/gcc/arm-none-eabi/4.9.3/../../../../arm-none-eabi/lib/armv6-m\libc_nano.a(lib_a-fvwrite.o)
                                                  c:/program files/atmel/studio/7.0/toolchain/arm/arm-gnu-toolchain/bin/../lib/gcc/arm-none-eabi/4.9.3/../../../../arm-none-eabi/lib/armv6-m\libc_nano.a(lib_a-wbuf.o)
                                                  c:/program files/atmel/studio/7.0/toolchain/arm/arm-gnu-toolchain/bin/../lib/gcc/arm-none-eabi/4.9.3/../../../../arm-none-eabi/lib/armv6-m\libc_nano.a(lib_a-findfp.o)
_fini                                             c:/program files/atmel/studio/7.0/toolchain/arm/arm-gnu-toolchain/bin/../lib/gcc/arm-none-eabi/4.9.3/armv6-m/crti.o
_free_r                                           c:/program files/atmel/studio/7.0/toolchain/arm/arm-gnu-toolchain/bin/../lib/gcc/arm-none-eabi/4.9.3/../../../../arm-none-eabi/lib/armv6-m\libc_nano.a(lib_a-nano-freer.o)
                                                  c:/program files/atmel/studio/7.0/toolchain/arm/arm-gnu-toolchain/bin/../lib/gcc/arm-none-eabi/4.9.3/../../../../arm-none-eabi/lib/armv6-m\libc_nano.a(lib_a-reent.o)
                                                  c:/program files/atmel/studio/7.0/toolchain/arm/arm-gnu-toolchain/bin/../lib/gcc/arm-none-eabi/4.9.3/../../../../arm-none-eabi/lib/armv6-m\libc_nano.a(lib_a-nano-reallocr.o)
                                                  c:/program files/atmel/studio/7.0/toolchain/arm/arm-gnu-toolchain/bin/../lib/gcc/arm-none-eabi/4.9.3/../../../../arm-none-eabi/lib/armv6-m\libc_nano.a(lib_a-fvwrite.o)
                                                  c:/program files/atmel/studio/7.0/toolchain/arm/arm-gnu-toolchain/bin/../lib/gcc/arm-none-eabi/4.9.3/../../../../arm-none-eabi/lib/armv6-m\libc_nano.a(lib_a-fflush.o)
                                                  c:/program files/atmel/studio/7.0/toolchain/arm/arm-gnu-toolchain/bin/../lib/gcc/arm-none-eabi/4.9.3/../../../../arm-none-eabi/lib/armv6-m\libc_nano.a(lib_a-wsetup.o)
_fstat                                            src/ASF/sam0/utils/syscalls/gcc/syscalls.o
                                                  c:/program files/atmel/studio/7.0/toolchain/arm/arm-gnu-toolchain/bin/../lib/gcc/arm-none-eabi/4.9.3/../../../../arm-none-eabi/lib/armv6-m\libc_nano.a(lib_a-fstatr.o)
_fstat_r                                          c:/program files/atmel/studio/7.0/toolchain/arm/arm-gnu-toolchain/bin/../lib/gcc/arm-none-eabi/4.9.3/../../../../arm-none-eabi/lib/armv6-m\libc_nano.a(lib_a-fstatr.o)
                                                  c:/program files/atmel/studio/7.0/toolchain/arm/arm-gnu-toolchain/bin/../lib/gcc/arm-none-eabi/4.9.3/../../../../arm-none-eabi/lib/armv6-m\libc_nano.a(lib_a-makebuf.o)
_fwalk                                            c:/program files/atmel/studio/7.0/toolchain/arm/arm-gnu-toolchain/bin/../lib/gcc/arm-none-eabi/4.9.3/../../../../arm-none-eabi/lib/armv6-m\libc_nano.a(lib_a-fwalk.o)
                                                  c:/program files/atmel/studio/7.0/toolchain/arm/arm-gnu-toolchain/bin/../lib/gcc/arm-none-eabi/4.9.3/../../../../arm-none-eabi/lib/armv6-m\libc_nano.a(lib_a-findfp.o)
_fwalk_reent                                      c:/program files/atmel/studio/7.0/toolchain/arm/arm-gnu-toolchain/bin/../lib/gcc/arm-none-eabi/4.9.3/../../../../arm-none-eabi/lib/armv6-m\libc_nano.a(lib_a-fwalk.o)
                                                  c:/program files/atmel/studio/7.0/toolchain/arm/arm-gnu-toolchain/bin/../lib/gcc/arm-none-eabi/4.9.3/../../../../arm-none-eabi/lib/armv6-m\libc_nano.a(lib_a-fflush.o)
                                                  c:/program files/atmel/studio/7.0/toolchain/arm/arm-gnu-toolchain/bin/../lib/gcc/arm-none-eabi/4.9.3/../../../../arm-none-eabi/lib/armv6-m\libc_nano.a(lib_a-findfp.o)
_getpid                                           src/ASF/sam0/utils/syscalls/gcc/syscalls.o
_global_impure_ptr                                c:/program files/atmel/studio/7.0/toolchain/arm/arm-gnu-toolchain/bin/../lib/gcc/arm-none-eabi/4.9.3/../../../../arm-none-eabi/lib/armv6-m\libc_nano.a(lib_a-impure.o)
                                                  c:/program files/atmel/studio/7.0/toolchain/arm/arm-gnu-toolchain/bin/../lib/gcc/arm-none-eabi/4.9.3/../../../../arm-none-eabi/lib/armv6-m\libc_nano.a(lib_a-fflush.o)
                                                  c:/program files/atmel/studio/7.0/toolchain/arm/arm-gnu-toolchain/bin/../lib/gcc/arm-none-eabi/4.9.3/../../../../arm-none-eabi/lib/armv6-m\libc_nano.a(lib_a-findfp.o)
                                                  c:/program files/atmel/studio/7.0/toolchain/arm/arm-gnu-toolchain/bin/../lib/gcc/arm-none-eabi/4.9.3/../../../../arm-none-eabi/lib/armv6-m\libc_nano.a(lib_a-exit.o)
_impure_ptr                                       c:/program files/atmel/studio/7.0/toolchain/arm/arm-gnu-toolchain/bin/../lib/gcc/arm-none-eabi/4.9.3/../../../../arm-none-eabi/lib/armv6-m\libc_nano.a(lib_a-impure.o)
                                                  c:/program files/atmel/studio/7.0/toolchain/arm/arm-gnu-toolchain/bin/../lib/gcc/arm-none-eabi/4.9.3/../../../../arm-none-eabi/lib/armv6-m\libc_nano.a(lib_a-reent.o)
                                                  c:/program files/atmel/studio/7.0/toolchain/arm/arm-gnu-toolchain/bin/../lib/gcc/arm-none-eabi/4.9.3/../../../../arm-none-eabi/lib/armv6-m\libc_nano.a(lib_a-fflush.o)
                                                  c:/program files/atmel/studio/7.0/toolchain/arm/arm-gnu-toolchain/bin/../lib/gcc/arm-none-eabi/4.9.3/../../../../arm-none-eabi/lib/armv6-m\libc_nano.a(lib_a-wsetup.o)
                                                  c:/program files/atmel/studio/7.0/toolchain/arm/arm-gnu-toolchain/bin/../lib/gcc/arm-none-eabi/4.9.3/../../../../arm-none-eabi/lib/armv6-m\libc_nano.a(lib_a-wbuf.o)
                                                  c:/program files/atmel/studio/7.0/toolchain/arm/arm-gnu-toolchain/bin/../lib/gcc/arm-none-eabi/4.9.3/../../../../arm-none-eabi/lib/armv6-m\libc_nano.a(lib_a-nano-vfprintf.o)
                                                  c:/program files/atmel/studio/7.0/toolchain/arm/arm-gnu-toolchain/bin/../lib/gcc/arm-none-eabi/4.9.3/../../../../arm-none-eabi/lib/armv6-m\libc_nano.a(lib_a-findfp.o)
                                                  c:/program files/atmel/studio/7.0/toolchain/arm/arm-gnu-toolchain/bin/../lib/gcc/arm-none-eabi/4.9.3/../../../../arm-none-eabi/lib/armv6-m\libc_nano.a(lib_a-printf.o)
_init                                             c:/program files/atmel/studio/7.0/toolchain/arm/arm-gnu-toolchain/bin/../lib/gcc/arm-none-eabi/4.9.3/armv6-m/crti.o
                                                  c:/program files/atmel/studio/7.0/toolchain/arm/arm-gnu-toolchain/bin/../lib/gcc/arm-none-eabi/4.9.3/../../../../arm-none-eabi/lib/armv6-m\libc_nano.a(lib_a-init.o)
_iprintf_r                                        c:/program files/atmel/studio/7.0/toolchain/arm/arm-gnu-toolchain/bin/../lib/gcc/arm-none-eabi/4.9.3/../../../../arm-none-eabi/lib/armv6-m\libc_nano.a(lib_a-printf.o)
_isatty                                           src/ASF/sam0/utils/syscalls/gcc/syscalls.o
                                                  c:/program files/atmel/studio/7.0/toolchain/arm/arm-gnu-toolchain/bin/../lib/gcc/arm-none-eabi/4.9.3/../../../../arm-none-eabi/lib/armv6-m\libc_nano.a(lib_a-isattyr.o)
_isatty_r                                         c:/program files/atmel/studio/7.0/toolchain/arm/arm-gnu-toolchain/bin/../lib/gcc/arm-none-eabi/4.9.3/../../../../arm-none-eabi/lib/armv6-m\libc_nano.a(lib_a-isattyr.o)
                                                  c:/program files/atmel/studio/7.0/toolchain/arm/arm-gnu-toolchain/bin/../lib/gcc/arm-none-eabi/4.9.3/../../../../arm-none-eabi/lib/armv6-m\libc_nano.a(lib_a-makebuf.o)
_kill                                             src/ASF/sam0/utils/syscalls/gcc/syscalls.o
_lseek                                            src/ASF/sam0/utils/syscalls/gcc/syscalls.o
                                                  c:/program files/atmel/studio/7.0/toolchain/arm/arm-gnu-toolchain/bin/../lib/gcc/arm-none-eabi/4.9.3/../../../../arm-none-eabi/lib/armv6-m\libc_nano.a(lib_a-lseekr.o)
_lseek_r                                          c:/program files/atmel/studio/7.0/toolchain/arm/arm-gnu-toolchain/bin/../lib/gcc/arm-none-eabi/4.9.3/../../../../arm-none-eabi/lib/armv6-m\libc_nano.a(lib_a-lseekr.o)
                                                  c:/program files/atmel/studio/7.0/toolchain/arm/arm-gnu-toolchain/bin/../lib/gcc/arm-none-eabi/4.9.3/../../../../arm-none-eabi/lib/armv6-m\libc_nano.a(lib_a-stdio.o)
_mainCRTStartup                                   c:/program files/atmel/studio/7.0/toolchain/arm/arm-gnu-toolchain/bin/../lib/gcc/arm-none-eabi/4.9.3/../../../../arm-none-eabi/lib/armv6-m/crt0.o
_malloc_r                                         c:/program files/atmel/studio/7.0/toolchain/arm/arm-gnu-toolchain/bin/../lib/gcc/arm-none-eabi/4.9.3/../../../../arm-none-eabi/lib/armv6-m\libc_nano.a(lib_a-nano-mallocr.o)
                                                  c:/program files/atmel/studio/7.0/toolchain/arm/arm-gnu-toolchain/bin/../lib/gcc/arm-none-eabi/4.9.3/../../../../arm-none-eabi/lib/armv6-m\libc_nano.a(lib_a-nano-reallocr.o)
                                                  c:/program files/atmel/studio/7.0/toolchain/arm/arm-gnu-toolchain/bin/../lib/gcc/arm-none-eabi/4.9.3/../../../../arm-none-eabi/lib/armv6-m\libc_nano.a(lib_a-makebuf.o)
                                                  c:/program files/atmel/studio/7.0/toolchain/arm/arm-gnu-toolchain/bin/../lib/gcc/arm-none-eabi/4.9.3/../../../../arm-none-eabi/lib/armv6-m\libc_nano.a(lib_a-fvwrite.o)
                                                  c:/program files/atmel/studio/7.0/toolchain/arm/arm-gnu-toolchain/bin/../lib/gcc/arm-none-eabi/4.9.3/../../../../arm-none-eabi/lib/armv6-m\libc_nano.a(lib_a-findfp.o)
_malloc_usable_size_r                             c:/program files/atmel/studio/7.0/toolchain/arm/arm-gnu-toolchain/bin/../lib/gcc/arm-none-eabi/4.9.3/../../../../arm-none-eabi/lib/armv6-m\libc_nano.a(lib_a-nano-msizer.o)
                                                  c:/program files/atmel/studio/7.0/toolchain/arm/arm-gnu-toolchain/bin/../lib/gcc/arm-none-eabi/4.9.3/../../../../arm-none-eabi/lib/armv6-m\libc_nano.a(lib_a-nano-reallocr.o)
_printf_common                                    c:/program files/atmel/studio/7.0/toolchain/arm/arm-gnu-toolchain/bin/../lib/gcc/arm-none-eabi/4.9.3/../../../../arm-none-eabi/lib/armv6-m\libc_nano.a(lib_a-nano-vfprintf_i.o)
_printf_float                                     c:/program files/atmel/studio/7.0/toolchain/arm/arm-gnu-toolchain/bin/../lib/gcc/arm-none-eabi/4.9.3/../../../../arm-none-eabi/lib/armv6-m\libc_nano.a(lib_a-nano-vfprintf.o)
_printf_i                                         c:/program files/atmel/studio/7.0/toolchain/arm/arm-gnu-toolchain/bin/../lib/gcc/arm-none-eabi/4.9.3/../../../../arm-none-eabi/lib/armv6-m\libc_nano.a(lib_a-nano-vfprintf_i.o)
                                                  c:/program files/atmel/studio/7.0/toolchain/arm/arm-gnu-toolchain/bin/../lib/gcc/arm-none-eabi/4.9.3/../../../../arm-none-eabi/lib/armv6-m\libc_nano.a(lib_a-nano-vfprintf.o)
_printf_r                                         c:/program files/atmel/studio/7.0/toolchain/arm/arm-gnu-toolchain/bin/../lib/gcc/arm-none-eabi/4.9.3/../../../../arm-none-eabi/lib/armv6-m\libc_nano.a(lib_a-printf.o)
_read                                             c:/program files/atmel/studio/7.0/toolchain/arm/arm-gnu-toolchain/bin/../lib/gcc/arm-none-eabi/4.9.3/../../../../arm-none-eabi/lib/armv6-m\libc_nano.a(lib_a-readr.o)
_read_r                                           c:/program files/atmel/studio/7.0/toolchain/arm/arm-gnu-toolchain/bin/../lib/gcc/arm-none-eabi/4.9.3/../../../../arm-none-eabi/lib/armv6-m\libc_nano.a(lib_a-readr.o)
                                                  c:/program files/atmel/studio/7.0/toolchain/arm/arm-gnu-toolchain/bin/../lib/gcc/arm-none-eabi/4.9.3/../../../../arm-none-eabi/lib/armv6-m\libc_nano.a(lib_a-stdio.o)
_realloc_r                                        c:/program files/atmel/studio/7.0/toolchain/arm/arm-gnu-toolchain/bin/../lib/gcc/arm-none-eabi/4.9.3/../../../../arm-none-eabi/lib/armv6-m\libc_nano.a(lib_a-nano-reallocr.o)
                                                  c:/program files/atmel/studio/7.0/toolchain/arm/arm-gnu-toolchain/bin/../lib/gcc/arm-none-eabi/4.9.3/../../../../arm-none-eabi/lib/armv6-m\libc_nano.a(lib_a-fvwrite.o)
_reclaim_reent                                    c:/program files/atmel/studio/7.0/toolchain/arm/arm-gnu-toolchain/bin/../lib/gcc/arm-none-eabi/4.9.3/../../../../arm-none-eabi/lib/armv6-m\libc_nano.a(lib_a-reent.o)
_sbrk                                             src/ASF/sam0/utils/syscalls/gcc/syscalls.o
                                                  c:/program files/atmel/studio/7.0/toolchain/arm/arm-gnu-toolchain/bin/../lib/gcc/arm-none-eabi/4.9.3/../../../../arm-none-eabi/lib/armv6-m\libc_nano.a(lib_a-sbrkr.o)
_sbrk_r                                           c:/program files/atmel/studio/7.0/toolchain/arm/arm-gnu-toolchain/bin/../lib/gcc/arm-none-eabi/4.9.3/../../../../arm-none-eabi/lib/armv6-m\libc_nano.a(lib_a-sbrkr.o)
                                                  c:/program files/atmel/studio/7.0/toolchain/arm/arm-gnu-toolchain/bin/../lib/gcc/arm-none-eabi/4.9.3/../../../../arm-none-eabi/lib/armv6-m\libc_nano.a(lib_a-nano-mallocr.o)
_sfixed                                           src/ASF/sam0/utils/cmsis/samr21/source/gcc/startup_samr21.o
_srelocate                                        src/ASF/sam0/utils/cmsis/samr21/source/gcc/startup_samr21.o
_start                                            c:/program files/atmel/studio/7.0/toolchain/arm/arm-gnu-toolchain/bin/../lib/gcc/arm-none-eabi/4.9.3/../../../../arm-none-eabi/lib/armv6-m/crt0.o
_system_divas_init                                src/ASF/sam0/drivers/system/system.o
_system_dummy_init                                src/ASF/sam0/drivers/system/system.o
_system_events_init                               src/ASF/sam0/drivers/system/system.o
_system_extint_init                               src/ASF/sam0/drivers/system/system.o
_szero                                            src/ASF/sam0/utils/cmsis/samr21/source/gcc/startup_samr21.o
_vfiprintf_r                                      c:/program files/atmel/studio/7.0/toolchain/arm/arm-gnu-toolchain/bin/../lib/gcc/arm-none-eabi/4.9.3/../../../../arm-none-eabi/lib/armv6-m\libc_nano.a(lib_a-nano-vfprintf.o)
_vfprintf_r                                       c:/program files/atmel/studio/7.0/toolchain/arm/arm-gnu-toolchain/bin/../lib/gcc/arm-none-eabi/4.9.3/../../../../arm-none-eabi/lib/armv6-m\libc_nano.a(lib_a-nano-vfprintf.o)
                                                  c:/program files/atmel/studio/7.0/toolchain/arm/arm-gnu-toolchain/bin/../lib/gcc/arm-none-eabi/4.9.3/../../../../arm-none-eabi/lib/armv6-m\libc_nano.a(lib_a-printf.o)
_write                                            c:/program files/atmel/studio/7.0/toolchain/arm/arm-gnu-toolchain/bin/../lib/gcc/arm-none-eabi/4.9.3/../../../../arm-none-eabi/lib/armv6-m\libc_nano.a(lib_a-writer.o)
_write_r                                          c:/program files/atmel/studio/7.0/toolchain/arm/arm-gnu-toolchain/bin/../lib/gcc/arm-none-eabi/4.9.3/../../../../arm-none-eabi/lib/armv6-m\libc_nano.a(lib_a-writer.o)
                                                  c:/program files/atmel/studio/7.0/toolchain/arm/arm-gnu-toolchain/bin/../lib/gcc/arm-none-eabi/4.9.3/../../../../arm-none-eabi/lib/armv6-m\libc_nano.a(lib_a-stdio.o)
atexit                                            c:/program files/atmel/studio/7.0/toolchain/arm/arm-gnu-toolchain/bin/../lib/gcc/arm-none-eabi/4.9.3/../../../../arm-none-eabi/lib/armv6-m/crt0.o
board_init                                        src/ASF/sam0/boards/samr21_xplained_pro/board_init.o
cleanup_glue                                      c:/program files/atmel/studio/7.0/toolchain/arm/arm-gnu-toolchain/bin/../lib/gcc/arm-none-eabi/4.9.3/../../../../arm-none-eabi/lib/armv6-m\libc_nano.a(lib_a-reent.o)
cpu_irq_enter_critical                            src/ASF/common/utils/interrupt/interrupt_sam_nvic.o
                                                  src/ASF/sam0/drivers/system/clock/clock_samd21_r21_da/gclk.o
cpu_irq_leave_critical                            src/ASF/common/utils/interrupt/interrupt_sam_nvic.o
                                                  src/ASF/sam0/drivers/system/clock/clock_samd21_r21_da/gclk.o
errno                                             c:/program files/atmel/studio/7.0/toolchain/arm/arm-gnu-toolchain/bin/../lib/gcc/arm-none-eabi/4.9.3/../../../../arm-none-eabi/lib/armv6-m\libc_nano.a(lib_a-reent.o)
                                                  c:/program files/atmel/studio/7.0/toolchain/arm/arm-gnu-toolchain/bin/../lib/gcc/arm-none-eabi/4.9.3/../../../../arm-none-eabi/lib/armv6-m\libc_nano.a(lib_a-isattyr.o)
                                                  c:/program files/atmel/studio/7.0/toolchain/arm/arm-gnu-toolchain/bin/../lib/gcc/arm-none-eabi/4.9.3/../../../../arm-none-eabi/lib/armv6-m\libc_nano.a(lib_a-fstatr.o)
                                                  c:/program files/atmel/studio/7.0/toolchain/arm/arm-gnu-toolchain/bin/../lib/gcc/arm-none-eabi/4.9.3/../../../../arm-none-eabi/lib/armv6-m\libc_nano.a(lib_a-readr.o)
                                                  c:/program files/atmel/studio/7.0/toolchain/arm/arm-gnu-toolchain/bin/../lib/gcc/arm-none-eabi/4.9.3/../../../../arm-none-eabi/lib/armv6-m\libc_nano.a(lib_a-lseekr.o)
                                                  c:/program files/atmel/studio/7.0/toolchain/arm/arm-gnu-toolchain/bin/../lib/gcc/arm-none-eabi/4.9.3/../../../../arm-none-eabi/lib/armv6-m\libc_nano.a(lib_a-closer.o)
                                                  c:/program files/atmel/studio/7.0/toolchain/arm/arm-gnu-toolchain/bin/../lib/gcc/arm-none-eabi/4.9.3/../../../../arm-none-eabi/lib/armv6-m\libc_nano.a(lib_a-writer.o)
                                                  c:/program files/atmel/studio/7.0/toolchain/arm/arm-gnu-toolchain/bin/../lib/gcc/arm-none-eabi/4.9.3/../../../../arm-none-eabi/lib/armv6-m\libc_nano.a(lib_a-sbrkr.o)
exception_table                                   src/ASF/sam0/utils/cmsis/samr21/source/gcc/startup_samr21.o
exit                                              c:/program files/atmel/studio/7.0/toolchain/arm/arm-gnu-toolchain/bin/../lib/gcc/arm-none-eabi/4.9.3/../../../../arm-none-eabi/lib/armv6-m\libc_nano.a(lib_a-exit.o)
                                                  c:/program files/atmel/studio/7.0/toolchain/arm/arm-gnu-toolchain/bin/../lib/gcc/arm-none-eabi/4.9.3/../../../../arm-none-eabi/lib/armv6-m/crt0.o
fflush                                            c:/program files/atmel/studio/7.0/toolchain/arm/arm-gnu-toolchain/bin/../lib/gcc/arm-none-eabi/4.9.3/../../../../arm-none-eabi/lib/armv6-m\libc_nano.a(lib_a-fflush.o)
g_interrupt_enabled                               src/ASF/common/utils/interrupt/interrupt_sam_nvic.o
hardware_init_hook                                c:/program files/atmel/studio/7.0/toolchain/arm/arm-gnu-toolchain/bin/../lib/gcc/arm-none-eabi/4.9.3/../../../../arm-none-eabi/lib/armv6-m/crt0.o
iprintf                                           c:/program files/atmel/studio/7.0/toolchain/arm/arm-gnu-toolchain/bin/../lib/gcc/arm-none-eabi/4.9.3/../../../../arm-none-eabi/lib/armv6-m\libc_nano.a(lib_a-printf.o)
led_config                                        src/config/led-driver.o
                                                  src/led_toggle.o
led_off                                           src/config/led-driver.o
led_on                                            src/config/led-driver.o
                                                  src/led_toggle.o
led_toggle                                        src/config/led-driver.o
link                                              src/ASF/sam0/utils/syscalls/gcc/syscalls.o
main                                              src/led_toggle.o
                                                  src/ASF/sam0/utils/cmsis/samr21/source/gcc/startup_samr21.o
                                                  c:/program files/atmel/studio/7.0/toolchain/arm/arm-gnu-toolchain/bin/../lib/gcc/arm-none-eabi/4.9.3/../../../../arm-none-eabi/lib/armv6-m/crt0.o
memchr                                            c:/program files/atmel/studio/7.0/toolchain/arm/arm-gnu-toolchain/bin/../lib/gcc/arm-none-eabi/4.9.3/../../../../arm-none-eabi/lib/armv6-m\libc_nano.a(lib_a-memchr.o)
                                                  c:/program files/atmel/studio/7.0/toolchain/arm/arm-gnu-toolchain/bin/../lib/gcc/arm-none-eabi/4.9.3/../../../../arm-none-eabi/lib/armv6-m\libc_nano.a(lib_a-fvwrite.o)
                                                  c:/program files/atmel/studio/7.0/toolchain/arm/arm-gnu-toolchain/bin/../lib/gcc/arm-none-eabi/4.9.3/../../../../arm-none-eabi/lib/armv6-m\libc_nano.a(lib_a-nano-vfprintf_i.o)
                                                  c:/program files/atmel/studio/7.0/toolchain/arm/arm-gnu-toolchain/bin/../lib/gcc/arm-none-eabi/4.9.3/../../../../arm-none-eabi/lib/armv6-m\libc_nano.a(lib_a-nano-vfprintf.o)
memcpy                                            c:/program files/atmel/studio/7.0/toolchain/arm/arm-gnu-toolchain/bin/../lib/gcc/arm-none-eabi/4.9.3/../../../../arm-none-eabi/lib/armv6-m\libc_nano.a(lib_a-memcpy.o)
                                                  c:/program files/atmel/studio/7.0/toolchain/arm/arm-gnu-toolchain/bin/../lib/gcc/arm-none-eabi/4.9.3/../../../../arm-none-eabi/lib/armv6-m\libc_nano.a(lib_a-nano-reallocr.o)
                                                  c:/program files/atmel/studio/7.0/toolchain/arm/arm-gnu-toolchain/bin/../lib/gcc/arm-none-eabi/4.9.3/../../../../arm-none-eabi/lib/armv6-m\libc_nano.a(lib_a-fvwrite.o)
memmove                                           c:/program files/atmel/studio/7.0/toolchain/arm/arm-gnu-toolchain/bin/../lib/gcc/arm-none-eabi/4.9.3/../../../../arm-none-eabi/lib/armv6-m\libc_nano.a(lib_a-memmove.o)
                                                  c:/program files/atmel/studio/7.0/toolchain/arm/arm-gnu-toolchain/bin/../lib/gcc/arm-none-eabi/4.9.3/../../../../arm-none-eabi/lib/armv6-m\libc_nano.a(lib_a-fvwrite.o)
memset                                            c:/program files/atmel/studio/7.0/toolchain/arm/arm-gnu-toolchain/bin/../lib/gcc/arm-none-eabi/4.9.3/../../../../arm-none-eabi/lib/armv6-m\libc_nano.a(lib_a-memset.o)
                                                  c:/program files/atmel/studio/7.0/toolchain/arm/arm-gnu-toolchain/bin/../lib/gcc/arm-none-eabi/4.9.3/../../../../arm-none-eabi/lib/armv6-m\libc_nano.a(lib_a-findfp.o)
                                                  c:/program files/atmel/studio/7.0/toolchain/arm/arm-gnu-toolchain/bin/../lib/gcc/arm-none-eabi/4.9.3/../../../../arm-none-eabi/lib/armv6-m/crt0.o
pin_vec                                           src/config/led-driver.o
port_group_set_config                             src/ASF/sam0/drivers/port/port.o
port_pin_set_config                               src/ASF/sam0/drivers/port/port.o
                                                  src/config/led-driver.o
                                                  src/ASF/sam0/boards/samr21_xplained_pro/board_init.o
printf                                            c:/program files/atmel/studio/7.0/toolchain/arm/arm-gnu-toolchain/bin/../lib/gcc/arm-none-eabi/4.9.3/../../../../arm-none-eabi/lib/armv6-m\libc_nano.a(lib_a-printf.o)
                                                  src/ASF/sam0/utils/syscalls/gcc/syscalls.o
software_init_hook                                c:/program files/atmel/studio/7.0/toolchain/arm/arm-gnu-toolchain/bin/../lib/gcc/arm-none-eabi/4.9.3/../../../../arm-none-eabi/lib/armv6-m/crt0.o
system_board_init                                 src/ASF/sam0/boards/samr21_xplained_pro/board_init.o
system_clock_init                                 src/ASF/sam0/drivers/system/clock/clock_samd21_r21_da/clock.o
system_clock_source_dfll_set_config               src/ASF/sam0/drivers/system/clock/clock_samd21_r21_da/clock.o
system_clock_source_disable                       src/ASF/sam0/drivers/system/clock/clock_samd21_r21_da/clock.o
system_clock_source_dpll_set_config               src/ASF/sam0/drivers/system/clock/clock_samd21_r21_da/clock.o
system_clock_source_enable                        src/ASF/sam0/drivers/system/clock/clock_samd21_r21_da/clock.o
system_clock_source_get_hz                        src/ASF/sam0/drivers/system/clock/clock_samd21_r21_da/clock.o
                                                  src/ASF/sam0/drivers/system/clock/clock_samd21_r21_da/gclk.o
system_clock_source_is_ready                      src/ASF/sam0/drivers/system/clock/clock_samd21_r21_da/clock.o
system_clock_source_osc32k_set_config             src/ASF/sam0/drivers/system/clock/clock_samd21_r21_da/clock.o
system_clock_source_osc8m_set_config              src/ASF/sam0/drivers/system/clock/clock_samd21_r21_da/clock.o
system_clock_source_write_calibration             src/ASF/sam0/drivers/system/clock/clock_samd21_r21_da/clock.o
system_clock_source_xosc32k_set_config            src/ASF/sam0/drivers/system/clock/clock_samd21_r21_da/clock.o
system_clock_source_xosc_set_config               src/ASF/sam0/drivers/system/clock/clock_samd21_r21_da/clock.o
system_gclk_chan_disable                          src/ASF/sam0/drivers/system/clock/clock_samd21_r21_da/gclk.o
system_gclk_chan_enable                           src/ASF/sam0/drivers/system/clock/clock_samd21_r21_da/gclk.o
system_gclk_chan_get_hz                           src/ASF/sam0/drivers/system/clock/clock_samd21_r21_da/gclk.o
                                                  src/ASF/sam0/drivers/system/clock/clock_samd21_r21_da/clock.o
system_gclk_chan_is_enabled                       src/ASF/sam0/drivers/system/clock/clock_samd21_r21_da/gclk.o
system_gclk_chan_is_locked                        src/ASF/sam0/drivers/system/clock/clock_samd21_r21_da/gclk.o
system_gclk_chan_lock                             src/ASF/sam0/drivers/system/clock/clock_samd21_r21_da/gclk.o
system_gclk_chan_set_config                       src/ASF/sam0/drivers/system/clock/clock_samd21_r21_da/gclk.o
                                                  src/ASF/sam0/drivers/system/clock/clock_samd21_r21_da/clock.o
system_gclk_gen_disable                           src/ASF/sam0/drivers/system/clock/clock_samd21_r21_da/gclk.o
system_gclk_gen_enable                            src/ASF/sam0/drivers/system/clock/clock_samd21_r21_da/gclk.o
                                                  src/ASF/sam0/drivers/system/clock/clock_samd21_r21_da/clock.o
system_gclk_gen_get_hz                            src/ASF/sam0/drivers/system/clock/clock_samd21_r21_da/gclk.o
system_gclk_gen_is_enabled                        src/ASF/sam0/drivers/system/clock/clock_samd21_r21_da/gclk.o
system_gclk_gen_set_config                        src/ASF/sam0/drivers/system/clock/clock_samd21_r21_da/gclk.o
                                                  src/ASF/sam0/drivers/system/clock/clock_samd21_r21_da/clock.o
system_gclk_init                                  src/ASF/sam0/drivers/system/clock/clock_samd21_r21_da/gclk.o
                                                  src/ASF/sam0/drivers/system/clock/clock_samd21_r21_da/clock.o
system_init                                       src/ASF/sam0/drivers/system/system.o
                                                  src/led_toggle.o
system_interrupt_clear_pending                    src/ASF/sam0/drivers/system/interrupt/system_interrupt.o
system_interrupt_get_priority                     src/ASF/sam0/drivers/system/interrupt/system_interrupt.o
system_interrupt_is_pending                       src/ASF/sam0/drivers/system/interrupt/system_interrupt.o
system_interrupt_set_pending                      src/ASF/sam0/drivers/system/interrupt/system_interrupt.o
system_interrupt_set_priority                     src/ASF/sam0/drivers/system/interrupt/system_interrupt.o
system_pinmux_group_set_config                    src/ASF/sam0/drivers/system/pinmux/pinmux.o
                                                  src/ASF/sam0/drivers/port/port.o
system_pinmux_group_set_input_sample_mode         src/ASF/sam0/drivers/system/pinmux/pinmux.o
system_pinmux_pin_set_config                      src/ASF/sam0/drivers/system/pinmux/pinmux.o
                                                  src/ASF/sam0/drivers/port/port.o
vfiprintf                                         c:/program files/atmel/studio/7.0/toolchain/arm/arm-gnu-toolchain/bin/../lib/gcc/arm-none-eabi/4.9.3/../../../../arm-none-eabi/lib/armv6-m\libc_nano.a(lib_a-nano-vfprintf.o)
vfprintf                                          c:/program files/atmel/studio/7.0/toolchain/arm/arm-gnu-toolchain/bin/../lib/gcc/arm-none-eabi/4.9.3/../../../../arm-none-eabi/lib/armv6-m\libc_nano.a(lib_a-nano-vfprintf.o)
