Archive member included to satisfy reference by file (symbol)

c:/program files/atmel/studio/7.0/toolchain/arm/arm-gnu-toolchain/bin/../lib/gcc/arm-none-eabi/6.3.1/thumb/v6-m\libgcc.a(_udivsi3.o)
                              src/ASF/common2/components/display/ssd1306/ssd1306.o (__aeabi_uidiv)
c:/program files/atmel/studio/7.0/toolchain/arm/arm-gnu-toolchain/bin/../lib/gcc/arm-none-eabi/6.3.1/thumb/v6-m\libgcc.a(_divsi3.o)
                              src/qs_adc_basic.o (__aeabi_idiv)
c:/program files/atmel/studio/7.0/toolchain/arm/arm-gnu-toolchain/bin/../lib/gcc/arm-none-eabi/6.3.1/thumb/v6-m\libgcc.a(_dvmd_tls.o)
                              c:/program files/atmel/studio/7.0/toolchain/arm/arm-gnu-toolchain/bin/../lib/gcc/arm-none-eabi/6.3.1/thumb/v6-m\libgcc.a(_udivsi3.o) (__aeabi_idiv0)
c:/program files/atmel/studio/7.0/toolchain/arm/arm-gnu-toolchain/bin/../lib/gcc/arm-none-eabi/6.3.1/thumb/v6-m\libgcc.a(_muldi3.o)
                              src/ASF/sam0/drivers/sercom/sercom.o (__aeabi_lmul)
c:/program files/atmel/studio/7.0/toolchain/arm/arm-gnu-toolchain/bin/../lib/gcc/arm-none-eabi/6.3.1/thumb/v6-m\libgcc.a(addsf3.o)
                              src/qs_adc_basic.o (__aeabi_fadd)
c:/program files/atmel/studio/7.0/toolchain/arm/arm-gnu-toolchain/bin/../lib/gcc/arm-none-eabi/6.3.1/thumb/v6-m\libgcc.a(fixsfsi.o)
                              src/qs_adc_basic.o (__aeabi_f2iz)
c:/program files/atmel/studio/7.0/toolchain/arm/arm-gnu-toolchain/bin/../lib/gcc/arm-none-eabi/6.3.1/thumb/v6-m\libgcc.a(floatsisf.o)
                              src/qs_adc_basic.o (__aeabi_i2f)
c:/program files/atmel/studio/7.0/toolchain/arm/arm-gnu-toolchain/bin/../lib/gcc/arm-none-eabi/6.3.1/thumb/v6-m\libgcc.a(adddf3.o)
                              src/ASF/sam0/drivers/sercom/i2c/i2c_sam0/i2c_master.o (__aeabi_dadd)
c:/program files/atmel/studio/7.0/toolchain/arm/arm-gnu-toolchain/bin/../lib/gcc/arm-none-eabi/6.3.1/thumb/v6-m\libgcc.a(divdf3.o)
                              src/ASF/sam0/drivers/sercom/i2c/i2c_sam0/i2c_master.o (__aeabi_ddiv)
c:/program files/atmel/studio/7.0/toolchain/arm/arm-gnu-toolchain/bin/../lib/gcc/arm-none-eabi/6.3.1/thumb/v6-m\libgcc.a(muldf3.o)
                              src/ASF/sam0/components/sensor/at30tse75x/at30tse75x.o (__aeabi_dmul)
c:/program files/atmel/studio/7.0/toolchain/arm/arm-gnu-toolchain/bin/../lib/gcc/arm-none-eabi/6.3.1/thumb/v6-m\libgcc.a(subdf3.o)
                              src/ASF/sam0/drivers/sercom/i2c/i2c_sam0/i2c_master.o (__aeabi_dsub)
c:/program files/atmel/studio/7.0/toolchain/arm/arm-gnu-toolchain/bin/../lib/gcc/arm-none-eabi/6.3.1/thumb/v6-m\libgcc.a(fixdfsi.o)
                              src/ASF/sam0/drivers/sercom/i2c/i2c_sam0/i2c_master.o (__aeabi_d2iz)
c:/program files/atmel/studio/7.0/toolchain/arm/arm-gnu-toolchain/bin/../lib/gcc/arm-none-eabi/6.3.1/thumb/v6-m\libgcc.a(floatsidf.o)
                              src/ASF/sam0/components/sensor/at30tse75x/at30tse75x.o (__aeabi_i2d)
c:/program files/atmel/studio/7.0/toolchain/arm/arm-gnu-toolchain/bin/../lib/gcc/arm-none-eabi/6.3.1/thumb/v6-m\libgcc.a(floatunsidf.o)
                              src/ASF/sam0/drivers/sercom/i2c/i2c_sam0/i2c_master.o (__aeabi_ui2d)
c:/program files/atmel/studio/7.0/toolchain/arm/arm-gnu-toolchain/bin/../lib/gcc/arm-none-eabi/6.3.1/thumb/v6-m\libgcc.a(truncdfsf2.o)
                              src/qs_adc_basic.o (__aeabi_d2f)
c:/program files/atmel/studio/7.0/toolchain/arm/arm-gnu-toolchain/bin/../lib/gcc/arm-none-eabi/6.3.1/thumb/v6-m\libgcc.a(_clzsi2.o)
                              c:/program files/atmel/studio/7.0/toolchain/arm/arm-gnu-toolchain/bin/../lib/gcc/arm-none-eabi/6.3.1/thumb/v6-m\libgcc.a(addsf3.o) (__clzsi2)
c:/program files/atmel/studio/7.0/toolchain/arm/arm-gnu-toolchain/bin/../lib/gcc/arm-none-eabi/6.3.1/../../../../arm-none-eabi/lib/thumb/v6-m\libc_nano.a(lib_a-exit.o)
                              c:/program files/atmel/studio/7.0/toolchain/arm/arm-gnu-toolchain/bin/../lib/gcc/arm-none-eabi/6.3.1/../../../../arm-none-eabi/lib/thumb/v6-m/crt0.o (exit)
c:/program files/atmel/studio/7.0/toolchain/arm/arm-gnu-toolchain/bin/../lib/gcc/arm-none-eabi/6.3.1/../../../../arm-none-eabi/lib/thumb/v6-m\libc_nano.a(lib_a-impure.o)
                              c:/program files/atmel/studio/7.0/toolchain/arm/arm-gnu-toolchain/bin/../lib/gcc/arm-none-eabi/6.3.1/../../../../arm-none-eabi/lib/thumb/v6-m\libc_nano.a(lib_a-exit.o) (_global_impure_ptr)
c:/program files/atmel/studio/7.0/toolchain/arm/arm-gnu-toolchain/bin/../lib/gcc/arm-none-eabi/6.3.1/../../../../arm-none-eabi/lib/thumb/v6-m\libc_nano.a(lib_a-init.o)
                              c:/program files/atmel/studio/7.0/toolchain/arm/arm-gnu-toolchain/bin/../lib/gcc/arm-none-eabi/6.3.1/../../../../arm-none-eabi/lib/thumb/v6-m/crt0.o (__libc_init_array)
[...]
Memory Configuration

Name             Origin             Length             Attributes
rom              0x00000000         0x00040000         xr
ram              0x20000000         0x00008000         xrw
*default*        0x00000000         0xffffffff

Linker script and memory map

LOAD c:/program files/atmel/studio/7.0/toolchain/arm/arm-gnu-toolchain/bin/../lib/gcc/arm-none-eabi/6.3.1/thumb/v6-m/crti.o
LOAD c:/program files/atmel/studio/7.0/toolchain/arm/arm-gnu-toolchain/bin/../lib/gcc/arm-none-eabi/6.3.1/thumb/v6-m/crtbegin.o
LOAD c:/program files/atmel/studio/7.0/toolchain/arm/arm-gnu-toolchain/bin/../lib/gcc/arm-none-eabi/6.3.1/../../../../arm-none-eabi/lib/thumb/v6-m/crt0.o
LOAD src/ASF/common2/components/display/ssd1306/ssd1306.o
LOAD src/ASF/common2/services/gfx_mono/gfx_mono_framebuffer.o
LOAD src/ASF/common2/services/gfx_mono/gfx_mono_ug_2832hsweg04.o
LOAD src/ASF/sam0/components/sensor/at30tse75x/at30tse75x.o
LOAD src/ASF/sam0/drivers/nvm/nvm.o
LOAD src/ASF/sam0/drivers/sercom/i2c/i2c_sam0/i2c_master.o
LOAD src/ASF/sam0/drivers/sercom/i2c/i2c_sam0/i2c_master_interrupt.o
LOAD src/ASF/sam0/drivers/sercom/sercom_interrupt.o
LOAD src/ASF/sam0/drivers/sercom/spi/spi.o
LOAD src/ASF/sam0/drivers/sercom/spi/spi_interrupt.o
LOAD src/ASF/common2/services/gfx_mono/gfx_mono_generic.o
LOAD src/ASF/common2/services/delay/sam0/systick_counter.o
LOAD src/ASF/common2/services/gfx_mono/gfx_mono_text.o
LOAD src/ASF/common2/services/gfx_mono/sysfont.o
LOAD src/ASF/sam0/drivers/sercom/sercom.o
LOAD src/ASF/sam0/services/eeprom/emulator/main_array/eeprom.o
LOAD src/ASF/sam0/utils/stdio/read.o
LOAD src/ASF/sam0/utils/stdio/write.o
LOAD src/ASF/sam0/drivers/sercom/usart/usart.o
LOAD src/ASF/common/utils/interrupt/interrupt_sam_nvic.o
LOAD src/ASF/sam0/boards/samd21_xplained_pro/board_init.o
LOAD src/ASF/sam0/drivers/adc/adc_sam_d_r_h/adc.o
LOAD src/ASF/sam0/drivers/port/port.o
LOAD src/ASF/sam0/drivers/system/clock/clock_samd21_r21_da_ha1/clock.o
LOAD src/ASF/sam0/drivers/system/clock/clock_samd21_r21_da_ha1/gclk.o
LOAD src/ASF/sam0/drivers/system/interrupt/system_interrupt.o
LOAD src/ASF/sam0/drivers/system/pinmux/pinmux.o
LOAD src/ASF/sam0/drivers/system/system.o
LOAD src/ASF/sam0/utils/cmsis/samd21/source/gcc/startup_samd21.o
LOAD src/ASF/sam0/utils/cmsis/samd21/source/system_samd21.o
LOAD src/ASF/sam0/utils/syscalls/gcc/syscalls.o
LOAD src/qs_adc_basic.o
START GROUP
LOAD ../src/ASF/thirdparty/CMSIS/Lib/GCC\libarm_cortexM0l_math.a
LOAD c:/program files/atmel/studio/7.0/toolchain/arm/arm-gnu-toolchain/bin/../lib/gcc/arm-none-eabi/6.3.1/../../../../arm-none-eabi/lib/thumb/v6-m\libm.a
END GROUP
START GROUP
LOAD c:/program files/atmel/studio/7.0/toolchain/arm/arm-gnu-toolchain/bin/../lib/gcc/arm-none-eabi/6.3.1/thumb/v6-m\libgcc.a
LOAD c:/program files/atmel/studio/7.0/toolchain/arm/arm-gnu-toolchain/bin/../lib/gcc/arm-none-eabi/6.3.1/../../../../arm-none-eabi/lib/thumb/v6-m\libc_nano.a
END GROUP
START GROUP
LOAD c:/program files/atmel/studio/7.0/toolchain/arm/arm-gnu-toolchain/bin/../lib/gcc/arm-none-eabi/6.3.1/thumb/v6-m\libgcc.a
LOAD c:/program files/atmel/studio/7.0/toolchain/arm/arm-gnu-toolchain/bin/../lib/gcc/arm-none-eabi/6.3.1/../../../../arm-none-eabi/lib/thumb/v6-m\libc_nano.a
END GROUP
LOAD c:/program files/atmel/studio/7.0/toolchain/arm/arm-gnu-toolchain/bin/../lib/gcc/arm-none-eabi/6.3.1/thumb/v6-m/crtend.o
LOAD c:/program files/atmel/studio/7.0/toolchain/arm/arm-gnu-toolchain/bin/../lib/gcc/arm-none-eabi/6.3.1/thumb/v6-m/crtn.o
                0x00002000                STACK_SIZE = DEFINED (STACK_SIZE)?STACK_SIZE:DEFINED (__stack_size__)?__stack_size__:0x2000

.text           0x00000000     0x668c
                0x00000000                . = ALIGN (0x4)
                0x00000000                _sfixed = .
 *(.vectors .vectors.*)
 .vectors       0x00000000       0xb4 src/ASF/sam0/utils/cmsis/samd21/source/gcc/startup_samd21.o
                0x00000000                exception_table
 *(.text .text.* .gnu.linkonce.t.*)
 .text          0x000000b4       0x60 c:/program files/atmel/studio/7.0/toolchain/arm/arm-gnu-toolchain/bin/../lib/gcc/arm-none-eabi/6.3.1/thumb/v6-m/crtbegin.o
 .text.ssd1306_write_command
                0x00000114       0x4c src/ASF/common2/components/display/ssd1306/ssd1306.o
                0x00000114                ssd1306_write_command
 .text.ssd1306_init
                0x00000160      0x1d0 src/ASF/common2/components/display/ssd1306/ssd1306.o
                0x00000160                ssd1306_init
 .text.ssd1306_write_data
                0x00000330       0x4c src/ASF/common2/components/display/ssd1306/ssd1306.o
                0x00000330                ssd1306_write_data
 .text.gfx_mono_set_framebuffer
                0x0000037c        0xc src/ASF/common2/services/gfx_mono/gfx_mono_framebuffer.o
                0x0000037c                gfx_mono_set_framebuffer
 .text.gfx_mono_framebuffer_put_byte
                0x00000388       0x10 src/ASF/common2/services/gfx_mono/gfx_mono_framebuffer.o
                0x00000388                gfx_mono_framebuffer_put_byte
 .text.gfx_mono_framebuffer_get_byte
                0x00000398       0x10 src/ASF/common2/services/gfx_mono/gfx_mono_framebuffer.o
                0x00000398                gfx_mono_framebuffer_get_byte
 .text.gfx_mono_ssd1306_put_byte
                0x000003a8       0x54 src/ASF/common2/services/gfx_mono/gfx_mono_ug_2832hsweg04.o
                0x000003a8                gfx_mono_ssd1306_put_byte
 .text.gfx_mono_ssd1306_init
                0x000003fc       0x4c src/ASF/common2/services/gfx_mono/gfx_mono_ug_2832hsweg04.o
                0x000003fc                gfx_mono_ssd1306_init
 .text.gfx_mono_ssd1306_draw_pixel
                0x00000448       0x68 src/ASF/common2/services/gfx_mono/gfx_mono_ug_2832hsweg04.o
                0x00000448                gfx_mono_ssd1306_draw_pixel
 .text.gfx_mono_ssd1306_get_byte
                0x000004b0        0xc src/ASF/common2/services/gfx_mono/gfx_mono_ug_2832hsweg04.o
                0x000004b0                gfx_mono_ssd1306_get_byte
 .text.at30tse_init
                0x000004bc       0xb4 src/ASF/sam0/components/sensor/at30tse75x/at30tse75x.o
                0x000004bc                at30tse_init
 .text.at30tse_read_register
                0x00000570       0x58 src/ASF/sam0/components/sensor/at30tse75x/at30tse75x.o
                0x00000570                at30tse_read_register
 .text.at30tse_read_temperature
                0x000005c8       0xa4 src/ASF/sam0/components/sensor/at30tse75x/at30tse75x.o
                0x000005c8                at30tse_read_temperature
 .text.nvm_set_config
                0x0000066c       0x88 src/ASF/sam0/drivers/nvm/nvm.o
                0x0000066c                nvm_set_config
 .text.nvm_execute_command
                0x000006f4       0xa0 src/ASF/sam0/drivers/nvm/nvm.o
                0x000006f4                nvm_execute_command
 .text.nvm_write_buffer
                0x00000794       0xa8 src/ASF/sam0/drivers/nvm/nvm.o
                0x00000794                nvm_write_buffer
 .text.nvm_read_buffer
                0x0000083c       0x6c src/ASF/sam0/drivers/nvm/nvm.o
                0x0000083c                nvm_read_buffer
 .text.nvm_erase_row
                0x000008a8       0x5c src/ASF/sam0/drivers/nvm/nvm.o
                0x000008a8                nvm_erase_row
 .text.nvm_get_parameters
                0x00000904       0x58 src/ASF/sam0/drivers/nvm/nvm.o
                0x00000904                nvm_get_parameters
 .text._i2c_master_wait_for_sync
                0x0000095c        0xc src/ASF/sam0/drivers/sercom/i2c/i2c_sam0/i2c_master.o
 .text.i2c_master_init
                0x00000968      0x2f8 src/ASF/sam0/drivers/sercom/i2c/i2c_sam0/i2c_master.o
                0x00000968                i2c_master_init
 .text._i2c_master_address_response
                0x00000c60       0x30 src/ASF/sam0/drivers/sercom/i2c/i2c_sam0/i2c_master.o
                0x00000c60                _i2c_master_address_response
 .text._i2c_master_wait_for_bus
                0x00000c90       0x2c src/ASF/sam0/drivers/sercom/i2c/i2c_sam0/i2c_master.o
                0x00000c90                _i2c_master_wait_for_bus
 .text._i2c_master_send_hs_master_code
                0x00000cbc       0x20 src/ASF/sam0/drivers/sercom/i2c/i2c_sam0/i2c_master.o
                0x00000cbc                _i2c_master_send_hs_master_code
 .text._i2c_master_read_packet
                0x00000cdc      0x1a0 src/ASF/sam0/drivers/sercom/i2c/i2c_sam0/i2c_master.o
 .text._i2c_master_write_packet
                0x00000e7c       0xf4 src/ASF/sam0/drivers/sercom/i2c/i2c_sam0/i2c_master.o
 .text.i2c_master_read_packet_wait
                0x00000f70       0x24 src/ASF/sam0/drivers/sercom/i2c/i2c_sam0/i2c_master.o
                0x00000f70                i2c_master_read_packet_wait
 .text.i2c_master_write_packet_wait_no_stop
                0x00000f94       0x24 src/ASF/sam0/drivers/sercom/i2c/i2c_sam0/i2c_master.o
                0x00000f94                i2c_master_write_packet_wait_no_stop
 .text._i2c_master_wait_for_sync
                0x00000fb8        0xc src/ASF/sam0/drivers/sercom/i2c/i2c_sam0/i2c_master_interrupt.o
 .text._i2c_master_read
                0x00000fc4       0x88 src/ASF/sam0/drivers/sercom/i2c/i2c_sam0/i2c_master_interrupt.o
 .text._i2c_master_write
                0x0000104c       0x3c src/ASF/sam0/drivers/sercom/i2c/i2c_sam0/i2c_master_interrupt.o
 .text._i2c_master_interrupt_handler
                0x00001088      0x1ec src/ASF/sam0/drivers/sercom/i2c/i2c_sam0/i2c_master_interrupt.o
                0x00001088                _i2c_master_interrupt_handler
 .text._sercom_default_handler
                0x00001274        0x2 src/ASF/sam0/drivers/sercom/sercom_interrupt.o
 *fill*         0x00001276        0x2 
 .text._sercom_set_handler
                0x00001278       0x3c src/ASF/sam0/drivers/sercom/sercom_interrupt.o
                0x00001278                _sercom_set_handler
 .text._sercom_get_interrupt_vector
                0x000012b4       0x30 src/ASF/sam0/drivers/sercom/sercom_interrupt.o
                0x000012b4                _sercom_get_interrupt_vector
 .text.SERCOM0_Handler
                0x000012e4       0x10 src/ASF/sam0/drivers/sercom/sercom_interrupt.o
                0x000012e4                SERCOM0_Handler
 .text.SERCOM1_Handler
                0x000012f4       0x10 src/ASF/sam0/drivers/sercom/sercom_interrupt.o
                0x000012f4                SERCOM1_Handler
 .text.SERCOM2_Handler
                0x00001304       0x10 src/ASF/sam0/drivers/sercom/sercom_interrupt.o
                0x00001304                SERCOM2_Handler
 .text.SERCOM3_Handler
                0x00001314       0x10 src/ASF/sam0/drivers/sercom/sercom_interrupt.o
                0x00001314                SERCOM3_Handler
 .text.SERCOM4_Handler
                0x00001324       0x10 src/ASF/sam0/drivers/sercom/sercom_interrupt.o
                0x00001324                SERCOM4_Handler
 .text.SERCOM5_Handler
                0x00001334       0x10 src/ASF/sam0/drivers/sercom/sercom_interrupt.o
                0x00001334                SERCOM5_Handler
 .text.spi_init
                0x00001344      0x214 src/ASF/sam0/drivers/sercom/spi/spi.o
                0x00001344                spi_init
 .text.spi_select_slave
                0x00001558       0xf4 src/ASF/sam0/drivers/sercom/spi/spi.o
                0x00001558                spi_select_slave
 .text.spi_write_buffer_wait
                0x0000164c      0x210 src/ASF/sam0/drivers/sercom/spi/spi.o
                0x0000164c                spi_write_buffer_wait
 .text._spi_interrupt_handler
                0x0000185c      0x224 src/ASF/sam0/drivers/sercom/spi/spi_interrupt.o
                0x0000185c                _spi_interrupt_handler
 .text.gfx_mono_generic_draw_horizontal_line
                0x00001a80       0xc8 src/ASF/common2/services/gfx_mono/gfx_mono_generic.o
                0x00001a80                gfx_mono_generic_draw_horizontal_line
 .text.gfx_mono_generic_draw_filled_rect
                0x00001b48       0x34 src/ASF/common2/services/gfx_mono/gfx_mono_generic.o
                0x00001b48                gfx_mono_generic_draw_filled_rect
 .text.delay_init
                0x00001b7c       0x40 src/ASF/common2/services/delay/sam0/systick_counter.o
                0x00001b7c                delay_init
 .text.gfx_mono_draw_char
                0x00001bbc       0xd0 src/ASF/common2/services/gfx_mono/gfx_mono_text.o
                0x00001bbc                gfx_mono_draw_char
 .text.gfx_mono_draw_string
                0x00001c8c       0x50 src/ASF/common2/services/gfx_mono/gfx_mono_text.o
                0x00001c8c                gfx_mono_draw_string
 .text.long_division
                0x00001cdc       0xba src/ASF/sam0/drivers/sercom/sercom.o
 .text._sercom_get_sync_baud_val
                0x00001d96       0x28 src/ASF/sam0/drivers/sercom/sercom.o
                0x00001d96                _sercom_get_sync_baud_val
 *fill*         0x00001dbe        0x2 
 .text._sercom_get_async_baud_val
                0x00001dc0       0x94 src/ASF/sam0/drivers/sercom/sercom.o
                0x00001dc0                _sercom_get_async_baud_val
 .text.sercom_set_gclk_generator
                0x00001e54       0x4c src/ASF/sam0/drivers/sercom/sercom.o
                0x00001e54                sercom_set_gclk_generator
 .text._sercom_get_default_pad
                0x00001ea0      0x178 src/ASF/sam0/drivers/sercom/sercom.o
                0x00001ea0                _sercom_get_default_pad
 .text._sercom_get_sercom_inst_index
                0x00002018       0x38 src/ASF/sam0/drivers/sercom/sercom.o
                0x00002018                _sercom_get_sercom_inst_index
 .text._eeprom_emulator_nvm_erase_row
                0x00002050       0x1c src/ASF/sam0/services/eeprom/emulator/main_array/eeprom.o
 .text._eeprom_emulator_update_page_mapping
                0x0000206c      0x14c src/ASF/sam0/services/eeprom/emulator/main_array/eeprom.o
 .text._eeprom_emulator_nvm_read_page
                0x000021b8       0x24 src/ASF/sam0/services/eeprom/emulator/main_array/eeprom.o
 .text._eeprom_emulator_nvm_fill_cache
                0x000021dc       0x24 src/ASF/sam0/services/eeprom/emulator/main_array/eeprom.o
 .text._eeprom_emulator_nvm_commit_cache
                0x00002200       0x20 src/ASF/sam0/services/eeprom/emulator/main_array/eeprom.o
 .text.eeprom_emulator_init
                0x00002220       0xe4 src/ASF/sam0/services/eeprom/emulator/main_array/eeprom.o
                0x00002220                eeprom_emulator_init
 .text.eeprom_emulator_erase_memory
                0x00002304       0xe0 src/ASF/sam0/services/eeprom/emulator/main_array/eeprom.o
                0x00002304                eeprom_emulator_erase_memory
 .text.eeprom_emulator_commit_page_buffer
                0x000023e4       0x30 src/ASF/sam0/services/eeprom/emulator/main_array/eeprom.o
                0x000023e4                eeprom_emulator_commit_page_buffer
 .text.eeprom_emulator_write_page
                0x00002414      0x194 src/ASF/sam0/services/eeprom/emulator/main_array/eeprom.o
                0x00002414                eeprom_emulator_write_page
 .text._read    0x000025a8       0x44 src/ASF/sam0/utils/stdio/read.o
                0x000025a8                _read
 .text._write   0x000025ec       0x50 src/ASF/sam0/utils/stdio/write.o
                0x000025ec                _write
 .text.usart_init
                0x0000263c      0x2fc src/ASF/sam0/drivers/sercom/usart/usart.o
                0x0000263c                usart_init
 .text.usart_write_wait
                0x00002938       0x2a src/ASF/sam0/drivers/sercom/usart/usart.o
                0x00002938                usart_write_wait
 .text.usart_read_wait
                0x00002962       0x68 src/ASF/sam0/drivers/sercom/usart/usart.o
                0x00002962                usart_read_wait
 *fill*         0x000029ca        0x2 
 .text.cpu_irq_enter_critical
                0x000029cc       0x40 src/ASF/common/utils/interrupt/interrupt_sam_nvic.o
                0x000029cc                cpu_irq_enter_critical
 .text.cpu_irq_leave_critical
                0x00002a0c       0x30 src/ASF/common/utils/interrupt/interrupt_sam_nvic.o
                0x00002a0c                cpu_irq_leave_critical
 .text.system_board_init
                0x00002a3c       0x38 src/ASF/sam0/boards/samd21_xplained_pro/board_init.o
                0x00002a3c                board_init
                0x00002a3c                system_board_init
 .text.port_pin_set_config
                0x00002a74       0x24 src/ASF/sam0/drivers/port/port.o
                0x00002a74                port_pin_set_config
 .text.system_clock_source_get_hz
                0x00002a98       0x90 src/ASF/sam0/drivers/system/clock/clock_samd21_r21_da_ha1/clock.o
                0x00002a98                system_clock_source_get_hz
 .text.system_clock_source_osc8m_set_config
                0x00002b28       0x3c src/ASF/sam0/drivers/system/clock/clock_samd21_r21_da_ha1/clock.o
                0x00002b28                system_clock_source_osc8m_set_config
 .text.system_clock_source_enable
                0x00002b64       0xa8 src/ASF/sam0/drivers/system/clock/clock_samd21_r21_da_ha1/clock.o
                0x00002b64                system_clock_source_enable
 .text.system_clock_init
                0x00002c0c       0x98 src/ASF/sam0/drivers/system/clock/clock_samd21_r21_da_ha1/clock.o
                0x00002c0c                system_clock_init
 .text.system_gclk_init
                0x00002ca4       0x24 src/ASF/sam0/drivers/system/clock/clock_samd21_r21_da_ha1/gclk.o
                0x00002ca4                system_gclk_init
 .text.system_gclk_gen_set_config
                0x00002cc8       0xb8 src/ASF/sam0/drivers/system/clock/clock_samd21_r21_da_ha1/gclk.o
                0x00002cc8                system_gclk_gen_set_config
 .text.system_gclk_gen_enable
                0x00002d80       0x44 src/ASF/sam0/drivers/system/clock/clock_samd21_r21_da_ha1/gclk.o
                0x00002d80                system_gclk_gen_enable
 .text.system_gclk_gen_get_hz
                0x00002dc4       0x8c src/ASF/sam0/drivers/system/clock/clock_samd21_r21_da_ha1/gclk.o
                0x00002dc4                system_gclk_gen_get_hz
 .text.system_gclk_chan_enable
                0x00002e50       0x30 src/ASF/sam0/drivers/system/clock/clock_samd21_r21_da_ha1/gclk.o
                0x00002e50                system_gclk_chan_enable
 .text.system_gclk_chan_disable
                0x00002e80       0x5c src/ASF/sam0/drivers/system/clock/clock_samd21_r21_da_ha1/gclk.o
                0x00002e80                system_gclk_chan_disable
 .text.system_gclk_chan_set_config
                0x00002edc       0x1c src/ASF/sam0/drivers/system/clock/clock_samd21_r21_da_ha1/gclk.o
                0x00002edc                system_gclk_chan_set_config
 .text.system_gclk_chan_get_hz
                0x00002ef8       0x34 src/ASF/sam0/drivers/system/clock/clock_samd21_r21_da_ha1/gclk.o
                0x00002ef8                system_gclk_chan_get_hz
 .text._system_pinmux_config
                0x00002f2c       0xa8 src/ASF/sam0/drivers/system/pinmux/pinmux.o
 .text.system_pinmux_pin_set_config
                0x00002fd4       0x30 src/ASF/sam0/drivers/system/pinmux/pinmux.o
                0x00002fd4                system_pinmux_pin_set_config
 .text._system_dummy_init
                0x00003004        0x2 src/ASF/sam0/drivers/system/system.o
                0x00003004                _system_extint_init
                0x00003004                _system_events_init
                0x00003004                _system_dummy_init
                0x00003004                _system_divas_init
 *fill*         0x00003006        0x2 
 .text.system_init
                0x00003008       0x2c src/ASF/sam0/drivers/system/system.o
                0x00003008                system_init
 .text.Dummy_Handler
                0x00003034        0x2 src/ASF/sam0/utils/cmsis/samd21/source/gcc/startup_samd21.o
                0x00003034                DMAC_Handler
                0x00003034                HardFault_Handler
                0x00003034                AC_Handler
                0x00003034                SysTick_Handler
                0x00003034                PendSV_Handler
                0x00003034                NMI_Handler
                0x00003034                TC7_Handler
                0x00003034                ADC_Handler
                0x00003034                TCC1_Handler
                0x00003034                TCC0_Handler
                0x00003034                RTC_Handler
                0x00003034                EIC_Handler
                0x00003034                TC6_Handler
                0x00003034                WDT_Handler
                0x00003034                TC4_Handler
                0x00003034                USB_Handler
                0x00003034                TC3_Handler
                0x00003034                Dummy_Handler
                0x00003034                PM_Handler
                0x00003034                SVC_Handler
                0x00003034                TCC2_Handler
                0x00003034                EVSYS_Handler
                0x00003034                I2S_Handler
                0x00003034                NVMCTRL_Handler
                0x00003034                DAC_Handler
                0x00003034                PTC_Handler
                0x00003034                TC5_Handler
                0x00003034                SYSCTRL_Handler
 *fill*         0x00003036        0x2 
 .text.Reset_Handler
                0x00003038       0xe4 src/ASF/sam0/utils/cmsis/samd21/source/gcc/startup_samd21.o
                0x00003038                Reset_Handler
 .text._sbrk    0x0000311c       0x24 src/ASF/sam0/utils/syscalls/gcc/syscalls.o
                0x0000311c                _sbrk
 .text._close   0x00003140        0x6 src/ASF/sam0/utils/syscalls/gcc/syscalls.o
                0x00003140                _close
 .text._fstat   0x00003146        0xa src/ASF/sam0/utils/syscalls/gcc/syscalls.o
                0x00003146                _fstat
 .text._isatty  0x00003150        0x4 src/ASF/sam0/utils/syscalls/gcc/syscalls.o
                0x00003150                _isatty
 .text._lseek   0x00003154        0x4 src/ASF/sam0/utils/syscalls/gcc/syscalls.o
                0x00003154                _lseek
 .text.usart_serial_getchar
                0x00003158       0x2c src/qs_adc_basic.o
 .text.usart_serial_putchar
                0x00003184       0x18 src/qs_adc_basic.o
 .text.configure_eeprom
                0x0000319c       0x34 src/qs_adc_basic.o
                0x0000319c                configure_eeprom
 .text.main     0x000031d0      0x1d4 src/qs_adc_basic.o
                0x000031d0                main
 .text          0x000033a4      0x114 c:/program files/atmel/studio/7.0/toolchain/arm/arm-gnu-toolchain/bin/../lib/gcc/arm-none-eabi/6.3.1/thumb/v6-m\libgcc.a(_udivsi3.o)
                0x000033a4                __aeabi_uidiv
                0x000033a4                __udivsi3
                0x000034b0                __aeabi_uidivmod
 .text          0x000034b8      0x1d4 c:/program files/atmel/studio/7.0/toolchain/arm/arm-gnu-toolchain/bin/../lib/gcc/arm-none-eabi/6.3.1/thumb/v6-m\libgcc.a(_divsi3.o)
                0x000034b8                __divsi3
                0x000034b8                __aeabi_idiv
                0x00003684                __aeabi_idivmod
 .text          0x0000368c        0x4 c:/program files/atmel/studio/7.0/toolchain/arm/arm-gnu-toolchain/bin/../lib/gcc/arm-none-eabi/6.3.1/thumb/v6-m\libgcc.a(_dvmd_tls.o)
                0x0000368c                __aeabi_idiv0
                0x0000368c                __aeabi_ldiv0
 .text          0x00003690       0x54 c:/program files/atmel/studio/7.0/toolchain/arm/arm-gnu-toolchain/bin/../lib/gcc/arm-none-eabi/6.3.1/thumb/v6-m\libgcc.a(_muldi3.o)
                0x00003690                __muldi3
                0x00003690                __aeabi_lmul
 .text          0x000036e4      0x324 c:/program files/atmel/studio/7.0/toolchain/arm/arm-gnu-toolchain/bin/../lib/gcc/arm-none-eabi/6.3.1/thumb/v6-m\libgcc.a(addsf3.o)
                0x000036e4                __aeabi_fadd
 .text          0x00003a08       0x40 c:/program files/atmel/studio/7.0/toolchain/arm/arm-gnu-toolchain/bin/../lib/gcc/arm-none-eabi/6.3.1/thumb/v6-m\libgcc.a(fixsfsi.o)
                0x00003a08                __aeabi_f2iz
 .text          0x00003a48       0xa0 c:/program files/atmel/studio/7.0/toolchain/arm/arm-gnu-toolchain/bin/../lib/gcc/arm-none-eabi/6.3.1/thumb/v6-m\libgcc.a(floatsisf.o)
                0x00003a48                __aeabi_i2f
 .text          0x00003ae8      0x620 c:/program files/atmel/studio/7.0/toolchain/arm/arm-gnu-toolchain/bin/../lib/gcc/arm-none-eabi/6.3.1/thumb/v6-m\libgcc.a(adddf3.o)
                0x00003ae8                __aeabi_dadd
 .text          0x00004108      0x668 c:/program files/atmel/studio/7.0/toolchain/arm/arm-gnu-toolchain/bin/../lib/gcc/arm-none-eabi/6.3.1/thumb/v6-m\libgcc.a(divdf3.o)
                0x00004108                __aeabi_ddiv
 .text          0x00004770      0x500 c:/program files/atmel/studio/7.0/toolchain/arm/arm-gnu-toolchain/bin/../lib/gcc/arm-none-eabi/6.3.1/thumb/v6-m\libgcc.a(muldf3.o)
                0x00004770                __aeabi_dmul
 .text          0x00004c70      0x62c c:/program files/atmel/studio/7.0/toolchain/arm/arm-gnu-toolchain/bin/../lib/gcc/arm-none-eabi/6.3.1/thumb/v6-m\libgcc.a(subdf3.o)
                0x00004c70                __aeabi_dsub
 .text          0x0000529c       0x68 c:/program files/atmel/studio/7.0/toolchain/arm/arm-gnu-toolchain/bin/../lib/gcc/arm-none-eabi/6.3.1/thumb/v6-m\libgcc.a(fixdfsi.o)
                0x0000529c                __aeabi_d2iz
 .text          0x00005304       0x84 c:/program files/atmel/studio/7.0/toolchain/arm/arm-gnu-toolchain/bin/../lib/gcc/arm-none-eabi/6.3.1/thumb/v6-m\libgcc.a(floatsidf.o)
                0x00005304                __aeabi_i2d
 .text          0x00005388       0x70 c:/program files/atmel/studio/7.0/toolchain/arm/arm-gnu-toolchain/bin/../lib/gcc/arm-none-eabi/6.3.1/thumb/v6-m\libgcc.a(floatunsidf.o)
                0x00005388                __aeabi_ui2d
 .text          0x000053f8      0x114 c:/program files/atmel/studio/7.0/toolchain/arm/arm-gnu-toolchain/bin/../lib/gcc/arm-none-eabi/6.3.1/thumb/v6-m\libgcc.a(truncdfsf2.o)
                0x000053f8                __aeabi_d2f
 .text          0x0000550c       0x3c c:/program files/atmel/studio/7.0/toolchain/arm/arm-gnu-toolchain/bin/../lib/gcc/arm-none-eabi/6.3.1/thumb/v6-m\libgcc.a(_clzsi2.o)
                0x0000550c                __clzsi2
 .text.__libc_init_array
                0x00005548       0x48 c:/program files/atmel/studio/7.0/toolchain/arm/arm-gnu-toolchain/bin/../lib/gcc/arm-none-eabi/6.3.1/../../../../arm-none-eabi/lib/thumb/v6-m\libc_nano.a(lib_a-init.o)
                0x00005548                __libc_init_array
 .text.__itoa   0x00005590       0x30 c:/program files/atmel/studio/7.0/toolchain/arm/arm-gnu-toolchain/bin/../lib/gcc/arm-none-eabi/6.3.1/../../../../arm-none-eabi/lib/thumb/v6-m\libc_nano.a(lib_a-itoa.o)
                0x00005590                __itoa
 .text.itoa     0x000055c0        0x8 c:/program files/atmel/studio/7.0/toolchain/arm/arm-gnu-toolchain/bin/../lib/gcc/arm-none-eabi/6.3.1/../../../../arm-none-eabi/lib/thumb/v6-m\libc_nano.a(lib_a-itoa.o)
                0x000055c0                itoa
 .text.memcpy   0x000055c8       0x12 c:/program files/atmel/studio/7.0/toolchain/arm/arm-gnu-toolchain/bin/../lib/gcc/arm-none-eabi/6.3.1/../../../../arm-none-eabi/lib/thumb/v6-m\libc_nano.a(lib_a-memcpy-stub.o)
                0x000055c8                memcpy
 .text.memset   0x000055da       0x10 c:/program files/atmel/studio/7.0/toolchain/arm/arm-gnu-toolchain/bin/../lib/gcc/arm-none-eabi/6.3.1/../../../../arm-none-eabi/lib/thumb/v6-m\libc_nano.a(lib_a-memset.o)
                0x000055da                memset
 *fill*         0x000055ea        0x2 
 .text._puts_r  0x000055ec       0xc0 c:/program files/atmel/studio/7.0/toolchain/arm/arm-gnu-toolchain/bin/../lib/gcc/arm-none-eabi/6.3.1/../../../../arm-none-eabi/lib/thumb/v6-m\libc_nano.a(lib_a-puts.o)
                0x000055ec                _puts_r
 .text.puts     0x000056ac       0x14 c:/program files/atmel/studio/7.0/toolchain/arm/arm-gnu-toolchain/bin/../lib/gcc/arm-none-eabi/6.3.1/../../../../arm-none-eabi/lib/thumb/v6-m\libc_nano.a(lib_a-puts.o)
                0x000056ac                puts
 .text.setbuf   0x000056c0       0x12 c:/program files/atmel/studio/7.0/toolchain/arm/arm-gnu-toolchain/bin/../lib/gcc/arm-none-eabi/6.3.1/../../../../arm-none-eabi/lib/thumb/v6-m\libc_nano.a(lib_a-setbuf.o)
                0x000056c0                setbuf
 *fill*         0x000056d2        0x2 
 .text.setvbuf  0x000056d4      0x158 c:/program files/atmel/studio/7.0/toolchain/arm/arm-gnu-toolchain/bin/../lib/gcc/arm-none-eabi/6.3.1/../../../../arm-none-eabi/lib/thumb/v6-m\libc_nano.a(lib_a-setvbuf.o)
                0x000056d4                setvbuf
 .text.__utoa   0x0000582c       0x74 c:/program files/atmel/studio/7.0/toolchain/arm/arm-gnu-toolchain/bin/../lib/gcc/arm-none-eabi/6.3.1/../../../../arm-none-eabi/lib/thumb/v6-m\libc_nano.a(lib_a-utoa.o)
                0x0000582c                __utoa
 .text.__swbuf_r
                0x000058a0       0xac c:/program files/atmel/studio/7.0/toolchain/arm/arm-gnu-toolchain/bin/../lib/gcc/arm-none-eabi/6.3.1/../../../../arm-none-eabi/lib/thumb/v6-m\libc_nano.a(lib_a-wbuf.o)
                0x000058a0                __swbuf_r
 .text.__swsetup_r
                0x0000594c       0xec c:/program files/atmel/studio/7.0/toolchain/arm/arm-gnu-toolchain/bin/../lib/gcc/arm-none-eabi/6.3.1/../../../../arm-none-eabi/lib/thumb/v6-m\libc_nano.a(lib_a-wsetup.o)
                0x0000594c                __swsetup_r
 .text.__sflush_r
                0x00005a38      0x114 c:/program files/atmel/studio/7.0/toolchain/arm/arm-gnu-toolchain/bin/../lib/gcc/arm-none-eabi/6.3.1/../../../../arm-none-eabi/lib/thumb/v6-m\libc_nano.a(lib_a-fflush.o)
                0x00005a38                __sflush_r
 .text._fflush_r
                0x00005b4c       0x58 c:/program files/atmel/studio/7.0/toolchain/arm/arm-gnu-toolchain/bin/../lib/gcc/arm-none-eabi/6.3.1/../../../../arm-none-eabi/lib/thumb/v6-m\libc_nano.a(lib_a-fflush.o)
                0x00005b4c                _fflush_r
 .text._cleanup_r
                0x00005ba4       0x10 c:/program files/atmel/studio/7.0/toolchain/arm/arm-gnu-toolchain/bin/../lib/gcc/arm-none-eabi/6.3.1/../../../../arm-none-eabi/lib/thumb/v6-m\libc_nano.a(lib_a-findfp.o)
                0x00005ba4                _cleanup_r
 .text.std.isra.0
                0x00005bb4       0x48 c:/program files/atmel/studio/7.0/toolchain/arm/arm-gnu-toolchain/bin/../lib/gcc/arm-none-eabi/6.3.1/../../../../arm-none-eabi/lib/thumb/v6-m\libc_nano.a(lib_a-findfp.o)
 .text.__sfmoreglue
                0x00005bfc       0x2c c:/program files/atmel/studio/7.0/toolchain/arm/arm-gnu-toolchain/bin/../lib/gcc/arm-none-eabi/6.3.1/../../../../arm-none-eabi/lib/thumb/v6-m\libc_nano.a(lib_a-findfp.o)
                0x00005bfc                __sfmoreglue
 .text.__sinit  0x00005c28       0x68 c:/program files/atmel/studio/7.0/toolchain/arm/arm-gnu-toolchain/bin/../lib/gcc/arm-none-eabi/6.3.1/../../../../arm-none-eabi/lib/thumb/v6-m\libc_nano.a(lib_a-findfp.o)
                0x00005c28                __sinit
 .text.__sfp    0x00005c90       0x80 c:/program files/atmel/studio/7.0/toolchain/arm/arm-gnu-toolchain/bin/../lib/gcc/arm-none-eabi/6.3.1/../../../../arm-none-eabi/lib/thumb/v6-m\libc_nano.a(lib_a-findfp.o)
                0x00005c90                __sfp
 .text._fwalk_reent
                0x00005d10       0x42 c:/program files/atmel/studio/7.0/toolchain/arm/arm-gnu-toolchain/bin/../lib/gcc/arm-none-eabi/6.3.1/../../../../arm-none-eabi/lib/thumb/v6-m\libc_nano.a(lib_a-fwalk.o)
                0x00005d10                _fwalk_reent
 *fill*         0x00005d52        0x2 
 .text.__swhatbuf_r
                0x00005d54       0x50 c:/program files/atmel/studio/7.0/toolchain/arm/arm-gnu-toolchain/bin/../lib/gcc/arm-none-eabi/6.3.1/../../../../arm-none-eabi/lib/thumb/v6-m\libc_nano.a(lib_a-makebuf.o)
                0x00005d54                __swhatbuf_r
 .text.__smakebuf_r
                0x00005da4       0x88 c:/program files/atmel/studio/7.0/toolchain/arm/arm-gnu-toolchain/bin/../lib/gcc/arm-none-eabi/6.3.1/../../../../arm-none-eabi/lib/thumb/v6-m\libc_nano.a(lib_a-makebuf.o)
                0x00005da4                __smakebuf_r
 .text.malloc   0x00005e2c       0x14 c:/program files/atmel/studio/7.0/toolchain/arm/arm-gnu-toolchain/bin/../lib/gcc/arm-none-eabi/6.3.1/../../../../arm-none-eabi/lib/thumb/v6-m\libc_nano.a(lib_a-malloc.o)
                0x00005e2c                malloc
 .text._free_r  0x00005e40       0x94 c:/program files/atmel/studio/7.0/toolchain/arm/arm-gnu-toolchain/bin/../lib/gcc/arm-none-eabi/6.3.1/../../../../arm-none-eabi/lib/thumb/v6-m\libc_nano.a(lib_a-nano-freer.o)
                0x00005e40                _free_r
 .text._malloc_r
                0x00005ed4       0xbc c:/program files/atmel/studio/7.0/toolchain/arm/arm-gnu-toolchain/bin/../lib/gcc/arm-none-eabi/6.3.1/../../../../arm-none-eabi/lib/thumb/v6-m\libc_nano.a(lib_a-nano-mallocr.o)
                0x00005ed4                _malloc_r
 .text._sbrk_r  0x00005f90       0x24 c:/program files/atmel/studio/7.0/toolchain/arm/arm-gnu-toolchain/bin/../lib/gcc/arm-none-eabi/6.3.1/../../../../arm-none-eabi/lib/thumb/v6-m\libc_nano.a(lib_a-sbrkr.o)
                0x00005f90                _sbrk_r
 .text.__sread  0x00005fb4       0x28 c:/program files/atmel/studio/7.0/toolchain/arm/arm-gnu-toolchain/bin/../lib/gcc/arm-none-eabi/6.3.1/../../../../arm-none-eabi/lib/thumb/v6-m\libc_nano.a(lib_a-stdio.o)
                0x00005fb4                __sread
 .text.__swrite
                0x00005fdc       0x38 c:/program files/atmel/studio/7.0/toolchain/arm/arm-gnu-toolchain/bin/../lib/gcc/arm-none-eabi/6.3.1/../../../../arm-none-eabi/lib/thumb/v6-m\libc_nano.a(lib_a-stdio.o)
                0x00005fdc                __swrite
 .text.__sseek  0x00006014       0x2c c:/program files/atmel/studio/7.0/toolchain/arm/arm-gnu-toolchain/bin/../lib/gcc/arm-none-eabi/6.3.1/../../../../arm-none-eabi/lib/thumb/v6-m\libc_nano.a(lib_a-stdio.o)
                0x00006014                __sseek
 .text.__sclose
                0x00006040        0xc c:/program files/atmel/studio/7.0/toolchain/arm/arm-gnu-toolchain/bin/../lib/gcc/arm-none-eabi/6.3.1/../../../../arm-none-eabi/lib/thumb/v6-m\libc_nano.a(lib_a-stdio.o)
                0x00006040                __sclose
 .text._write_r
                0x0000604c       0x28 c:/program files/atmel/studio/7.0/toolchain/arm/arm-gnu-toolchain/bin/../lib/gcc/arm-none-eabi/6.3.1/../../../../arm-none-eabi/lib/thumb/v6-m\libc_nano.a(lib_a-writer.o)
                0x0000604c                _write_r
 .text._close_r
                0x00006074       0x24 c:/program files/atmel/studio/7.0/toolchain/arm/arm-gnu-toolchain/bin/../lib/gcc/arm-none-eabi/6.3.1/../../../../arm-none-eabi/lib/thumb/v6-m\libc_nano.a(lib_a-closer.o)
                0x00006074                _close_r
 .text._fstat_r
                0x00006098       0x24 c:/program files/atmel/studio/7.0/toolchain/arm/arm-gnu-toolchain/bin/../lib/gcc/arm-none-eabi/6.3.1/../../../../arm-none-eabi/lib/thumb/v6-m\libc_nano.a(lib_a-fstatr.o)
                0x00006098                _fstat_r
 .text._isatty_r
                0x000060bc       0x24 c:/program files/atmel/studio/7.0/toolchain/arm/arm-gnu-toolchain/bin/../lib/gcc/arm-none-eabi/6.3.1/../../../../arm-none-eabi/lib/thumb/v6-m\libc_nano.a(lib_a-isattyr.o)
                0x000060bc                _isatty_r
 .text._lseek_r
                0x000060e0       0x28 c:/program files/atmel/studio/7.0/toolchain/arm/arm-gnu-toolchain/bin/../lib/gcc/arm-none-eabi/6.3.1/../../../../arm-none-eabi/lib/thumb/v6-m\libc_nano.a(lib_a-lseekr.o)
                0x000060e0                _lseek_r
 .text.__malloc_lock
                0x00006108        0x2 c:/program files/atmel/studio/7.0/toolchain/arm/arm-gnu-toolchain/bin/../lib/gcc/arm-none-eabi/6.3.1/../../../../arm-none-eabi/lib/thumb/v6-m\libc_nano.a(lib_a-mlock.o)
                0x00006108                __malloc_lock
 .text.__malloc_unlock
                0x0000610a        0x2 c:/program files/atmel/studio/7.0/toolchain/arm/arm-gnu-toolchain/bin/../lib/gcc/arm-none-eabi/6.3.1/../../../../arm-none-eabi/lib/thumb/v6-m\libc_nano.a(lib_a-mlock.o)
                0x0000610a                __malloc_unlock
 .text._read_r  0x0000610c       0x28 c:/program files/atmel/studio/7.0/toolchain/arm/arm-gnu-toolchain/bin/../lib/gcc/arm-none-eabi/6.3.1/../../../../arm-none-eabi/lib/thumb/v6-m\libc_nano.a(lib_a-readr.o)
                0x0000610c                _read_r
 *(.glue_7t)
 .glue_7t       0x00006134        0x0 linker stubs
 *(.glue_7)
 .glue_7        0x00006134        0x0 linker stubs
 *(.rodata .rodata* .gnu.linkonce.r.*)
 .rodata.nvm_execute_command
                0x00006134      0x118 src/ASF/sam0/drivers/nvm/nvm.o
 .rodata.sysfont_glyphs
                0x0000624c      0x292 src/ASF/common2/services/gfx_mono/sysfont.o
 *fill*         0x000064de        0x2 
 .rodata        0x000064e0       0x18 src/ASF/sam0/drivers/sercom/sercom.o
 .rodata        0x000064f8        0xc src/ASF/sam0/services/eeprom/emulator/main_array/eeprom.o
 .rodata.system_clock_source_get_hz
                0x00006504       0x24 src/ASF/sam0/drivers/system/clock/clock_samd21_r21_da_ha1/clock.o
 .rodata.system_clock_source_enable
                0x00006528       0x24 src/ASF/sam0/drivers/system/clock/clock_samd21_r21_da_ha1/clock.o
 .rodata.configure_eeprom.str1.4
                0x0000654c       0x10 src/qs_adc_basic.o
 .rodata.main.str1.4
                0x0000655c        0x4 src/qs_adc_basic.o
 .rodata        0x00006560       0x40 c:/program files/atmel/studio/7.0/toolchain/arm/arm-gnu-toolchain/bin/../lib/gcc/arm-none-eabi/6.3.1/thumb/v6-m\libgcc.a(divdf3.o)
 .rodata        0x000065a0       0x40 c:/program files/atmel/studio/7.0/toolchain/arm/arm-gnu-toolchain/bin/../lib/gcc/arm-none-eabi/6.3.1/thumb/v6-m\libgcc.a(muldf3.o)
 .rodata._global_impure_ptr
                0x000065e0        0x4 c:/program files/atmel/studio/7.0/toolchain/arm/arm-gnu-toolchain/bin/../lib/gcc/arm-none-eabi/6.3.1/../../../../arm-none-eabi/lib/thumb/v6-m\libc_nano.a(lib_a-impure.o)
                0x000065e0                _global_impure_ptr
 .rodata.__utoa.str1.1
                0x000065e4       0x25 c:/program files/atmel/studio/7.0/toolchain/arm/arm-gnu-toolchain/bin/../lib/gcc/arm-none-eabi/6.3.1/../../../../arm-none-eabi/lib/thumb/v6-m\libc_nano.a(lib_a-utoa.o)
 *fill*         0x00006609        0x3 
 .rodata.__sf_fake_stderr
                0x0000660c       0x20 c:/program files/atmel/studio/7.0/toolchain/arm/arm-gnu-toolchain/bin/../lib/gcc/arm-none-eabi/6.3.1/../../../../arm-none-eabi/lib/thumb/v6-m\libc_nano.a(lib_a-findfp.o)
                0x0000660c                __sf_fake_stderr
 .rodata.__sf_fake_stdin
                0x0000662c       0x20 c:/program files/atmel/studio/7.0/toolchain/arm/arm-gnu-toolchain/bin/../lib/gcc/arm-none-eabi/6.3.1/../../../../arm-none-eabi/lib/thumb/v6-m\libc_nano.a(lib_a-findfp.o)
                0x0000662c                __sf_fake_stdin
 .rodata.__sf_fake_stdout
                0x0000664c       0x20 c:/program files/atmel/studio/7.0/toolchain/arm/arm-gnu-toolchain/bin/../lib/gcc/arm-none-eabi/6.3.1/../../../../arm-none-eabi/lib/thumb/v6-m\libc_nano.a(lib_a-findfp.o)
                0x0000664c                __sf_fake_stdout
 *(.ARM.extab* .gnu.linkonce.armextab.*)
                0x0000666c                . = ALIGN (0x4)
 *(.init)
 .init          0x0000666c        0x4 c:/program files/atmel/studio/7.0/toolchain/arm/arm-gnu-toolchain/bin/../lib/gcc/arm-none-eabi/6.3.1/thumb/v6-m/crti.o
                0x0000666c                _init
 .init          0x00006670        0x8 c:/program files/atmel/studio/7.0/toolchain/arm/arm-gnu-toolchain/bin/../lib/gcc/arm-none-eabi/6.3.1/thumb/v6-m/crtn.o
                0x00006678                . = ALIGN (0x4)
                0x00006678                __preinit_array_start = .
 *(.preinit_array)
                0x00006678                __preinit_array_end = .
                0x00006678                . = ALIGN (0x4)
                0x00006678                __init_array_start = .
 *(SORT(.init_array.*))
 *(.init_array)
 .init_array    0x00006678        0x4 c:/program files/atmel/studio/7.0/toolchain/arm/arm-gnu-toolchain/bin/../lib/gcc/arm-none-eabi/6.3.1/thumb/v6-m/crtbegin.o
                0x0000667c                __init_array_end = .
                0x0000667c                . = ALIGN (0x4)
 *crtbegin.o(.ctors)
 *(EXCLUDE_FILE(*crtend.o) .ctors)
 *(SORT(.ctors.*))
 *crtend.o(.ctors)
                0x0000667c                . = ALIGN (0x4)
 *(.fini)
 .fini          0x0000667c        0x4 c:/program files/atmel/studio/7.0/toolchain/arm/arm-gnu-toolchain/bin/../lib/gcc/arm-none-eabi/6.3.1/thumb/v6-m/crti.o
                0x0000667c                _fini
 .fini          0x00006680        0x8 c:/program files/atmel/studio/7.0/toolchain/arm/arm-gnu-toolchain/bin/../lib/gcc/arm-none-eabi/6.3.1/thumb/v6-m/crtn.o
                0x00006688                . = ALIGN (0x4)
                0x00006688                __fini_array_start = .
 *(.fini_array)
 .fini_array    0x00006688        0x4 c:/program files/atmel/studio/7.0/toolchain/arm/arm-gnu-toolchain/bin/../lib/gcc/arm-none-eabi/6.3.1/thumb/v6-m/crtbegin.o
 *(SORT(.fini_array.*))
                0x0000668c                __fini_array_end = .
 *crtbegin.o(.dtors)
 *(EXCLUDE_FILE(*crtend.o) .dtors)
 *(SORT(.dtors.*))
 *crtend.o(.dtors)
                0x0000668c                . = ALIGN (0x4)
                0x0000668c                _efixed = .
                [!provide]                PROVIDE (__exidx_start, .)

.vfp11_veneer   0x0000668c        0x0
 .vfp11_veneer  0x0000668c        0x0 linker stubs

.v4_bx          0x0000668c        0x0
 .v4_bx         0x0000668c        0x0 linker stubs

.iplt           0x0000668c        0x0
 .iplt          0x0000668c        0x0 c:/program files/atmel/studio/7.0/toolchain/arm/arm-gnu-toolchain/bin/../lib/gcc/arm-none-eabi/6.3.1/thumb/v6-m/crtbegin.o

.eh_frame       0x0000668c        0x0
 .eh_frame      0x0000668c        0x0 c:/program files/atmel/studio/7.0/toolchain/arm/arm-gnu-toolchain/bin/../lib/gcc/arm-none-eabi/6.3.1/thumb/v6-m/crtbegin.o

.rel.dyn        0x0000668c        0x0
 .rel.iplt      0x0000668c        0x0 c:/program files/atmel/studio/7.0/toolchain/arm/arm-gnu-toolchain/bin/../lib/gcc/arm-none-eabi/6.3.1/thumb/v6-m/crtbegin.o

.jcr            0x0000668c        0x0
 .jcr           0x0000668c        0x0 c:/program files/atmel/studio/7.0/toolchain/arm/arm-gnu-toolchain/bin/../lib/gcc/arm-none-eabi/6.3.1/thumb/v6-m/crtbegin.o

.igot.plt       0x0000668c        0x0
 .igot.plt      0x0000668c        0x0 c:/program files/atmel/studio/7.0/toolchain/arm/arm-gnu-toolchain/bin/../lib/gcc/arm-none-eabi/6.3.1/thumb/v6-m/crtbegin.o

.ARM.exidx
 *(.ARM.exidx* .gnu.linkonce.armexidx.*)
                [!provide]                PROVIDE (__exidx_end, .)
                0x0000668c                . = ALIGN (0x4)
                0x0000668c                _etext = .

.relocate       0x20000000       0x9c load address 0x0000668c
                0x20000000                . = ALIGN (0x4)
                0x20000000                _srelocate = .
 *(.ramfunc .ramfunc.*)
 *(.data .data.*)
 .data.cycles_per_ms
                0x20000000        0x4 src/ASF/common2/services/delay/sam0/systick_counter.o
 .data.cycles_per_us
                0x20000004        0x4 src/ASF/common2/services/delay/sam0/systick_counter.o
 .data.sysfont  0x20000008        0xc src/ASF/common2/services/gfx_mono/sysfont.o
                0x20000008                sysfont
 .data.g_interrupt_enabled
                0x20000014        0x1 src/ASF/common/utils/interrupt/interrupt_sam_nvic.o
                0x20000014                g_interrupt_enabled
 *fill*         0x20000015        0x3 
 .data.msg_default
                0x20000018        0xe src/qs_adc_basic.o
                0x20000018                msg_default
 *fill*         0x20000026        0x2 
 .data.x1       0x20000028        0x4 src/qs_adc_basic.o
                0x20000028                x1
 .data.x2       0x2000002c        0x4 src/qs_adc_basic.o
                0x2000002c                x2
 .data.y1       0x20000030        0x4 src/qs_adc_basic.o
                0x20000030                y1
 .data.y2       0x20000034        0x4 src/qs_adc_basic.o
                0x20000034                y2
 .data._impure_ptr
                0x20000038        0x4 c:/program files/atmel/studio/7.0/toolchain/arm/arm-gnu-toolchain/bin/../lib/gcc/arm-none-eabi/6.3.1/../../../../arm-none-eabi/lib/thumb/v6-m\libc_nano.a(lib_a-impure.o)
                0x20000038                _impure_ptr
 .data.impure_data
                0x2000003c       0x60 c:/program files/atmel/studio/7.0/toolchain/arm/arm-gnu-toolchain/bin/../lib/gcc/arm-none-eabi/6.3.1/../../../../arm-none-eabi/lib/thumb/v6-m\libc_nano.a(lib_a-impure.o)
                0x2000009c                . = ALIGN (0x4)
                0x2000009c                _erelocate = .

.bss            0x2000009c      0x470 load address 0x00006728
                0x2000009c                . = ALIGN (0x4)
                0x2000009c                _sbss = .
                0x2000009c                _szero = .
 *(.bss .bss.*)
 .bss           0x2000009c       0x1c c:/program files/atmel/studio/7.0/toolchain/arm/arm-gnu-toolchain/bin/../lib/gcc/arm-none-eabi/6.3.1/thumb/v6-m/crtbegin.o
 .bss.fbpointer
                0x200000b8        0x4 src/ASF/common2/services/gfx_mono/gfx_mono_framebuffer.o
 .bss.framebuffer
                0x200000bc      0x200 src/ASF/common2/services/gfx_mono/gfx_mono_ug_2832hsweg04.o
 .bss.resolution
                0x200002bc        0x1 src/ASF/sam0/components/sensor/at30tse75x/at30tse75x.o
                0x200002bc                resolution
 *fill*         0x200002bd        0x3 
 .bss._nvm_dev  0x200002c0        0x6 src/ASF/sam0/drivers/nvm/nvm.o
 .bss._handler_table_initialized
                0x200002c6        0x1 src/ASF/sam0/drivers/sercom/sercom_interrupt.o
 *fill*         0x200002c7        0x1 
 .bss._sercom_interrupt_handlers
                0x200002c8       0x18 src/ASF/sam0/drivers/sercom/sercom_interrupt.o
 .bss._sercom_config
                0x200002e0        0x2 src/ASF/sam0/drivers/sercom/sercom.o
 *fill*         0x200002e2        0x2 
 .bss._eeprom_instance
                0x200002e4       0xcc src/ASF/sam0/services/eeprom/emulator/main_array/eeprom.o
 .bss.cpu_irq_critical_section_counter
                0x200003b0        0x4 src/ASF/common/utils/interrupt/interrupt_sam_nvic.o
 .bss.cpu_irq_prev_interrupt_state
                0x200003b4        0x1 src/ASF/common/utils/interrupt/interrupt_sam_nvic.o
 *fill*         0x200003b5        0x3 
 .bss._system_clock_inst
                0x200003b8       0x18 src/ASF/sam0/drivers/system/clock/clock_samd21_r21_da_ha1/clock.o
 .bss.heap.5296
                0x200003d0        0x4 src/ASF/sam0/utils/syscalls/gcc/syscalls.o
 .bss.__malloc_free_list
                0x200003d4        0x4 c:/program files/atmel/studio/7.0/toolchain/arm/arm-gnu-toolchain/bin/../lib/gcc/arm-none-eabi/6.3.1/../../../../arm-none-eabi/lib/thumb/v6-m\libc_nano.a(lib_a-nano-mallocr.o)
                0x200003d4                __malloc_free_list
 .bss.__malloc_sbrk_start
                0x200003d8        0x4 c:/program files/atmel/studio/7.0/toolchain/arm/arm-gnu-toolchain/bin/../lib/gcc/arm-none-eabi/6.3.1/../../../../arm-none-eabi/lib/thumb/v6-m\libc_nano.a(lib_a-nano-mallocr.o)
                0x200003d8                __malloc_sbrk_start
 *(COMMON)
 COMMON         0x200003dc       0x3f src/ASF/common2/components/display/ssd1306/ssd1306.o
                0x200003dc                ssd1306_master
                0x20000418                ssd1306_slave
 *fill*         0x2000041b        0x1 
 COMMON         0x2000041c       0x28 src/ASF/sam0/components/sensor/at30tse75x/at30tse75x.o
                0x2000041c                dev_inst_at30tse75x
 COMMON         0x20000444       0x18 src/ASF/sam0/drivers/sercom/sercom_interrupt.o
                0x20000444                _sercom_instances
 COMMON         0x2000045c        0x2 src/ASF/sam0/drivers/sercom/spi/spi_interrupt.o
                0x2000045c                dummy_write
 *fill*         0x2000045e        0x2 
 COMMON         0x20000460        0x4 src/ASF/sam0/utils/stdio/read.o
                0x20000460                ptr_get
 COMMON         0x20000464        0x8 src/ASF/sam0/utils/stdio/write.o
                0x20000464                ptr_put
                0x20000468                stdio_base
 COMMON         0x2000046c       0x9a src/qs_adc_basic.o
                0x2000046c                usart_instance
                0x20000478                usart_conf
                0x200004b8                final_temp
                0x200004bc                temp_res
                0x200004c0                vec_temp
                0x200004d4                temp_lida
 *fill*         0x20000506        0x2 
 COMMON         0x20000508        0x4 c:/program files/atmel/studio/7.0/toolchain/arm/arm-gnu-toolchain/bin/../lib/gcc/arm-none-eabi/6.3.1/../../../../arm-none-eabi/lib/thumb/v6-m\libc_nano.a(lib_a-reent.o)
                0x20000508                errno
                0x2000050c                . = ALIGN (0x4)
                0x2000050c                _ebss = .
                0x2000050c                _ezero = .

.stack          0x2000050c     0x2004 load address 0x00006b98
                0x20000510                . = ALIGN (0x8)
 *fill*         0x2000050c        0x4 
                0x20000510                _sstack = .
                0x20002510                . = (. + STACK_SIZE)
 *fill*         0x20000510     0x2000 
                0x20002510                . = ALIGN (0x8)
                0x20002510                _estack = .
                0x20002510                . = ALIGN (0x4)
                0x20002510                _end = .
OUTPUT(ADC_QUICK_START1.elf elf32-littlearm)

.ARM.attributes
                0x00000000       0x28
 .ARM.attributes
                0x00000000       0x1e c:/program files/atmel/studio/7.0/toolchain/arm/arm-gnu-toolchain/bin/../lib/gcc/arm-none-eabi/6.3.1/thumb/v6-m/crti.o
 .ARM.attributes
                0x0000001e       0x2c c:/program files/atmel/studio/7.0/toolchain/arm/arm-gnu-toolchain/bin/../lib/gcc/arm-none-eabi/6.3.1/thumb/v6-m/crtbegin.o
 .ARM.attributes
                0x0000004a       0x32 src/ASF/common2/components/display/ssd1306/ssd1306.o
 .ARM.attributes
                0x0000007c       0x32 src/ASF/common2/services/gfx_mono/gfx_mono_framebuffer.o
 .ARM.attributes
                0x000000ae       0x32 src/ASF/common2/services/gfx_mono/gfx_mono_ug_2832hsweg04.o
 .ARM.attributes
                0x000000e0       0x32 src/ASF/sam0/components/sensor/at30tse75x/at30tse75x.o
 .ARM.attributes
                0x00000112       0x32 src/ASF/sam0/drivers/nvm/nvm.o
 .ARM.attributes
                0x00000144       0x32 src/ASF/sam0/drivers/sercom/i2c/i2c_sam0/i2c_master.o
 .ARM.attributes
                0x00000176       0x32 src/ASF/sam0/drivers/sercom/i2c/i2c_sam0/i2c_master_interrupt.o
 .ARM.attributes
                0x000001a8       0x32 src/ASF/sam0/drivers/sercom/sercom_interrupt.o
 .ARM.attributes
                0x000001da       0x32 src/ASF/sam0/drivers/sercom/spi/spi.o
 .ARM.attributes
                0x0000020c       0x32 src/ASF/sam0/drivers/sercom/spi/spi_interrupt.o
 .ARM.attributes
                0x0000023e       0x32 src/ASF/common2/services/gfx_mono/gfx_mono_generic.o
 .ARM.attributes
                0x00000270       0x32 src/ASF/common2/services/delay/sam0/systick_counter.o
 .ARM.attributes
                0x000002a2       0x32 src/ASF/common2/services/gfx_mono/gfx_mono_text.o
 .ARM.attributes
                0x000002d4       0x32 src/ASF/common2/services/gfx_mono/sysfont.o
 .ARM.attributes
                0x00000306       0x32 src/ASF/sam0/drivers/sercom/sercom.o
 .ARM.attributes
                0x00000338       0x32 src/ASF/sam0/services/eeprom/emulator/main_array/eeprom.o
 .ARM.attributes
                0x0000036a       0x32 src/ASF/sam0/utils/stdio/read.o
 .ARM.attributes
                0x0000039c       0x32 src/ASF/sam0/utils/stdio/write.o
 .ARM.attributes
                0x000003ce       0x32 src/ASF/sam0/drivers/sercom/usart/usart.o
 .ARM.attributes
                0x00000400       0x32 src/ASF/common/utils/interrupt/interrupt_sam_nvic.o
 .ARM.attributes
                0x00000432       0x32 src/ASF/sam0/boards/samd21_xplained_pro/board_init.o
 .ARM.attributes
                0x00000464       0x32 src/ASF/sam0/drivers/port/port.o
 .ARM.attributes
                0x00000496       0x32 src/ASF/sam0/drivers/system/clock/clock_samd21_r21_da_ha1/clock.o
 .ARM.attributes
                0x000004c8       0x32 src/ASF/sam0/drivers/system/clock/clock_samd21_r21_da_ha1/gclk.o
 .ARM.attributes
                0x000004fa       0x32 src/ASF/sam0/drivers/system/pinmux/pinmux.o
 .ARM.attributes
                0x0000052c       0x32 src/ASF/sam0/drivers/system/system.o
 .ARM.attributes
                0x0000055e       0x32 src/ASF/sam0/utils/cmsis/samd21/source/gcc/startup_samd21.o
 .ARM.attributes
                0x00000590       0x32 src/ASF/sam0/utils/syscalls/gcc/syscalls.o
 .ARM.attributes
                0x000005c2       0x32 src/qs_adc_basic.o
 .ARM.attributes
                0x000005f4       0x1e c:/program files/atmel/studio/7.0/toolchain/arm/arm-gnu-toolchain/bin/../lib/gcc/arm-none-eabi/6.3.1/thumb/v6-m\libgcc.a(_udivsi3.o)
 .ARM.attributes
                0x00000612       0x1e c:/program files/atmel/studio/7.0/toolchain/arm/arm-gnu-toolchain/bin/../lib/gcc/arm-none-eabi/6.3.1/thumb/v6-m\libgcc.a(_divsi3.o)
 .ARM.attributes
                0x00000630       0x1e c:/program files/atmel/studio/7.0/toolchain/arm/arm-gnu-toolchain/bin/../lib/gcc/arm-none-eabi/6.3.1/thumb/v6-m\libgcc.a(_dvmd_tls.o)
 .ARM.attributes
                0x0000064e       0x2c c:/program files/atmel/studio/7.0/toolchain/arm/arm-gnu-toolchain/bin/../lib/gcc/arm-none-eabi/6.3.1/thumb/v6-m\libgcc.a(_muldi3.o)
 .ARM.attributes
                0x0000067a       0x2c c:/program files/atmel/studio/7.0/toolchain/arm/arm-gnu-toolchain/bin/../lib/gcc/arm-none-eabi/6.3.1/thumb/v6-m\libgcc.a(addsf3.o)
 .ARM.attributes
                0x000006a6       0x2c c:/program files/atmel/studio/7.0/toolchain/arm/arm-gnu-toolchain/bin/../lib/gcc/arm-none-eabi/6.3.1/thumb/v6-m\libgcc.a(fixsfsi.o)
 .ARM.attributes
                0x000006d2       0x2c c:/program files/atmel/studio/7.0/toolchain/arm/arm-gnu-toolchain/bin/../lib/gcc/arm-none-eabi/6.3.1/thumb/v6-m\libgcc.a(floatsisf.o)
 .ARM.attributes
                0x000006fe       0x2c c:/program files/atmel/studio/7.0/toolchain/arm/arm-gnu-toolchain/bin/../lib/gcc/arm-none-eabi/6.3.1/thumb/v6-m\libgcc.a(adddf3.o)
 .ARM.attributes
                0x0000072a       0x2c c:/program files/atmel/studio/7.0/toolchain/arm/arm-gnu-toolchain/bin/../lib/gcc/arm-none-eabi/6.3.1/thumb/v6-m\libgcc.a(divdf3.o)
 .ARM.attributes
                0x00000756       0x2c c:/program files/atmel/studio/7.0/toolchain/arm/arm-gnu-toolchain/bin/../lib/gcc/arm-none-eabi/6.3.1/thumb/v6-m\libgcc.a(muldf3.o)
 .ARM.attributes
                0x00000782       0x2c c:/program files/atmel/studio/7.0/toolchain/arm/arm-gnu-toolchain/bin/../lib/gcc/arm-none-eabi/6.3.1/thumb/v6-m\libgcc.a(subdf3.o)
 .ARM.attributes
                0x000007ae       0x2c c:/program files/atmel/studio/7.0/toolchain/arm/arm-gnu-toolchain/bin/../lib/gcc/arm-none-eabi/6.3.1/thumb/v6-m\libgcc.a(fixdfsi.o)
 .ARM.attributes
                0x000007da       0x2c c:/program files/atmel/studio/7.0/toolchain/arm/arm-gnu-toolchain/bin/../lib/gcc/arm-none-eabi/6.3.1/thumb/v6-m\libgcc.a(floatsidf.o)
 .ARM.attributes
                0x00000806       0x2c c:/program files/atmel/studio/7.0/toolchain/arm/arm-gnu-toolchain/bin/../lib/gcc/arm-none-eabi/6.3.1/thumb/v6-m\libgcc.a(floatunsidf.o)
 .ARM.attributes
                0x00000832       0x2c c:/program files/atmel/studio/7.0/toolchain/arm/arm-gnu-toolchain/bin/../lib/gcc/arm-none-eabi/6.3.1/thumb/v6-m\libgcc.a(truncdfsf2.o)
 .ARM.attributes
                0x0000085e       0x1e c:/program files/atmel/studio/7.0/toolchain/arm/arm-gnu-toolchain/bin/../lib/gcc/arm-none-eabi/6.3.1/thumb/v6-m\libgcc.a(_clzsi2.o)
 .ARM.attributes
                0x0000087c       0x2c c:/program files/atmel/studio/7.0/toolchain/arm/arm-gnu-toolchain/bin/../lib/gcc/arm-none-eabi/6.3.1/../../../../arm-none-eabi/lib/thumb/v6-m\libc_nano.a(lib_a-impure.o)
 .ARM.attributes
                0x000008a8       0x2c c:/program files/atmel/studio/7.0/toolchain/arm/arm-gnu-toolchain/bin/../lib/gcc/arm-none-eabi/6.3.1/../../../../arm-none-eabi/lib/thumb/v6-m\libc_nano.a(lib_a-init.o)
 .ARM.attributes
                0x000008d4       0x2c c:/program files/atmel/studio/7.0/toolchain/arm/arm-gnu-toolchain/bin/../lib/gcc/arm-none-eabi/6.3.1/../../../../arm-none-eabi/lib/thumb/v6-m\libc_nano.a(lib_a-itoa.o)
 .ARM.attributes
                0x00000900       0x2c c:/program files/atmel/studio/7.0/toolchain/arm/arm-gnu-toolchain/bin/../lib/gcc/arm-none-eabi/6.3.1/../../../../arm-none-eabi/lib/thumb/v6-m\libc_nano.a(lib_a-memcpy-stub.o)
 .ARM.attributes
                0x0000092c       0x2c c:/program files/atmel/studio/7.0/toolchain/arm/arm-gnu-toolchain/bin/../lib/gcc/arm-none-eabi/6.3.1/../../../../arm-none-eabi/lib/thumb/v6-m\libc_nano.a(lib_a-memset.o)
 .ARM.attributes
                0x00000958       0x2c c:/program files/atmel/studio/7.0/toolchain/arm/arm-gnu-toolchain/bin/../lib/gcc/arm-none-eabi/6.3.1/../../../../arm-none-eabi/lib/thumb/v6-m\libc_nano.a(lib_a-puts.o)
 .ARM.attributes
                0x00000984       0x2c c:/program files/atmel/studio/7.0/toolchain/arm/arm-gnu-toolchain/bin/../lib/gcc/arm-none-eabi/6.3.1/../../../../arm-none-eabi/lib/thumb/v6-m\libc_nano.a(lib_a-setbuf.o)
 .ARM.attributes
                0x000009b0       0x2c c:/program files/atmel/studio/7.0/toolchain/arm/arm-gnu-toolchain/bin/../lib/gcc/arm-none-eabi/6.3.1/../../../../arm-none-eabi/lib/thumb/v6-m\libc_nano.a(lib_a-setvbuf.o)
 .ARM.attributes
                0x000009dc       0x2c c:/program files/atmel/studio/7.0/toolchain/arm/arm-gnu-toolchain/bin/../lib/gcc/arm-none-eabi/6.3.1/../../../../arm-none-eabi/lib/thumb/v6-m\libc_nano.a(lib_a-utoa.o)
 .ARM.attributes
                0x00000a08       0x2c c:/program files/atmel/studio/7.0/toolchain/arm/arm-gnu-toolchain/bin/../lib/gcc/arm-none-eabi/6.3.1/../../../../arm-none-eabi/lib/thumb/v6-m\libc_nano.a(lib_a-wbuf.o)
 .ARM.attributes
                0x00000a34       0x2c c:/program files/atmel/studio/7.0/toolchain/arm/arm-gnu-toolchain/bin/../lib/gcc/arm-none-eabi/6.3.1/../../../../arm-none-eabi/lib/thumb/v6-m\libc_nano.a(lib_a-wsetup.o)
 .ARM.attributes
                0x00000a60       0x2c c:/program files/atmel/studio/7.0/toolchain/arm/arm-gnu-toolchain/bin/../lib/gcc/arm-none-eabi/6.3.1/../../../../arm-none-eabi/lib/thumb/v6-m\libc_nano.a(lib_a-fflush.o)
 .ARM.attributes
                0x00000a8c       0x2c c:/program files/atmel/studio/7.0/toolchain/arm/arm-gnu-toolchain/bin/../lib/gcc/arm-none-eabi/6.3.1/../../../../arm-none-eabi/lib/thumb/v6-m\libc_nano.a(lib_a-findfp.o)
 .ARM.attributes
                0x00000ab8       0x2c c:/program files/atmel/studio/7.0/toolchain/arm/arm-gnu-toolchain/bin/../lib/gcc/arm-none-eabi/6.3.1/../../../../arm-none-eabi/lib/thumb/v6-m\libc_nano.a(lib_a-fwalk.o)
 .ARM.attributes
                0x00000ae4       0x2c c:/program files/atmel/studio/7.0/toolchain/arm/arm-gnu-toolchain/bin/../lib/gcc/arm-none-eabi/6.3.1/../../../../arm-none-eabi/lib/thumb/v6-m\libc_nano.a(lib_a-makebuf.o)
 .ARM.attributes
                0x00000b10       0x2c c:/program files/atmel/studio/7.0/toolchain/arm/arm-gnu-toolchain/bin/../lib/gcc/arm-none-eabi/6.3.1/../../../../arm-none-eabi/lib/thumb/v6-m\libc_nano.a(lib_a-malloc.o)
 .ARM.attributes
                0x00000b3c       0x2c c:/program files/atmel/studio/7.0/toolchain/arm/arm-gnu-toolchain/bin/../lib/gcc/arm-none-eabi/6.3.1/../../../../arm-none-eabi/lib/thumb/v6-m\libc_nano.a(lib_a-nano-freer.o)
 .ARM.attributes
                0x00000b68       0x2c c:/program files/atmel/studio/7.0/toolchain/arm/arm-gnu-toolchain/bin/../lib/gcc/arm-none-eabi/6.3.1/../../../../arm-none-eabi/lib/thumb/v6-m\libc_nano.a(lib_a-nano-mallocr.o)
 .ARM.attributes
                0x00000b94       0x2c c:/program files/atmel/studio/7.0/toolchain/arm/arm-gnu-toolchain/bin/../lib/gcc/arm-none-eabi/6.3.1/../../../../arm-none-eabi/lib/thumb/v6-m\libc_nano.a(lib_a-sbrkr.o)
 .ARM.attributes
                0x00000bc0       0x2c c:/program files/atmel/studio/7.0/toolchain/arm/arm-gnu-toolchain/bin/../lib/gcc/arm-none-eabi/6.3.1/../../../../arm-none-eabi/lib/thumb/v6-m\libc_nano.a(lib_a-stdio.o)
 .ARM.attributes
                0x00000bec       0x2c c:/program files/atmel/studio/7.0/toolchain/arm/arm-gnu-toolchain/bin/../lib/gcc/arm-none-eabi/6.3.1/../../../../arm-none-eabi/lib/thumb/v6-m\libc_nano.a(lib_a-writer.o)
 .ARM.attributes
                0x00000c18       0x2c c:/program files/atmel/studio/7.0/toolchain/arm/arm-gnu-toolchain/bin/../lib/gcc/arm-none-eabi/6.3.1/../../../../arm-none-eabi/lib/thumb/v6-m\libc_nano.a(lib_a-closer.o)
 .ARM.attributes
                0x00000c44       0x2c c:/program files/atmel/studio/7.0/toolchain/arm/arm-gnu-toolchain/bin/../lib/gcc/arm-none-eabi/6.3.1/../../../../arm-none-eabi/lib/thumb/v6-m\libc_nano.a(lib_a-fstatr.o)
 .ARM.attributes
                0x00000c70       0x2c c:/program files/atmel/studio/7.0/toolchain/arm/arm-gnu-toolchain/bin/../lib/gcc/arm-none-eabi/6.3.1/../../../../arm-none-eabi/lib/thumb/v6-m\libc_nano.a(lib_a-isattyr.o)
 .ARM.attributes
                0x00000c9c       0x2c c:/program files/atmel/studio/7.0/toolchain/arm/arm-gnu-toolchain/bin/../lib/gcc/arm-none-eabi/6.3.1/../../../../arm-none-eabi/lib/thumb/v6-m\libc_nano.a(lib_a-lseekr.o)
 .ARM.attributes
                0x00000cc8       0x2c c:/program files/atmel/studio/7.0/toolchain/arm/arm-gnu-toolchain/bin/../lib/gcc/arm-none-eabi/6.3.1/../../../../arm-none-eabi/lib/thumb/v6-m\libc_nano.a(lib_a-mlock.o)
 .ARM.attributes
                0x00000cf4       0x2c c:/program files/atmel/studio/7.0/toolchain/arm/arm-gnu-toolchain/bin/../lib/gcc/arm-none-eabi/6.3.1/../../../../arm-none-eabi/lib/thumb/v6-m\libc_nano.a(lib_a-readr.o)
 .ARM.attributes
                0x00000d20       0x2c c:/program files/atmel/studio/7.0/toolchain/arm/arm-gnu-toolchain/bin/../lib/gcc/arm-none-eabi/6.3.1/../../../../arm-none-eabi/lib/thumb/v6-m\libc_nano.a(lib_a-reent.o)
 .ARM.attributes
                0x00000d4c       0x1e c:/program files/atmel/studio/7.0/toolchain/arm/arm-gnu-toolchain/bin/../lib/gcc/arm-none-eabi/6.3.1/thumb/v6-m/crtn.o

.comment        0x00000000       0x59
 .comment       0x00000000       0x59 src/ASF/common2/components/display/ssd1306/ssd1306.o
                                 0x5a (size before relaxing)
 .comment       0x00000059       0x5a src/ASF/common2/services/gfx_mono/gfx_mono_framebuffer.o
 .comment       0x00000059       0x5a src/ASF/common2/services/gfx_mono/gfx_mono_ug_2832hsweg04.o
 .comment       0x00000059       0x5a src/ASF/sam0/components/sensor/at30tse75x/at30tse75x.o
 .comment       0x00000059       0x5a src/ASF/sam0/drivers/nvm/nvm.o
 .comment       0x00000059       0x5a src/ASF/sam0/drivers/sercom/i2c/i2c_sam0/i2c_master.o
 .comment       0x00000059       0x5a src/ASF/sam0/drivers/sercom/i2c/i2c_sam0/i2c_master_interrupt.o
 .comment       0x00000059       0x5a src/ASF/sam0/drivers/sercom/sercom_interrupt.o
 .comment       0x00000059       0x5a src/ASF/sam0/drivers/sercom/spi/spi.o
 .comment       0x00000059       0x5a src/ASF/sam0/drivers/sercom/spi/spi_interrupt.o
 .comment       0x00000059       0x5a src/ASF/common2/services/gfx_mono/gfx_mono_generic.o
 .comment       0x00000059       0x5a src/ASF/common2/services/delay/sam0/systick_counter.o
 .comment       0x00000059       0x5a src/ASF/common2/services/gfx_mono/gfx_mono_text.o
 .comment       0x00000059       0x5a src/ASF/common2/services/gfx_mono/sysfont.o
 .comment       0x00000059       0x5a src/ASF/sam0/drivers/sercom/sercom.o
 .comment       0x00000059       0x5a src/ASF/sam0/services/eeprom/emulator/main_array/eeprom.o
 .comment       0x00000059       0x5a src/ASF/sam0/utils/stdio/read.o
 .comment       0x00000059       0x5a src/ASF/sam0/utils/stdio/write.o
 .comment       0x00000059       0x5a src/ASF/sam0/drivers/sercom/usart/usart.o
 .comment       0x00000059       0x5a src/ASF/common/utils/interrupt/interrupt_sam_nvic.o
 .comment       0x00000059       0x5a src/ASF/sam0/boards/samd21_xplained_pro/board_init.o
 .comment       0x00000059       0x5a src/ASF/sam0/drivers/port/port.o
 .comment       0x00000059       0x5a src/ASF/sam0/drivers/system/clock/clock_samd21_r21_da_ha1/clock.o
 .comment       0x00000059       0x5a src/ASF/sam0/drivers/system/clock/clock_samd21_r21_da_ha1/gclk.o
 .comment       0x00000059       0x5a src/ASF/sam0/drivers/system/pinmux/pinmux.o
 .comment       0x00000059       0x5a src/ASF/sam0/drivers/system/system.o
 .comment       0x00000059       0x5a src/ASF/sam0/utils/cmsis/samd21/source/gcc/startup_samd21.o
 .comment       0x00000059       0x5a src/ASF/sam0/utils/syscalls/gcc/syscalls.o
 .comment       0x00000059       0x5a src/qs_adc_basic.o

.debug_info     0x00000000    0x4b916
 .debug_info    0x00000000     0x4259 src/ASF/common2/components/display/ssd1306/ssd1306.o
 .debug_info    0x00004259     0x2f9f src/ASF/common2/services/gfx_mono/gfx_mono_framebuffer.o
 .debug_info    0x000071f8     0x3361 src/ASF/common2/services/gfx_mono/gfx_mono_ug_2832hsweg04.o
 .debug_info    0x0000a559     0x35b9 src/ASF/sam0/components/sensor/at30tse75x/at30tse75x.o
 .debug_info    0x0000db12     0x263a src/ASF/sam0/drivers/nvm/nvm.o
 .debug_info    0x0001014c     0x4f7a src/ASF/sam0/drivers/sercom/i2c/i2c_sam0/i2c_master.o
 .debug_info    0x000150c6     0x3133 src/ASF/sam0/drivers/sercom/i2c/i2c_sam0/i2c_master_interrupt.o
 .debug_info    0x000181f9     0x2bea src/ASF/sam0/drivers/sercom/sercom_interrupt.o
 .debug_info    0x0001ade3     0x683c src/ASF/sam0/drivers/sercom/spi/spi.o
 .debug_info    0x0002161f     0x31d0 src/ASF/sam0/drivers/sercom/spi/spi_interrupt.o
 .debug_info    0x000247ef     0x3608 src/ASF/common2/services/gfx_mono/gfx_mono_generic.o
 .debug_info    0x00027df7      0xb8d src/ASF/common2/services/delay/sam0/systick_counter.o
 .debug_info    0x00028984     0x303b src/ASF/common2/services/gfx_mono/gfx_mono_text.o
 .debug_info    0x0002b9bf     0x2cd6 src/ASF/common2/services/gfx_mono/sysfont.o
 .debug_info    0x0002e695     0x2de4 src/ASF/sam0/drivers/sercom/sercom.o
 .debug_info    0x00031479     0x2044 src/ASF/sam0/services/eeprom/emulator/main_array/eeprom.o
 .debug_info    0x000334bd      0xacf src/ASF/sam0/utils/stdio/read.o
 .debug_info    0x00033f8c      0xacc src/ASF/sam0/utils/stdio/write.o
 .debug_info    0x00034a58     0x4947 src/ASF/sam0/drivers/sercom/usart/usart.o
 .debug_info    0x0003939f      0xb07 src/ASF/common/utils/interrupt/interrupt_sam_nvic.o
 .debug_info    0x00039ea6     0x12ad src/ASF/sam0/boards/samd21_xplained_pro/board_init.o
 .debug_info    0x0003b153     0x12b6 src/ASF/sam0/drivers/port/port.o
 .debug_info    0x0003c409     0x37bf src/ASF/sam0/drivers/system/clock/clock_samd21_r21_da_ha1/clock.o
 .debug_info    0x0003fbc8     0x1ed1 src/ASF/sam0/drivers/system/clock/clock_samd21_r21_da_ha1/gclk.o
 .debug_info    0x00041a99     0x13f5 src/ASF/sam0/drivers/system/pinmux/pinmux.o
 .debug_info    0x00042e8e      0xa73 src/ASF/sam0/drivers/system/system.o
 .debug_info    0x00043901     0x3a49 src/ASF/sam0/utils/cmsis/samd21/source/gcc/startup_samd21.o
 .debug_info    0x0004734a      0xd98 src/ASF/sam0/utils/syscalls/gcc/syscalls.o
 .debug_info    0x000480e2     0x3834 src/qs_adc_basic.o

.debug_abbrev   0x00000000     0x620b
 .debug_abbrev  0x00000000      0x3f5 src/ASF/common2/components/display/ssd1306/ssd1306.o
 .debug_abbrev  0x000003f5      0x306 src/ASF/common2/services/gfx_mono/gfx_mono_framebuffer.o
 .debug_abbrev  0x000006fb      0x3cd src/ASF/common2/services/gfx_mono/gfx_mono_ug_2832hsweg04.o
 .debug_abbrev  0x00000ac8      0x3ec src/ASF/sam0/components/sensor/at30tse75x/at30tse75x.o
 .debug_abbrev  0x00000eb4      0x491 src/ASF/sam0/drivers/nvm/nvm.o
 .debug_abbrev  0x00001345      0x4fb src/ASF/sam0/drivers/sercom/i2c/i2c_sam0/i2c_master.o
 .debug_abbrev  0x00001840      0x427 src/ASF/sam0/drivers/sercom/i2c/i2c_sam0/i2c_master_interrupt.o
 .debug_abbrev  0x00001c67      0x2d8 src/ASF/sam0/drivers/sercom/sercom_interrupt.o
 .debug_abbrev  0x00001f3f      0x51f src/ASF/sam0/drivers/sercom/spi/spi.o
 .debug_abbrev  0x0000245e      0x3ee src/ASF/sam0/drivers/sercom/spi/spi_interrupt.o
 .debug_abbrev  0x0000284c      0x319 src/ASF/common2/services/gfx_mono/gfx_mono_generic.o
 .debug_abbrev  0x00002b65      0x24b src/ASF/common2/services/delay/sam0/systick_counter.o
 .debug_abbrev  0x00002db0      0x379 src/ASF/common2/services/gfx_mono/gfx_mono_text.o
 .debug_abbrev  0x00003129      0x238 src/ASF/common2/services/gfx_mono/sysfont.o
 .debug_abbrev  0x00003361      0x378 src/ASF/sam0/drivers/sercom/sercom.o
 .debug_abbrev  0x000036d9      0x4a1 src/ASF/sam0/services/eeprom/emulator/main_array/eeprom.o
 .debug_abbrev  0x00003b7a      0x218 src/ASF/sam0/utils/stdio/read.o
 .debug_abbrev  0x00003d92      0x203 src/ASF/sam0/utils/stdio/write.o
 .debug_abbrev  0x00003f95      0x46c src/ASF/sam0/drivers/sercom/usart/usart.o
 .debug_abbrev  0x00004401      0x22c src/ASF/common/utils/interrupt/interrupt_sam_nvic.o
 .debug_abbrev  0x0000462d      0x2dc src/ASF/sam0/boards/samd21_xplained_pro/board_init.o
 .debug_abbrev  0x00004909      0x298 src/ASF/sam0/drivers/port/port.o
 .debug_abbrev  0x00004ba1      0x465 src/ASF/sam0/drivers/system/clock/clock_samd21_r21_da_ha1/clock.o
 .debug_abbrev  0x00005006      0x3f1 src/ASF/sam0/drivers/system/clock/clock_samd21_r21_da_ha1/gclk.o
 .debug_abbrev  0x000053f7      0x37b src/ASF/sam0/drivers/system/pinmux/pinmux.o
 .debug_abbrev  0x00005772      0x1e1 src/ASF/sam0/drivers/system/system.o
 .debug_abbrev  0x00005953      0x234 src/ASF/sam0/utils/cmsis/samd21/source/gcc/startup_samd21.o
 .debug_abbrev  0x00005b87      0x257 src/ASF/sam0/utils/syscalls/gcc/syscalls.o
 .debug_abbrev  0x00005dde      0x42d src/qs_adc_basic.o

.debug_loc      0x00000000     0xccbb
 .debug_loc     0x00000000      0x417 src/ASF/common2/components/display/ssd1306/ssd1306.o
 .debug_loc     0x00000417      0x539 src/ASF/common2/services/gfx_mono/gfx_mono_framebuffer.o
 .debug_loc     0x00000950      0x760 src/ASF/common2/services/gfx_mono/gfx_mono_ug_2832hsweg04.o
 .debug_loc     0x000010b0      0x5b8 src/ASF/sam0/components/sensor/at30tse75x/at30tse75x.o
 .debug_loc     0x00001668     0x10c4 src/ASF/sam0/drivers/nvm/nvm.o
 .debug_loc     0x0000272c      0xff8 src/ASF/sam0/drivers/sercom/i2c/i2c_sam0/i2c_master.o
 .debug_loc     0x00003724      0x7ec src/ASF/sam0/drivers/sercom/i2c/i2c_sam0/i2c_master_interrupt.o
 .debug_loc     0x00003f10      0x161 src/ASF/sam0/drivers/sercom/sercom_interrupt.o
 .debug_loc     0x00004071     0x2a76 src/ASF/sam0/drivers/sercom/spi/spi.o
 .debug_loc     0x00006ae7      0x6b0 src/ASF/sam0/drivers/sercom/spi/spi_interrupt.o
 .debug_loc     0x00007197      0xd60 src/ASF/common2/services/gfx_mono/gfx_mono_generic.o
 .debug_loc     0x00007ef7       0xe4 src/ASF/common2/services/delay/sam0/systick_counter.o
 .debug_loc     0x00007fdb      0x7ab src/ASF/common2/services/gfx_mono/gfx_mono_text.o
 .debug_loc     0x00008786      0x9d5 src/ASF/sam0/drivers/sercom/sercom.o
 .debug_loc     0x0000915b      0xe3a src/ASF/sam0/services/eeprom/emulator/main_array/eeprom.o
 .debug_loc     0x00009f95       0xca src/ASF/sam0/utils/stdio/read.o
 .debug_loc     0x0000a05f      0x130 src/ASF/sam0/utils/stdio/write.o
 .debug_loc     0x0000a18f      0xdd9 src/ASF/sam0/drivers/sercom/usart/usart.o
 .debug_loc     0x0000af68       0x8b src/ASF/sam0/boards/samd21_xplained_pro/board_init.o
 .debug_loc     0x0000aff3      0x13d src/ASF/sam0/drivers/port/port.o
 .debug_loc     0x0000b130      0xef6 src/ASF/sam0/drivers/system/clock/clock_samd21_r21_da_ha1/clock.o
 .debug_loc     0x0000c026      0x504 src/ASF/sam0/drivers/system/clock/clock_samd21_r21_da_ha1/gclk.o
 .debug_loc     0x0000c52a      0x36d src/ASF/sam0/drivers/system/pinmux/pinmux.o
 .debug_loc     0x0000c897       0x20 src/ASF/sam0/drivers/system/system.o
 .debug_loc     0x0000c8b7       0x40 src/ASF/sam0/utils/cmsis/samd21/source/gcc/startup_samd21.o
 .debug_loc     0x0000c8f7       0xef src/ASF/sam0/utils/syscalls/gcc/syscalls.o
 .debug_loc     0x0000c9e6      0x2d5 src/qs_adc_basic.o

.debug_aranges  0x00000000      0x898
 .debug_aranges
                0x00000000       0x30 src/ASF/common2/components/display/ssd1306/ssd1306.o
 .debug_aranges
                0x00000030       0x58 src/ASF/common2/services/gfx_mono/gfx_mono_framebuffer.o
 .debug_aranges
                0x00000088       0x60 src/ASF/common2/services/gfx_mono/gfx_mono_ug_2832hsweg04.o
 .debug_aranges
                0x000000e8       0x58 src/ASF/sam0/components/sensor/at30tse75x/at30tse75x.o
 .debug_aranges
                0x00000140       0x68 src/ASF/sam0/drivers/nvm/nvm.o
 .debug_aranges
                0x000001a8       0xa0 src/ASF/sam0/drivers/sercom/i2c/i2c_sam0/i2c_master.o
 .debug_aranges
                0x00000248       0x90 src/ASF/sam0/drivers/sercom/i2c/i2c_sam0/i2c_master_interrupt.o
 .debug_aranges
                0x000002d8       0x60 src/ASF/sam0/drivers/sercom/sercom_interrupt.o
 .debug_aranges
                0x00000338       0x58 src/ASF/sam0/drivers/sercom/spi/spi.o
 .debug_aranges
                0x00000390       0x50 src/ASF/sam0/drivers/sercom/spi/spi_interrupt.o
 .debug_aranges
                0x000003e0       0x58 src/ASF/common2/services/gfx_mono/gfx_mono_generic.o
 .debug_aranges
                0x00000438       0x30 src/ASF/common2/services/delay/sam0/systick_counter.o
 .debug_aranges
                0x00000468       0x40 src/ASF/common2/services/gfx_mono/gfx_mono_text.o
 .debug_aranges
                0x000004a8       0x18 src/ASF/common2/services/gfx_mono/sysfont.o
 .debug_aranges
                0x000004c0       0x48 src/ASF/sam0/drivers/sercom/sercom.o
 .debug_aranges
                0x00000508       0x80 src/ASF/sam0/services/eeprom/emulator/main_array/eeprom.o
 .debug_aranges
                0x00000588       0x20 src/ASF/sam0/utils/stdio/read.o
 .debug_aranges
                0x000005a8       0x20 src/ASF/sam0/utils/stdio/write.o
 .debug_aranges
                0x000005c8       0x40 src/ASF/sam0/drivers/sercom/usart/usart.o
 .debug_aranges
                0x00000608       0x28 src/ASF/common/utils/interrupt/interrupt_sam_nvic.o
 .debug_aranges
                0x00000630       0x20 src/ASF/sam0/boards/samd21_xplained_pro/board_init.o
 .debug_aranges
                0x00000650       0x28 src/ASF/sam0/drivers/port/port.o
 .debug_aranges
                0x00000678       0x78 src/ASF/sam0/drivers/system/clock/clock_samd21_r21_da_ha1/clock.o
 .debug_aranges
                0x000006f0       0x80 src/ASF/sam0/drivers/system/clock/clock_samd21_r21_da_ha1/gclk.o
 .debug_aranges
                0x00000770       0x40 src/ASF/sam0/drivers/system/pinmux/pinmux.o
 .debug_aranges
                0x000007b0       0x28 src/ASF/sam0/drivers/system/system.o
 .debug_aranges
                0x000007d8       0x28 src/ASF/sam0/utils/cmsis/samd21/source/gcc/startup_samd21.o
 .debug_aranges
                0x00000800       0x60 src/ASF/sam0/utils/syscalls/gcc/syscalls.o
 .debug_aranges
                0x00000860       0x38 src/qs_adc_basic.o

.debug_ranges   0x00000000      0xfc8
 .debug_ranges  0x00000000       0x50 src/ASF/common2/components/display/ssd1306/ssd1306.o
 .debug_ranges  0x00000050       0x48 src/ASF/common2/services/gfx_mono/gfx_mono_framebuffer.o
 .debug_ranges  0x00000098       0x68 src/ASF/common2/services/gfx_mono/gfx_mono_ug_2832hsweg04.o
 .debug_ranges  0x00000100       0x48 src/ASF/sam0/components/sensor/at30tse75x/at30tse75x.o
 .debug_ranges  0x00000148      0x118 src/ASF/sam0/drivers/nvm/nvm.o
 .debug_ranges  0x00000260       0xa8 src/ASF/sam0/drivers/sercom/i2c/i2c_sam0/i2c_master.o
 .debug_ranges  0x00000308       0x98 src/ASF/sam0/drivers/sercom/i2c/i2c_sam0/i2c_master_interrupt.o
 .debug_ranges  0x000003a0       0x50 src/ASF/sam0/drivers/sercom/sercom_interrupt.o
 .debug_ranges  0x000003f0      0x438 src/ASF/sam0/drivers/sercom/spi/spi.o
 .debug_ranges  0x00000828       0xd0 src/ASF/sam0/drivers/sercom/spi/spi_interrupt.o
 .debug_ranges  0x000008f8       0x48 src/ASF/common2/services/gfx_mono/gfx_mono_generic.o
 .debug_ranges  0x00000940       0x50 src/ASF/common2/services/delay/sam0/systick_counter.o
 .debug_ranges  0x00000990       0x48 src/ASF/common2/services/gfx_mono/gfx_mono_text.o
 .debug_ranges  0x000009d8       0x50 src/ASF/sam0/drivers/sercom/sercom.o
 .debug_ranges  0x00000a28      0x230 src/ASF/sam0/services/eeprom/emulator/main_array/eeprom.o
 .debug_ranges  0x00000c58       0x10 src/ASF/sam0/utils/stdio/read.o
 .debug_ranges  0x00000c68       0x10 src/ASF/sam0/utils/stdio/write.o
 .debug_ranges  0x00000c78      0x148 src/ASF/sam0/drivers/sercom/usart/usart.o
 .debug_ranges  0x00000dc0       0x18 src/ASF/common/utils/interrupt/interrupt_sam_nvic.o
 .debug_ranges  0x00000dd8       0x10 src/ASF/sam0/boards/samd21_xplained_pro/board_init.o
 .debug_ranges  0x00000de8       0x18 src/ASF/sam0/drivers/port/port.o
 .debug_ranges  0x00000e00       0x68 src/ASF/sam0/drivers/system/clock/clock_samd21_r21_da_ha1/clock.o
 .debug_ranges  0x00000e68       0x88 src/ASF/sam0/drivers/system/clock/clock_samd21_r21_da_ha1/gclk.o
 .debug_ranges  0x00000ef0       0x30 src/ASF/sam0/drivers/system/pinmux/pinmux.o
 .debug_ranges  0x00000f20       0x18 src/ASF/sam0/drivers/system/system.o
 .debug_ranges  0x00000f38       0x18 src/ASF/sam0/utils/cmsis/samd21/source/gcc/startup_samd21.o
 .debug_ranges  0x00000f50       0x50 src/ASF/sam0/utils/syscalls/gcc/syscalls.o
 .debug_ranges  0x00000fa0       0x28 src/qs_adc_basic.o

.debug_macro    0x00000000    0x1fbfc
 .debug_macro   0x00000000      0x642 src/ASF/common2/components/display/ssd1306/ssd1306.o
 .debug_macro   0x00000642      0x8d4 src/ASF/common2/components/display/ssd1306/ssd1306.o
 .debug_macro   0x00000f16      0x16d src/ASF/common2/components/display/ssd1306/ssd1306.o
 .debug_macro   0x00001083      0x64b src/ASF/common2/components/display/ssd1306/ssd1306.o
 .debug_macro   0x000016ce       0x22 src/ASF/common2/components/display/ssd1306/ssd1306.o
 .debug_macro   0x000016f0       0x87 src/ASF/common2/components/display/ssd1306/ssd1306.o
 .debug_macro   0x00001777       0x51 src/ASF/common2/components/display/ssd1306/ssd1306.o
 .debug_macro   0x000017c8       0xef src/ASF/common2/components/display/ssd1306/ssd1306.o
 .debug_macro   0x000018b7       0x6a src/ASF/common2/components/display/ssd1306/ssd1306.o
 .debug_macro   0x00001921      0x1df src/ASF/common2/components/display/ssd1306/ssd1306.o
 .debug_macro   0x00001b00       0x10 src/ASF/common2/components/display/ssd1306/ssd1306.o
 .debug_macro   0x00001b10       0x76 src/ASF/common2/components/display/ssd1306/ssd1306.o
 .debug_macro   0x00001b86       0x16 src/ASF/common2/components/display/ssd1306/ssd1306.o
 .debug_macro   0x00001b9c      0x6e5 src/ASF/common2/components/display/ssd1306/ssd1306.o
 .debug_macro   0x00002281      0xde2 src/ASF/common2/components/display/ssd1306/ssd1306.o
 .debug_macro   0x00003063       0x22 src/ASF/common2/components/display/ssd1306/ssd1306.o
 .debug_macro   0x00003085       0x40 src/ASF/common2/components/display/ssd1306/ssd1306.o
 .debug_macro   0x000030c5       0x3a src/ASF/common2/components/display/ssd1306/ssd1306.o
 .debug_macro   0x000030ff       0x1f src/ASF/common2/components/display/ssd1306/ssd1306.o
 .debug_macro   0x0000311e      0x250 src/ASF/common2/components/display/ssd1306/ssd1306.o
 .debug_macro   0x0000336e      0x682 src/ASF/common2/components/display/ssd1306/ssd1306.o
 .debug_macro   0x000039f0      0x8bf src/ASF/common2/components/display/ssd1306/ssd1306.o
 .debug_macro   0x000042af      0x235 src/ASF/common2/components/display/ssd1306/ssd1306.o
 .debug_macro   0x000044e4      0xd6a src/ASF/common2/components/display/ssd1306/ssd1306.o
 .debug_macro   0x0000524e      0x4ce src/ASF/common2/components/display/ssd1306/ssd1306.o
 .debug_macro   0x0000571c      0x9f8 src/ASF/common2/components/display/ssd1306/ssd1306.o
 .debug_macro   0x00006114      0x82b src/ASF/common2/components/display/ssd1306/ssd1306.o
 .debug_macro   0x0000693f      0x45f src/ASF/common2/components/display/ssd1306/ssd1306.o
 .debug_macro   0x00006d9e       0x5e src/ASF/common2/components/display/ssd1306/ssd1306.o
 .debug_macro   0x00006dfc      0x906 src/ASF/common2/components/display/ssd1306/ssd1306.o
 .debug_macro   0x00007702      0x225 src/ASF/common2/components/display/ssd1306/ssd1306.o
 .debug_macro   0x00007927      0x963 src/ASF/common2/components/display/ssd1306/ssd1306.o
 .debug_macro   0x0000828a       0x5e src/ASF/common2/components/display/ssd1306/ssd1306.o
 .debug_macro   0x000082e8      0x671 src/ASF/common2/components/display/ssd1306/ssd1306.o
 .debug_macro   0x00008959      0x3af src/ASF/common2/components/display/ssd1306/ssd1306.o
 .debug_macro   0x00008d08      0xc7f src/ASF/common2/components/display/ssd1306/ssd1306.o
 .debug_macro   0x00009987     0x1092 src/ASF/common2/components/display/ssd1306/ssd1306.o
 .debug_macro   0x0000aa19      0xc4a src/ASF/common2/components/display/ssd1306/ssd1306.o
 .debug_macro   0x0000b663      0x6bf src/ASF/common2/components/display/ssd1306/ssd1306.o
 .debug_macro   0x0000bd22     0x1bc9 src/ASF/common2/components/display/ssd1306/ssd1306.o
 .debug_macro   0x0000d8eb     0x144a src/ASF/common2/components/display/ssd1306/ssd1306.o
 .debug_macro   0x0000ed35      0x34e src/ASF/common2/components/display/ssd1306/ssd1306.o
 .debug_macro   0x0000f083       0x7c src/ASF/common2/components/display/ssd1306/ssd1306.o
 .debug_macro   0x0000f0ff       0xa0 src/ASF/common2/components/display/ssd1306/ssd1306.o
 .debug_macro   0x0000f19f       0x4c src/ASF/common2/components/display/ssd1306/ssd1306.o
 .debug_macro   0x0000f1eb       0xca src/ASF/common2/components/display/ssd1306/ssd1306.o
 .debug_macro   0x0000f2b5       0x94 src/ASF/common2/components/display/ssd1306/ssd1306.o
 .debug_macro   0x0000f349       0x58 src/ASF/common2/components/display/ssd1306/ssd1306.o
 .debug_macro   0x0000f3a1      0x387 src/ASF/common2/components/display/ssd1306/ssd1306.o
 .debug_macro   0x0000f728       0x82 src/ASF/common2/components/display/ssd1306/ssd1306.o
 .debug_macro   0x0000f7aa      0x197 src/ASF/common2/components/display/ssd1306/ssd1306.o
 .debug_macro   0x0000f941       0xb8 src/ASF/common2/components/display/ssd1306/ssd1306.o
 .debug_macro   0x0000f9f9       0xa0 src/ASF/common2/components/display/ssd1306/ssd1306.o
 .debug_macro   0x0000fa99       0xb8 src/ASF/common2/components/display/ssd1306/ssd1306.o
 .debug_macro   0x0000fb51       0x1c src/ASF/common2/components/display/ssd1306/ssd1306.o
 .debug_macro   0x0000fb6d       0x1c src/ASF/common2/components/display/ssd1306/ssd1306.o
 .debug_macro   0x0000fb89       0x1c src/ASF/common2/components/display/ssd1306/ssd1306.o
 .debug_macro   0x0000fba5       0x82 src/ASF/common2/components/display/ssd1306/ssd1306.o
 .debug_macro   0x0000fc27      0x161 src/ASF/common2/components/display/ssd1306/ssd1306.o
 .debug_macro   0x0000fd88       0xdc src/ASF/common2/components/display/ssd1306/ssd1306.o
 .debug_macro   0x0000fe64      0x12f src/ASF/common2/components/display/ssd1306/ssd1306.o
 .debug_macro   0x0000ff93      0x12f src/ASF/common2/components/display/ssd1306/ssd1306.o
 .debug_macro   0x000100c2      0x12f src/ASF/common2/components/display/ssd1306/ssd1306.o
 .debug_macro   0x000101f1      0x12f src/ASF/common2/components/display/ssd1306/ssd1306.o
 .debug_macro   0x00010320      0x12f src/ASF/common2/components/display/ssd1306/ssd1306.o
 .debug_macro   0x0001044f      0x12f src/ASF/common2/components/display/ssd1306/ssd1306.o
 .debug_macro   0x0001057e      0x124 src/ASF/common2/components/display/ssd1306/ssd1306.o
 .debug_macro   0x000106a2       0xe2 src/ASF/common2/components/display/ssd1306/ssd1306.o
 .debug_macro   0x00010784       0xe2 src/ASF/common2/components/display/ssd1306/ssd1306.o
 .debug_macro   0x00010866       0xe2 src/ASF/common2/components/display/ssd1306/ssd1306.o
 .debug_macro   0x00010948       0xe2 src/ASF/common2/components/display/ssd1306/ssd1306.o
 .debug_macro   0x00010a2a       0xe2 src/ASF/common2/components/display/ssd1306/ssd1306.o
 .debug_macro   0x00010b0c      0x133 src/ASF/common2/components/display/ssd1306/ssd1306.o
 .debug_macro   0x00010c3f      0x106 src/ASF/common2/components/display/ssd1306/ssd1306.o
 .debug_macro   0x00010d45       0xfa src/ASF/common2/components/display/ssd1306/ssd1306.o
 .debug_macro   0x00010e3f      0x40f src/ASF/common2/components/display/ssd1306/ssd1306.o
 .debug_macro   0x0001124e       0x40 src/ASF/common2/components/display/ssd1306/ssd1306.o
 .debug_macro   0x0001128e      0x37d src/ASF/common2/components/display/ssd1306/ssd1306.o
 .debug_macro   0x0001160b     0x1e5c src/ASF/common2/components/display/ssd1306/ssd1306.o
 .debug_macro   0x00013467       0x6d src/ASF/common2/components/display/ssd1306/ssd1306.o
 .debug_macro   0x000134d4       0x58 src/ASF/common2/components/display/ssd1306/ssd1306.o
 .debug_macro   0x0001352c       0x35 src/ASF/common2/components/display/ssd1306/ssd1306.o
 .debug_macro   0x00013561       0x9c src/ASF/common2/components/display/ssd1306/ssd1306.o
 .debug_macro   0x000135fd       0x16 src/ASF/common2/components/display/ssd1306/ssd1306.o
 .debug_macro   0x00013613       0x35 src/ASF/common2/components/display/ssd1306/ssd1306.o
 .debug_macro   0x00013648      0x353 src/ASF/common2/components/display/ssd1306/ssd1306.o
 .debug_macro   0x0001399b       0x10 src/ASF/common2/components/display/ssd1306/ssd1306.o
 .debug_macro   0x000139ab       0x58 src/ASF/common2/components/display/ssd1306/ssd1306.o
 .debug_macro   0x00013a03       0x1f src/ASF/common2/components/display/ssd1306/ssd1306.o
 .debug_macro   0x00013a22       0x43 src/ASF/common2/components/display/ssd1306/ssd1306.o
 .debug_macro   0x00013a65       0x20 src/ASF/common2/components/display/ssd1306/ssd1306.o
 .debug_macro   0x00013a85      0x187 src/ASF/common2/components/display/ssd1306/ssd1306.o
 .debug_macro   0x00013c0c       0x10 src/ASF/common2/components/display/ssd1306/ssd1306.o
 .debug_macro   0x00013c1c       0x1c src/ASF/common2/components/display/ssd1306/ssd1306.o
 .debug_macro   0x00013c38       0x52 src/ASF/common2/components/display/ssd1306/ssd1306.o
 .debug_macro   0x00013c8a       0x40 src/ASF/common2/components/display/ssd1306/ssd1306.o
 .debug_macro   0x00013cca       0x10 src/ASF/common2/components/display/ssd1306/ssd1306.o
 .debug_macro   0x00013cda       0x40 src/ASF/common2/components/display/ssd1306/ssd1306.o
 .debug_macro   0x00013d1a       0xd7 src/ASF/common2/components/display/ssd1306/ssd1306.o
 .debug_macro   0x00013df1       0x16 src/ASF/common2/components/display/ssd1306/ssd1306.o
 .debug_macro   0x00013e07      0x18b src/ASF/common2/components/display/ssd1306/ssd1306.o
 .debug_macro   0x00013f92       0x16 src/ASF/common2/components/display/ssd1306/ssd1306.o
 .debug_macro   0x00013fa8       0x16 src/ASF/common2/components/display/ssd1306/ssd1306.o
 .debug_macro   0x00013fbe       0x29 src/ASF/common2/components/display/ssd1306/ssd1306.o
 .debug_macro   0x00013fe7       0x51 src/ASF/common2/components/display/ssd1306/ssd1306.o
 .debug_macro   0x00014038       0x3f src/ASF/common2/components/display/ssd1306/ssd1306.o
 .debug_macro   0x00014077      0x3df src/ASF/common2/components/display/ssd1306/ssd1306.o
 .debug_macro   0x00014456       0x18 src/ASF/common2/components/display/ssd1306/ssd1306.o
 .debug_macro   0x0001446e       0x12 src/ASF/common2/components/display/ssd1306/ssd1306.o
 .debug_macro   0x00014480       0x11 src/ASF/common2/components/display/ssd1306/ssd1306.o
 .debug_macro   0x00014491       0x16 src/ASF/common2/components/display/ssd1306/ssd1306.o
 .debug_macro   0x000144a7       0x2e src/ASF/common2/components/display/ssd1306/ssd1306.o
 .debug_macro   0x000144d5       0xb2 src/ASF/common2/components/display/ssd1306/ssd1306.o
 .debug_macro   0x00014587       0x10 src/ASF/common2/components/display/ssd1306/ssd1306.o
 .debug_macro   0x00014597       0x16 src/ASF/common2/components/display/ssd1306/ssd1306.o
 .debug_macro   0x000145ad       0x16 src/ASF/common2/components/display/ssd1306/ssd1306.o
 .debug_macro   0x000145c3       0x35 src/ASF/common2/components/display/ssd1306/ssd1306.o
 .debug_macro   0x000145f8       0x1c src/ASF/common2/components/display/ssd1306/ssd1306.o
 .debug_macro   0x00014614       0x16 src/ASF/common2/components/display/ssd1306/ssd1306.o
 .debug_macro   0x0001462a      0x2c6 src/ASF/common2/components/display/ssd1306/ssd1306.o
 .debug_macro   0x000148f0      0x9f7 src/ASF/common2/components/display/ssd1306/ssd1306.o
 .debug_macro   0x000152e7       0x52 src/ASF/common2/components/display/ssd1306/ssd1306.o
 .debug_macro   0x00015339       0xd3 src/ASF/common2/components/display/ssd1306/ssd1306.o
 .debug_macro   0x0001540c      0x680 src/ASF/common2/services/gfx_mono/gfx_mono_framebuffer.o
 .debug_macro   0x00015a8c       0x16 src/ASF/common2/services/gfx_mono/gfx_mono_framebuffer.o
 .debug_macro   0x00015aa2       0x22 src/ASF/common2/services/gfx_mono/gfx_mono_framebuffer.o
 .debug_macro   0x00015ac4       0x8b src/ASF/common2/services/gfx_mono/gfx_mono_framebuffer.o
 .debug_macro   0x00015b4f       0x7b src/ASF/common2/services/gfx_mono/gfx_mono_framebuffer.o
 .debug_macro   0x00015bca      0x680 src/ASF/common2/services/gfx_mono/gfx_mono_ug_2832hsweg04.o
 .debug_macro   0x0001624a       0x28 src/ASF/common2/services/gfx_mono/gfx_mono_ug_2832hsweg04.o
 .debug_macro   0x00016272      0x5fa src/ASF/sam0/components/sensor/at30tse75x/at30tse75x.o
 .debug_macro   0x0001686c       0x27 src/ASF/sam0/components/sensor/at30tse75x/at30tse75x.o
 .debug_macro   0x00016893       0x16 src/ASF/sam0/components/sensor/at30tse75x/at30tse75x.o
 .debug_macro   0x000168a9       0xe2 src/ASF/sam0/components/sensor/at30tse75x/at30tse75x.o
 .debug_macro   0x0001698b      0x5ad src/ASF/sam0/drivers/nvm/nvm.o
 .debug_macro   0x00016f38      0x5c1 src/ASF/sam0/drivers/sercom/i2c/i2c_sam0/i2c_master.o
 .debug_macro   0x000174f9      0x5bd src/ASF/sam0/drivers/sercom/i2c/i2c_sam0/i2c_master_interrupt.o
 .debug_macro   0x00017ab6      0x59c src/ASF/sam0/drivers/sercom/sercom_interrupt.o
 .debug_macro   0x00018052      0x5e4 src/ASF/sam0/drivers/sercom/spi/spi.o
 .debug_macro   0x00018636      0x5ef src/ASF/sam0/drivers/sercom/spi/spi_interrupt.o
 .debug_macro   0x00018c25      0x680 src/ASF/common2/services/gfx_mono/gfx_mono_generic.o
 .debug_macro   0x000192a5      0x54d src/ASF/common2/services/delay/sam0/systick_counter.o
 .debug_macro   0x000197f2       0x16 src/ASF/common2/services/delay/sam0/systick_counter.o
 .debug_macro   0x00019808      0x768 src/ASF/common2/services/gfx_mono/gfx_mono_text.o
 .debug_macro   0x00019f70       0x52 src/ASF/common2/services/gfx_mono/gfx_mono_text.o
 .debug_macro   0x00019fc2       0x8d src/ASF/common2/services/gfx_mono/gfx_mono_text.o
 .debug_macro   0x0001a04f       0x16 src/ASF/common2/services/gfx_mono/gfx_mono_text.o
 .debug_macro   0x0001a065       0x57 src/ASF/common2/services/gfx_mono/gfx_mono_text.o
 .debug_macro   0x0001a0bc       0x1c src/ASF/common2/services/gfx_mono/gfx_mono_text.o
 .debug_macro   0x0001a0d8       0x19 src/ASF/common2/services/gfx_mono/gfx_mono_text.o
 .debug_macro   0x0001a0f1       0x2d src/ASF/common2/services/gfx_mono/gfx_mono_text.o
 .debug_macro   0x0001a11e       0x1c src/ASF/common2/services/gfx_mono/gfx_mono_text.o
 .debug_macro   0x0001a13a       0x50 src/ASF/common2/services/gfx_mono/gfx_mono_text.o
 .debug_macro   0x0001a18a       0x3a src/ASF/common2/services/gfx_mono/gfx_mono_text.o
 .debug_macro   0x0001a1c4       0x11 src/ASF/common2/services/gfx_mono/gfx_mono_text.o
 .debug_macro   0x0001a1d5       0x49 src/ASF/common2/services/gfx_mono/gfx_mono_text.o
 .debug_macro   0x0001a21e      0x6a4 src/ASF/common2/services/gfx_mono/sysfont.o
 .debug_macro   0x0001a8c2      0x59f src/ASF/sam0/drivers/sercom/sercom.o
 .debug_macro   0x0001ae61      0x558 src/ASF/sam0/services/eeprom/emulator/main_array/eeprom.o
 .debug_macro   0x0001b3b9       0x4a src/ASF/sam0/services/eeprom/emulator/main_array/eeprom.o
 .debug_macro   0x0001b403      0x512 src/ASF/sam0/utils/stdio/read.o